Using profile slurm for setting default command line arguments.
Building DAG of jobs...
Using shell: /usr/bin/bash
Provided cluster nodes: 10
Provided resources: disk_mb=500000
Job stats:
job                              count
-----------------------------  -------
all                                  1
bam_to_bw                            8
bam_to_macs2                         6
processed_fastq_to_sorted_bam        8
raw_fastq_to_processed_fastq         8
total                               31

Select jobs to execute...

[Fri Feb 13 12:47:45 2026]
Job 294: Processing FASTQ
Reason: Missing output files: /n/projects/mw2098/publications/2024_weilert_acc/code/1_processing/logs/fastq_counts/Bunina_mesc_rna_day4_1_processed_reads.txt

Submitted job 294 with external jobid 'Submitted batch job 4040446'.

[Fri Feb 13 12:47:45 2026]
Job 385: Running MACS2...
Reason: Missing output files: /n/projects/mw2098/publications/2024_weilert_acc/code/1_processing/peaks/Bunina_mesc_atac_day0_1_peaks.narrowPeak

Submitted job 385 with external jobid 'Submitted batch job 4040447'.

[Fri Feb 13 12:47:45 2026]
Job 303: Processing FASTQ
Reason: Missing output files: /n/projects/mw2098/publications/2024_weilert_acc/code/1_processing/logs/fastq_counts/Bunina_mesc_rna_day8_2_processed_reads.txt

Submitted job 303 with external jobid 'Submitted batch job 4040448'.

[Fri Feb 13 12:47:45 2026]
Job 291: Processing FASTQ
Reason: Missing output files: /n/projects/mw2098/publications/2024_weilert_acc/code/1_processing/logs/fastq_counts/Bunina_mesc_rna_day0_2_processed_reads.txt

Submitted job 291 with external jobid 'Submitted batch job 4040449'.

[Fri Feb 13 12:47:45 2026]
Job 300: Processing FASTQ
Reason: Missing output files: /n/projects/mw2098/publications/2024_weilert_acc/code/1_processing/logs/fastq_counts/Bunina_mesc_rna_day8_1_processed_reads.txt

Submitted job 300 with external jobid 'Submitted batch job 4040450'.

[Fri Feb 13 12:47:45 2026]
Job 309: Processing FASTQ
Reason: Missing output files: /n/projects/mw2098/publications/2024_weilert_acc/code/1_processing/logs/fastq_counts/Bunina_mesc_rna_day12_2_processed_reads.txt

Submitted job 309 with external jobid 'Submitted batch job 4040451'.

[Fri Feb 13 12:47:45 2026]
Job 288: Processing FASTQ
Reason: Missing output files: /n/projects/mw2098/publications/2024_weilert_acc/code/1_processing/logs/fastq_counts/Bunina_mesc_rna_day0_1_processed_reads.txt

Submitted job 288 with external jobid 'Submitted batch job 4040452'.

[Fri Feb 13 12:47:45 2026]
Job 297: Processing FASTQ
Reason: Missing output files: /n/projects/mw2098/publications/2024_weilert_acc/code/1_processing/logs/fastq_counts/Bunina_mesc_rna_day4_2_processed_reads.txt

Submitted job 297 with external jobid 'Submitted batch job 4040453'.

[Fri Feb 13 12:47:45 2026]
Job 306: Processing FASTQ
Reason: Missing output files: /n/projects/mw2098/publications/2024_weilert_acc/code/1_processing/logs/fastq_counts/Bunina_mesc_rna_day12_1_processed_reads.txt

Submitted job 306 with external jobid 'Submitted batch job 4040454'.

[Fri Feb 13 12:47:45 2026]
Job 386: Running MACS2...
Reason: Missing output files: /n/projects/mw2098/publications/2024_weilert_acc/code/1_processing/peaks/Bunina_mesc_atac_day0_2_peaks.narrowPeak

Submitted job 386 with external jobid 'Submitted batch job 4040455'.
[Fri Feb 13 12:51:25 2026]
Finished job 385.
1 of 31 steps (3%) done
Select jobs to execute...

[Fri Feb 13 12:51:25 2026]
Job 389: Running MACS2...
Reason: Updated input files: /n/projects/mw2098/publications/2024_weilert_acc/code/1_processing/bam/Bunina_mesc_atac_day8_1.bam

Submitted job 389 with external jobid 'Submitted batch job 4040511'.
[Fri Feb 13 12:51:25 2026]
Finished job 303.
2 of 31 steps (6%) done
[Fri Feb 13 12:51:25 2026]
Finished job 291.
3 of 31 steps (10%) done
[Fri Feb 13 12:51:25 2026]
Finished job 300.
4 of 31 steps (13%) done
[Fri Feb 13 12:51:25 2026]
Finished job 309.
5 of 31 steps (16%) done
[Fri Feb 13 12:51:25 2026]
Finished job 288.
6 of 31 steps (19%) done
[Fri Feb 13 12:51:25 2026]
Finished job 306.
7 of 31 steps (23%) done
[Fri Feb 13 12:51:25 2026]
Finished job 386.
8 of 31 steps (26%) done
Select jobs to execute...

[Fri Feb 13 12:51:25 2026]
Job 302: Aligning FASTQ to BAM
Reason: Missing output files: /n/projects/mw2098/publications/2024_weilert_acc/code/1_processing/bam/Bunina_mesc_rna_day8_2.bam; Input files updated by another job: /n/projects/mw2098/publications/2024_weilert_acc/code/1_processing/logs/fastq_counts/Bunina_mesc_rna_day8_2_processed_reads.txt

Submitted job 302 with external jobid 'Submitted batch job 4040512'.

[Fri Feb 13 12:51:25 2026]
Job 392: Running MACS2...
Reason: Updated input files: /n/projects/mw2098/publications/2024_weilert_acc/code/1_processing/bam/Bunina_mesc_atac_day12_2.bam

Submitted job 392 with external jobid 'Submitted batch job 4040513'.

[Fri Feb 13 12:51:25 2026]
Job 290: Aligning FASTQ to BAM
Reason: Missing output files: /n/projects/mw2098/publications/2024_weilert_acc/code/1_processing/bam/Bunina_mesc_rna_day0_2.bam; Input files updated by another job: /n/projects/mw2098/publications/2024_weilert_acc/code/1_processing/logs/fastq_counts/Bunina_mesc_rna_day0_2_processed_reads.txt

Submitted job 290 with external jobid 'Submitted batch job 4040514'.

[Fri Feb 13 12:51:25 2026]
Job 299: Aligning FASTQ to BAM
Reason: Missing output files: /n/projects/mw2098/publications/2024_weilert_acc/code/1_processing/bam/Bunina_mesc_rna_day8_1.bam; Input files updated by another job: /n/projects/mw2098/publications/2024_weilert_acc/code/1_processing/logs/fastq_counts/Bunina_mesc_rna_day8_1_processed_reads.txt

Submitted job 299 with external jobid 'Submitted batch job 4040515'.

[Fri Feb 13 12:51:25 2026]
Job 308: Aligning FASTQ to BAM
Reason: Missing output files: /n/projects/mw2098/publications/2024_weilert_acc/code/1_processing/bam/Bunina_mesc_rna_day12_2.bam; Input files updated by another job: /n/projects/mw2098/publications/2024_weilert_acc/code/1_processing/logs/fastq_counts/Bunina_mesc_rna_day12_2_processed_reads.txt

Submitted job 308 with external jobid 'Submitted batch job 4040516'.

[Fri Feb 13 12:51:25 2026]
Job 287: Aligning FASTQ to BAM
Reason: Missing output files: /n/projects/mw2098/publications/2024_weilert_acc/code/1_processing/bam/Bunina_mesc_rna_day0_1.bam; Input files updated by another job: /n/projects/mw2098/publications/2024_weilert_acc/code/1_processing/logs/fastq_counts/Bunina_mesc_rna_day0_1_processed_reads.txt

Submitted job 287 with external jobid 'Submitted batch job 4040517'.

[Fri Feb 13 12:51:25 2026]
Job 305: Aligning FASTQ to BAM
Reason: Missing output files: /n/projects/mw2098/publications/2024_weilert_acc/code/1_processing/bam/Bunina_mesc_rna_day12_1.bam; Input files updated by another job: /n/projects/mw2098/publications/2024_weilert_acc/code/1_processing/logs/fastq_counts/Bunina_mesc_rna_day12_1_processed_reads.txt

Submitted job 305 with external jobid 'Submitted batch job 4040518'.
Select jobs to execute...
[Fri Feb 13 12:51:35 2026]
Finished job 294.
9 of 31 steps (29%) done

[Fri Feb 13 12:51:35 2026]
Job 293: Aligning FASTQ to BAM
Reason: Missing output files: /n/projects/mw2098/publications/2024_weilert_acc/code/1_processing/bam/Bunina_mesc_rna_day4_1.bam; Input files updated by another job: /n/projects/mw2098/publications/2024_weilert_acc/code/1_processing/logs/fastq_counts/Bunina_mesc_rna_day4_1_processed_reads.txt

Submitted job 293 with external jobid 'Submitted batch job 4040519'.
[Fri Feb 13 12:52:15 2026]
Finished job 297.
10 of 31 steps (32%) done
Select jobs to execute...

[Fri Feb 13 12:52:15 2026]
Job 296: Aligning FASTQ to BAM
Reason: Missing output files: /n/projects/mw2098/publications/2024_weilert_acc/code/1_processing/bam/Bunina_mesc_rna_day4_2.bam; Input files updated by another job: /n/projects/mw2098/publications/2024_weilert_acc/code/1_processing/logs/fastq_counts/Bunina_mesc_rna_day4_2_processed_reads.txt

Submitted job 296 with external jobid 'Submitted batch job 4040521'.
[Fri Feb 13 12:54:55 2026]
Finished job 389.
11 of 31 steps (35%) done
Select jobs to execute...

[Fri Feb 13 12:54:55 2026]
Job 391: Running MACS2...
Reason: Updated input files: /n/projects/mw2098/publications/2024_weilert_acc/code/1_processing/bam/Bunina_mesc_atac_day12_1.bam

Submitted job 391 with external jobid 'Submitted batch job 4040528'.
[Fri Feb 13 12:54:55 2026]
Finished job 392.
12 of 31 steps (39%) done
Select jobs to execute...

[Fri Feb 13 12:54:55 2026]
Job 388: Running MACS2...
Reason: Updated input files: /n/projects/mw2098/publications/2024_weilert_acc/code/1_processing/bam/Bunina_mesc_atac_day4_2.bam

Submitted job 388 with external jobid 'Submitted batch job 4040529'.
[Fri Feb 13 12:57:36 2026]
Finished job 391.
13 of 31 steps (42%) done
[Fri Feb 13 12:57:36 2026]
Finished job 388.
14 of 31 steps (45%) done
[Fri Feb 13 13:01:06 2026]
Finished job 302.
15 of 31 steps (48%) done
Select jobs to execute...

[Fri Feb 13 13:01:06 2026]
Job 301: Computing coverage of .bam file...
Reason: Missing output files: /n/projects/mw2098/publications/2024_weilert_acc/code/1_processing/bw/Bunina_mesc_rna_day8_2.bw; Input files updated by another job: /n/projects/mw2098/publications/2024_weilert_acc/code/1_processing/bam/Bunina_mesc_rna_day8_2.bam

Submitted job 301 with external jobid 'Submitted batch job 4040537'.
[Fri Feb 13 13:01:06 2026]
Finished job 299.
16 of 31 steps (52%) done
[Fri Feb 13 13:01:06 2026]
Finished job 305.
17 of 31 steps (55%) done
Select jobs to execute...

[Fri Feb 13 13:01:06 2026]
Job 298: Computing coverage of .bam file...
Reason: Missing output files: /n/projects/mw2098/publications/2024_weilert_acc/code/1_processing/bw/Bunina_mesc_rna_day8_1.bw; Input files updated by another job: /n/projects/mw2098/publications/2024_weilert_acc/code/1_processing/bam/Bunina_mesc_rna_day8_1.bam

Submitted job 298 with external jobid 'Submitted batch job 4040538'.

[Fri Feb 13 13:01:06 2026]
Job 304: Computing coverage of .bam file...
Reason: Missing output files: /n/projects/mw2098/publications/2024_weilert_acc/code/1_processing/bw/Bunina_mesc_rna_day12_1.bw; Input files updated by another job: /n/projects/mw2098/publications/2024_weilert_acc/code/1_processing/bam/Bunina_mesc_rna_day12_1.bam

Submitted job 304 with external jobid 'Submitted batch job 4040539'.
[Fri Feb 13 13:02:46 2026]
Finished job 290.
18 of 31 steps (58%) done
Select jobs to execute...

[Fri Feb 13 13:02:46 2026]
Job 289: Computing coverage of .bam file...
Reason: Missing output files: /n/projects/mw2098/publications/2024_weilert_acc/code/1_processing/bw/Bunina_mesc_rna_day0_2.bw; Input files updated by another job: /n/projects/mw2098/publications/2024_weilert_acc/code/1_processing/bam/Bunina_mesc_rna_day0_2.bam

Submitted job 289 with external jobid 'Submitted batch job 4040542'.
[Fri Feb 13 13:02:46 2026]
Finished job 308.
19 of 31 steps (61%) done
[Fri Feb 13 13:02:46 2026]
Finished job 287.
20 of 31 steps (65%) done
[Fri Feb 13 13:02:46 2026]
Finished job 293.
21 of 31 steps (68%) done
Select jobs to execute...

[Fri Feb 13 13:02:46 2026]
Job 286: Computing coverage of .bam file...
Reason: Missing output files: /n/projects/mw2098/publications/2024_weilert_acc/code/1_processing/bw/Bunina_mesc_rna_day0_1.bw; Input files updated by another job: /n/projects/mw2098/publications/2024_weilert_acc/code/1_processing/bam/Bunina_mesc_rna_day0_1.bam

Submitted job 286 with external jobid 'Submitted batch job 4040543'.

[Fri Feb 13 13:02:46 2026]
Job 307: Computing coverage of .bam file...
Reason: Missing output files: /n/projects/mw2098/publications/2024_weilert_acc/code/1_processing/bw/Bunina_mesc_rna_day12_2.bw; Input files updated by another job: /n/projects/mw2098/publications/2024_weilert_acc/code/1_processing/bam/Bunina_mesc_rna_day12_2.bam

Submitted job 307 with external jobid 'Submitted batch job 4040544'.

[Fri Feb 13 13:02:46 2026]
Job 292: Computing coverage of .bam file...
Reason: Missing output files: /n/projects/mw2098/publications/2024_weilert_acc/code/1_processing/bw/Bunina_mesc_rna_day4_1.bw; Input files updated by another job: /n/projects/mw2098/publications/2024_weilert_acc/code/1_processing/bam/Bunina_mesc_rna_day4_1.bam

Submitted job 292 with external jobid 'Submitted batch job 4040545'.
[Fri Feb 13 13:04:26 2026]
Finished job 296.
22 of 31 steps (71%) done
Select jobs to execute...

[Fri Feb 13 13:04:26 2026]
Job 295: Computing coverage of .bam file...
Reason: Missing output files: /n/projects/mw2098/publications/2024_weilert_acc/code/1_processing/bw/Bunina_mesc_rna_day4_2.bw; Input files updated by another job: /n/projects/mw2098/publications/2024_weilert_acc/code/1_processing/bam/Bunina_mesc_rna_day4_2.bam

Submitted job 295 with external jobid 'Submitted batch job 4040548'.
[Fri Feb 13 13:06:06 2026]
Finished job 304.
23 of 31 steps (74%) done
[Fri Feb 13 13:06:36 2026]
Finished job 298.
24 of 31 steps (77%) done
[Fri Feb 13 13:07:06 2026]
Finished job 301.
25 of 31 steps (81%) done
[Fri Feb 13 13:09:37 2026]
Finished job 289.
26 of 31 steps (84%) done
[Fri Feb 13 13:09:37 2026]
Finished job 286.
27 of 31 steps (87%) done
[Fri Feb 13 13:09:37 2026]
Finished job 307.
28 of 31 steps (90%) done
[Fri Feb 13 13:10:07 2026]
Finished job 292.
29 of 31 steps (94%) done
[Fri Feb 13 13:12:37 2026]
Finished job 295.
30 of 31 steps (97%) done
Select jobs to execute...

[Fri Feb 13 13:12:37 2026]
localrule all:
    input: /n/projects/mw2098/publications/2024_weilert_acc/code/1_processing/bw/mesc_ctcf_nexus_2_positive.bw, /n/projects/mw2098/publications/2024_weilert_acc/code/1_processing/bw/mesc_ctcf_nexus_5_positive.bw, /n/projects/mw2098/publications/2024_weilert_acc/code/1_processing/bw/mesc_ctcf_nexus_6_positive.bw, /n/projects/mw2098/publications/2024_weilert_acc/code/1_processing/bw/mesc_esrrb_nexus_1_positive.bw, /n/projects/mw2098/publications/2024_weilert_acc/code/1_processing/bw/mesc_esrrb_nexus_2_positive.bw, /n/projects/mw2098/publications/2024_weilert_acc/code/1_processing/bw/mesc_esrrb_nexus_4_positive.bw, /n/projects/mw2098/publications/2024_weilert_acc/code/1_processing/bw/mesc_esrrb_nexus_5_positive.bw, /n/projects/mw2098/publications/2024_weilert_acc/code/1_processing/bw/mesc_esrrb_nexus_6_positive.bw, /n/projects/mw2098/publications/2024_weilert_acc/code/1_processing/bw/mesc_esrrb_nexus_7_positive.bw, /n/projects/mw2098/publications/2024_weilert_acc/code/1_processing/bw/mesc_esrrb_nexus_8_positive.bw, /n/projects/mw2098/publications/2024_weilert_acc/code/1_processing/bw/mesc_klf4_nexus_1_positive.bw, /n/projects/mw2098/publications/2024_weilert_acc/code/1_processing/bw/mesc_klf4_nexus_2_positive.bw, /n/projects/mw2098/publications/2024_weilert_acc/code/1_processing/bw/mesc_klf4_nexus_3_positive.bw, /n/projects/mw2098/publications/2024_weilert_acc/code/1_processing/bw/mesc_klf4_nexus_4_positive.bw, /n/projects/mw2098/publications/2024_weilert_acc/code/1_processing/bw/mesc_klf4_nexus_5_positive.bw, /n/projects/mw2098/publications/2024_weilert_acc/code/1_processing/bw/mesc_nanog_nexus_1_positive.bw, /n/projects/mw2098/publications/2024_weilert_acc/code/1_processing/bw/mesc_nanog_nexus_2_positive.bw, /n/projects/mw2098/publications/2024_weilert_acc/code/1_processing/bw/mesc_nanog_nexus_3_positive.bw, /n/projects/mw2098/publications/2024_weilert_acc/code/1_processing/bw/mesc_nanog_nexus_4_positive.bw, /n/projects/mw2098/publications/2024_weilert_acc/code/1_processing/bw/mesc_nanog_nexus_5_positive.bw, /n/projects/mw2098/publications/2024_weilert_acc/code/1_processing/bw/mesc_native_atac_1.bw, /n/projects/mw2098/publications/2024_weilert_acc/code/1_processing/bw/mesc_native_atac_2.bw, /n/projects/mw2098/publications/2024_weilert_acc/code/1_processing/bw/mesc_native_atac_3.bw, /n/projects/mw2098/publications/2024_weilert_acc/code/1_processing/bw/mesc_oct4_nexus_1_positive.bw, /n/projects/mw2098/publications/2024_weilert_acc/code/1_processing/bw/mesc_oct4_nexus_2_positive.bw, /n/projects/mw2098/publications/2024_weilert_acc/code/1_processing/bw/mesc_oct4_nexus_3_positive.bw, /n/projects/mw2098/publications/2024_weilert_acc/code/1_processing/bw/mesc_oct4_nexus_4_positive.bw, /n/projects/mw2098/publications/2024_weilert_acc/code/1_processing/bw/mesc_oct4_nexus_5_positive.bw, /n/projects/mw2098/publications/2024_weilert_acc/code/1_processing/bw/mesc_oct4_nexus_6_positive.bw, /n/projects/mw2098/publications/2024_weilert_acc/code/1_processing/bw/mesc_sox2_nexus_1_positive.bw, /n/projects/mw2098/publications/2024_weilert_acc/code/1_processing/bw/mesc_sox2_nexus_2_positive.bw, /n/projects/mw2098/publications/2024_weilert_acc/code/1_processing/bw/mesc_sox2_nexus_4_positive.bw, /n/projects/mw2098/publications/2024_weilert_acc/code/1_processing/bw/mesc_sox2_nexus_6_positive.bw, /n/projects/mw2098/publications/2024_weilert_acc/code/1_processing/bw/mesc_zic3_nexus_1_positive.bw, /n/projects/mw2098/publications/2024_weilert_acc/code/1_processing/bw/mesc_zic3_nexus_2_positive.bw, /n/projects/mw2098/publications/2024_weilert_acc/code/1_processing/bw/GSE174774_mesc_atac_0h_1.bw, /n/projects/mw2098/publications/2024_weilert_acc/code/1_processing/bw/GSE174774_mesc_atac_0h_2.bw, /n/projects/mw2098/publications/2024_weilert_acc/code/1_processing/bw/GSE174774_mesc_atac_3h_1.bw, /n/projects/mw2098/publications/2024_weilert_acc/code/1_processing/bw/GSE174774_mesc_atac_3h_2.bw, /n/projects/mw2098/publications/2024_weilert_acc/code/1_processing/bw/GSE174774_mesc_atac_6h_1.bw, /n/projects/mw2098/publications/2024_weilert_acc/code/1_processing/bw/GSE174774_mesc_atac_6h_2.bw, /n/projects/mw2098/publications/2024_weilert_acc/code/1_processing/bw/GSE174774_mesc_atac_9h_1.bw, /n/projects/mw2098/publications/2024_weilert_acc/code/1_processing/bw/GSE174774_mesc_atac_9h_2.bw, /n/projects/mw2098/publications/2024_weilert_acc/code/1_processing/bw/GSE174774_mesc_atac_12h_1.bw, /n/projects/mw2098/publications/2024_weilert_acc/code/1_processing/bw/GSE174774_mesc_atac_12h_2.bw, /n/projects/mw2098/publications/2024_weilert_acc/code/1_processing/bw/GSE174774_mesc_atac_15h_1.bw, /n/projects/mw2098/publications/2024_weilert_acc/code/1_processing/bw/GSE174774_mesc_atac_15h_2.bw, /n/projects/mw2098/publications/2024_weilert_acc/code/1_processing/bw/GSE174774_mesc_ttseq_0h_1.bw, /n/projects/mw2098/publications/2024_weilert_acc/code/1_processing/bw/GSE174774_mesc_ttseq_0h_2.bw, /n/projects/mw2098/publications/2024_weilert_acc/code/1_processing/bw/GSE174774_mesc_ttseq_3h_1.bw, /n/projects/mw2098/publications/2024_weilert_acc/code/1_processing/bw/GSE174774_mesc_ttseq_3h_2.bw, /n/projects/mw2098/publications/2024_weilert_acc/code/1_processing/bw/GSE174774_mesc_ttseq_6h_1.bw, /n/projects/mw2098/publications/2024_weilert_acc/code/1_processing/bw/GSE174774_mesc_ttseq_6h_2.bw, /n/projects/mw2098/publications/2024_weilert_acc/code/1_processing/bw/GSE174774_mesc_ttseq_9h_1.bw, /n/projects/mw2098/publications/2024_weilert_acc/code/1_processing/bw/GSE174774_mesc_ttseq_9h_2.bw, /n/projects/mw2098/publications/2024_weilert_acc/code/1_processing/bw/GSE174774_mesc_ttseq_12h_1.bw, /n/projects/mw2098/publications/2024_weilert_acc/code/1_processing/bw/GSE174774_mesc_ttseq_12h_2.bw, /n/projects/mw2098/publications/2024_weilert_acc/code/1_processing/bw/GSE174774_mesc_ttseq_15h_1.bw, /n/projects/mw2098/publications/2024_weilert_acc/code/1_processing/bw/GSE174774_mesc_ttseq_15h_2.bw, /n/projects/mw2098/publications/2024_weilert_acc/code/1_processing/bw/mesc_Akr1cl_scenario_context_mut_A_atac_1.bw, /n/projects/mw2098/publications/2024_weilert_acc/code/1_processing/bw/mesc_Akr1cl_scenario_context_mut_A_atac_2.bw, /n/projects/mw2098/publications/2024_weilert_acc/code/1_processing/bw/mesc_Akr1cl_scenario_context_mut_B_atac_1.bw, /n/projects/mw2098/publications/2024_weilert_acc/code/1_processing/bw/mesc_Akr1cl_scenario_context_mut_B_atac_2.bw, /n/projects/mw2098/publications/2024_weilert_acc/code/1_processing/bw/mesc_Btbd11_scenario_WT_coop_WT_atac_1.bw, /n/projects/mw2098/publications/2024_weilert_acc/code/1_processing/bw/mesc_Btbd11_scenario_WT_coop_WT_atac_2.bw, /n/projects/mw2098/publications/2024_weilert_acc/code/1_processing/bw/mesc_Btbd11_scenario_WT_coop_mut_A_atac_1.bw, /n/projects/mw2098/publications/2024_weilert_acc/code/1_processing/bw/mesc_Btbd11_scenario_WT_coop_mut_A_atac_2.bw, /n/projects/mw2098/publications/2024_weilert_acc/code/1_processing/bw/mesc_Btbd11_scenario_WT_coop_mut_B_atac_1.bw, /n/projects/mw2098/publications/2024_weilert_acc/code/1_processing/bw/mesc_Btbd11_scenario_WT_coop_mut_B_atac_2.bw, /n/projects/mw2098/publications/2024_weilert_acc/code/1_processing/bw/mesc_Btbd11_scenario_WT_coop_mut_null_atac_1.bw, /n/projects/mw2098/publications/2024_weilert_acc/code/1_processing/bw/mesc_Btbd11_scenario_WT_coop_mut_null_atac_2.bw, /n/projects/mw2098/publications/2024_weilert_acc/code/1_processing/bw/mesc_R1_sox2_nexus_15_positive.bw, /n/projects/mw2098/publications/2024_weilert_acc/code/1_processing/bw/mesc_R1_sox2_nexus_16_positive.bw, /n/projects/mw2098/publications/2024_weilert_acc/code/1_processing/bw/mesc_Akr1cl_scenario_context_mut_A_sox2_nexus_1_positive.bw, /n/projects/mw2098/publications/2024_weilert_acc/code/1_processing/bw/mesc_Akr1cl_scenario_context_mut_A_sox2_nexus_2_positive.bw, /n/projects/mw2098/publications/2024_weilert_acc/code/1_processing/bw/mesc_Akr1cl_scenario_context_mut_B_sox2_nexus_1_positive.bw, /n/projects/mw2098/publications/2024_weilert_acc/code/1_processing/bw/mesc_R1_klf4_nexus_5_positive.bw, /n/projects/mw2098/publications/2024_weilert_acc/code/1_processing/bw/mesc_R1_klf4_nexus_6_positive.bw, /n/projects/mw2098/publications/2024_weilert_acc/code/1_processing/bw/mesc_Akr1cl_scenario_context_mut_A_klf4_nexus_1_positive.bw, /n/projects/mw2098/publications/2024_weilert_acc/code/1_processing/bw/mesc_Akr1cl_scenario_context_mut_B_klf4_nexus_1_positive.bw, /n/projects/mw2098/publications/2024_weilert_acc/code/1_processing/bw/mesc_Akr1cl_scenario_context_mut_B_klf4_nexus_2_positive.bw, /n/projects/mw2098/publications/2024_weilert_acc/code/1_processing/bw/mesc_Akr1cl_scenario_context_mut_A_sox2_nexus_3_positive.bw, /n/projects/mw2098/publications/2024_weilert_acc/code/1_processing/bw/mesc_Akr1cl_scenario_context_mut_B_sox2_nexus_2_positive.bw, /n/projects/mw2098/publications/2024_weilert_acc/code/1_processing/bw/mesc_Akr1cl_scenario_context_mut_B_sox2_nexus_3_positive.bw, /n/projects/mw2098/publications/2024_weilert_acc/code/1_processing/bw/mesc_Akr1cl_scenario_context_mut_A_klf4_nexus_2_positive.bw, /n/projects/mw2098/publications/2024_weilert_acc/code/1_processing/bw/mesc_Akr1cl_scenario_context_mut_A_klf4_nexus_3_positive.bw, /n/projects/mw2098/publications/2024_weilert_acc/code/1_processing/bw/mesc_Akr1cl_scenario_context_mut_B_klf4_nexus_3_positive.bw, /n/projects/mw2098/publications/2024_weilert_acc/code/1_processing/bw/Bunina_mesc_atac_day0_1.bw, /n/projects/mw2098/publications/2024_weilert_acc/code/1_processing/bw/Bunina_mesc_atac_day0_2.bw, /n/projects/mw2098/publications/2024_weilert_acc/code/1_processing/bw/Bunina_mesc_atac_day4_1.bw, /n/projects/mw2098/publications/2024_weilert_acc/code/1_processing/bw/Bunina_mesc_atac_day4_2.bw, /n/projects/mw2098/publications/2024_weilert_acc/code/1_processing/bw/Bunina_mesc_atac_day8_1.bw, /n/projects/mw2098/publications/2024_weilert_acc/code/1_processing/bw/Bunina_mesc_atac_day8_2.bw, /n/projects/mw2098/publications/2024_weilert_acc/code/1_processing/bw/Bunina_mesc_atac_day12_1.bw, /n/projects/mw2098/publications/2024_weilert_acc/code/1_processing/bw/Bunina_mesc_atac_day12_2.bw, /n/projects/mw2098/publications/2024_weilert_acc/code/1_processing/bw/Bunina_mesc_rna_day0_1.bw, /n/projects/mw2098/publications/2024_weilert_acc/code/1_processing/bw/Bunina_mesc_rna_day0_2.bw, /n/projects/mw2098/publications/2024_weilert_acc/code/1_processing/bw/Bunina_mesc_rna_day4_1.bw, /n/projects/mw2098/publications/2024_weilert_acc/code/1_processing/bw/Bunina_mesc_rna_day4_2.bw, /n/projects/mw2098/publications/2024_weilert_acc/code/1_processing/bw/Bunina_mesc_rna_day8_1.bw, /n/projects/mw2098/publications/2024_weilert_acc/code/1_processing/bw/Bunina_mesc_rna_day8_2.bw, /n/projects/mw2098/publications/2024_weilert_acc/code/1_processing/bw/Bunina_mesc_rna_day12_1.bw, /n/projects/mw2098/publications/2024_weilert_acc/code/1_processing/bw/Bunina_mesc_rna_day12_2.bw, /n/projects/mw2098/publications/2024_weilert_acc/code/1_processing/peaks/mesc_ctcf_nexus_2_peaks.narrowPeak, /n/projects/mw2098/publications/2024_weilert_acc/code/1_processing/peaks/mesc_ctcf_nexus_5_peaks.narrowPeak, /n/projects/mw2098/publications/2024_weilert_acc/code/1_processing/peaks/mesc_ctcf_nexus_6_peaks.narrowPeak, /n/projects/mw2098/publications/2024_weilert_acc/code/1_processing/peaks/mesc_esrrb_nexus_1_peaks.narrowPeak, /n/projects/mw2098/publications/2024_weilert_acc/code/1_processing/peaks/mesc_esrrb_nexus_2_peaks.narrowPeak, /n/projects/mw2098/publications/2024_weilert_acc/code/1_processing/peaks/mesc_esrrb_nexus_4_peaks.narrowPeak, /n/projects/mw2098/publications/2024_weilert_acc/code/1_processing/peaks/mesc_esrrb_nexus_5_peaks.narrowPeak, /n/projects/mw2098/publications/2024_weilert_acc/code/1_processing/peaks/mesc_esrrb_nexus_6_peaks.narrowPeak, /n/projects/mw2098/publications/2024_weilert_acc/code/1_processing/peaks/mesc_esrrb_nexus_7_peaks.narrowPeak, /n/projects/mw2098/publications/2024_weilert_acc/code/1_processing/peaks/mesc_esrrb_nexus_8_peaks.narrowPeak, /n/projects/mw2098/publications/2024_weilert_acc/code/1_processing/peaks/mesc_klf4_nexus_1_peaks.narrowPeak, /n/projects/mw2098/publications/2024_weilert_acc/code/1_processing/peaks/mesc_klf4_nexus_2_peaks.narrowPeak, /n/projects/mw2098/publications/2024_weilert_acc/code/1_processing/peaks/mesc_klf4_nexus_3_peaks.narrowPeak, /n/projects/mw2098/publications/2024_weilert_acc/code/1_processing/peaks/mesc_klf4_nexus_4_peaks.narrowPeak, /n/projects/mw2098/publications/2024_weilert_acc/code/1_processing/peaks/mesc_klf4_nexus_5_peaks.narrowPeak, /n/projects/mw2098/publications/2024_weilert_acc/code/1_processing/peaks/mesc_nanog_nexus_1_peaks.narrowPeak, /n/projects/mw2098/publications/2024_weilert_acc/code/1_processing/peaks/mesc_nanog_nexus_2_peaks.narrowPeak, /n/projects/mw2098/publications/2024_weilert_acc/code/1_processing/peaks/mesc_nanog_nexus_3_peaks.narrowPeak, /n/projects/mw2098/publications/2024_weilert_acc/code/1_processing/peaks/mesc_nanog_nexus_4_peaks.narrowPeak, /n/projects/mw2098/publications/2024_weilert_acc/code/1_processing/peaks/mesc_nanog_nexus_5_peaks.narrowPeak, /n/projects/mw2098/publications/2024_weilert_acc/code/1_processing/peaks/mesc_native_atac_1_peaks.narrowPeak, /n/projects/mw2098/publications/2024_weilert_acc/code/1_processing/peaks/mesc_native_atac_2_peaks.narrowPeak, /n/projects/mw2098/publications/2024_weilert_acc/code/1_processing/peaks/mesc_native_atac_3_peaks.narrowPeak, /n/projects/mw2098/publications/2024_weilert_acc/code/1_processing/peaks/mesc_oct4_nexus_1_peaks.narrowPeak, /n/projects/mw2098/publications/2024_weilert_acc/code/1_processing/peaks/mesc_oct4_nexus_2_peaks.narrowPeak, /n/projects/mw2098/publications/2024_weilert_acc/code/1_processing/peaks/mesc_oct4_nexus_3_peaks.narrowPeak, /n/projects/mw2098/publications/2024_weilert_acc/code/1_processing/peaks/mesc_oct4_nexus_4_peaks.narrowPeak, /n/projects/mw2098/publications/2024_weilert_acc/code/1_processing/peaks/mesc_oct4_nexus_5_peaks.narrowPeak, /n/projects/mw2098/publications/2024_weilert_acc/code/1_processing/peaks/mesc_oct4_nexus_6_peaks.narrowPeak, /n/projects/mw2098/publications/2024_weilert_acc/code/1_processing/peaks/mesc_sox2_nexus_1_peaks.narrowPeak, /n/projects/mw2098/publications/2024_weilert_acc/code/1_processing/peaks/mesc_sox2_nexus_2_peaks.narrowPeak, /n/projects/mw2098/publications/2024_weilert_acc/code/1_processing/peaks/mesc_sox2_nexus_4_peaks.narrowPeak, /n/projects/mw2098/publications/2024_weilert_acc/code/1_processing/peaks/mesc_sox2_nexus_6_peaks.narrowPeak, /n/projects/mw2098/publications/2024_weilert_acc/code/1_processing/peaks/mesc_zic3_nexus_1_peaks.narrowPeak, /n/projects/mw2098/publications/2024_weilert_acc/code/1_processing/peaks/mesc_zic3_nexus_2_peaks.narrowPeak, /n/projects/mw2098/publications/2024_weilert_acc/code/1_processing/peaks/GSE174774_mesc_atac_0h_1_peaks.narrowPeak, /n/projects/mw2098/publications/2024_weilert_acc/code/1_processing/peaks/GSE174774_mesc_atac_0h_2_peaks.narrowPeak, /n/projects/mw2098/publications/2024_weilert_acc/code/1_processing/peaks/GSE174774_mesc_atac_3h_1_peaks.narrowPeak, /n/projects/mw2098/publications/2024_weilert_acc/code/1_processing/peaks/GSE174774_mesc_atac_3h_2_peaks.narrowPeak, /n/projects/mw2098/publications/2024_weilert_acc/code/1_processing/peaks/GSE174774_mesc_atac_6h_1_peaks.narrowPeak, /n/projects/mw2098/publications/2024_weilert_acc/code/1_processing/peaks/GSE174774_mesc_atac_6h_2_peaks.narrowPeak, /n/projects/mw2098/publications/2024_weilert_acc/code/1_processing/peaks/GSE174774_mesc_atac_9h_1_peaks.narrowPeak, /n/projects/mw2098/publications/2024_weilert_acc/code/1_processing/peaks/GSE174774_mesc_atac_9h_2_peaks.narrowPeak, /n/projects/mw2098/publications/2024_weilert_acc/code/1_processing/peaks/GSE174774_mesc_atac_12h_1_peaks.narrowPeak, /n/projects/mw2098/publications/2024_weilert_acc/code/1_processing/peaks/GSE174774_mesc_atac_12h_2_peaks.narrowPeak, /n/projects/mw2098/publications/2024_weilert_acc/code/1_processing/peaks/GSE174774_mesc_atac_15h_1_peaks.narrowPeak, /n/projects/mw2098/publications/2024_weilert_acc/code/1_processing/peaks/GSE174774_mesc_atac_15h_2_peaks.narrowPeak, /n/projects/mw2098/publications/2024_weilert_acc/code/1_processing/peaks/mesc_Akr1cl_scenario_context_mut_A_atac_1_peaks.narrowPeak, /n/projects/mw2098/publications/2024_weilert_acc/code/1_processing/peaks/mesc_Akr1cl_scenario_context_mut_A_atac_2_peaks.narrowPeak, /n/projects/mw2098/publications/2024_weilert_acc/code/1_processing/peaks/mesc_Akr1cl_scenario_context_mut_B_atac_1_peaks.narrowPeak, /n/projects/mw2098/publications/2024_weilert_acc/code/1_processing/peaks/mesc_Akr1cl_scenario_context_mut_B_atac_2_peaks.narrowPeak, /n/projects/mw2098/publications/2024_weilert_acc/code/1_processing/peaks/mesc_Btbd11_scenario_WT_coop_WT_atac_1_peaks.narrowPeak, /n/projects/mw2098/publications/2024_weilert_acc/code/1_processing/peaks/mesc_Btbd11_scenario_WT_coop_WT_atac_2_peaks.narrowPeak, /n/projects/mw2098/publications/2024_weilert_acc/code/1_processing/peaks/mesc_Btbd11_scenario_WT_coop_mut_A_atac_1_peaks.narrowPeak, /n/projects/mw2098/publications/2024_weilert_acc/code/1_processing/peaks/mesc_Btbd11_scenario_WT_coop_mut_A_atac_2_peaks.narrowPeak, /n/projects/mw2098/publications/2024_weilert_acc/code/1_processing/peaks/mesc_Btbd11_scenario_WT_coop_mut_B_atac_1_peaks.narrowPeak, /n/projects/mw2098/publications/2024_weilert_acc/code/1_processing/peaks/mesc_Btbd11_scenario_WT_coop_mut_B_atac_2_peaks.narrowPeak, /n/projects/mw2098/publications/2024_weilert_acc/code/1_processing/peaks/mesc_Btbd11_scenario_WT_coop_mut_null_atac_1_peaks.narrowPeak, /n/projects/mw2098/publications/2024_weilert_acc/code/1_processing/peaks/mesc_Btbd11_scenario_WT_coop_mut_null_atac_2_peaks.narrowPeak, /n/projects/mw2098/publications/2024_weilert_acc/code/1_processing/peaks/mesc_R1_sox2_nexus_15_peaks.narrowPeak, /n/projects/mw2098/publications/2024_weilert_acc/code/1_processing/peaks/mesc_R1_sox2_nexus_16_peaks.narrowPeak, /n/projects/mw2098/publications/2024_weilert_acc/code/1_processing/peaks/mesc_Akr1cl_scenario_context_mut_A_sox2_nexus_1_peaks.narrowPeak, /n/projects/mw2098/publications/2024_weilert_acc/code/1_processing/peaks/mesc_Akr1cl_scenario_context_mut_A_sox2_nexus_2_peaks.narrowPeak, /n/projects/mw2098/publications/2024_weilert_acc/code/1_processing/peaks/mesc_Akr1cl_scenario_context_mut_B_sox2_nexus_1_peaks.narrowPeak, /n/projects/mw2098/publications/2024_weilert_acc/code/1_processing/peaks/mesc_R1_klf4_nexus_5_peaks.narrowPeak, /n/projects/mw2098/publications/2024_weilert_acc/code/1_processing/peaks/mesc_R1_klf4_nexus_6_peaks.narrowPeak, /n/projects/mw2098/publications/2024_weilert_acc/code/1_processing/peaks/mesc_Akr1cl_scenario_context_mut_A_klf4_nexus_1_peaks.narrowPeak, /n/projects/mw2098/publications/2024_weilert_acc/code/1_processing/peaks/mesc_Akr1cl_scenario_context_mut_B_klf4_nexus_1_peaks.narrowPeak, /n/projects/mw2098/publications/2024_weilert_acc/code/1_processing/peaks/mesc_Akr1cl_scenario_context_mut_B_klf4_nexus_2_peaks.narrowPeak, /n/projects/mw2098/publications/2024_weilert_acc/code/1_processing/peaks/mesc_Akr1cl_scenario_context_mut_A_sox2_nexus_3_peaks.narrowPeak, /n/projects/mw2098/publications/2024_weilert_acc/code/1_processing/peaks/mesc_Akr1cl_scenario_context_mut_B_sox2_nexus_2_peaks.narrowPeak, /n/projects/mw2098/publications/2024_weilert_acc/code/1_processing/peaks/mesc_Akr1cl_scenario_context_mut_B_sox2_nexus_3_peaks.narrowPeak, /n/projects/mw2098/publications/2024_weilert_acc/code/1_processing/peaks/mesc_Akr1cl_scenario_context_mut_A_klf4_nexus_2_peaks.narrowPeak, /n/projects/mw2098/publications/2024_weilert_acc/code/1_processing/peaks/mesc_Akr1cl_scenario_context_mut_A_klf4_nexus_3_peaks.narrowPeak, /n/projects/mw2098/publications/2024_weilert_acc/code/1_processing/peaks/mesc_Akr1cl_scenario_context_mut_B_klf4_nexus_3_peaks.narrowPeak, /n/projects/mw2098/publications/2024_weilert_acc/code/1_processing/peaks/Bunina_mesc_atac_day0_1_peaks.narrowPeak, /n/projects/mw2098/publications/2024_weilert_acc/code/1_processing/peaks/Bunina_mesc_atac_day0_2_peaks.narrowPeak, /n/projects/mw2098/publications/2024_weilert_acc/code/1_processing/peaks/Bunina_mesc_atac_day4_1_peaks.narrowPeak, /n/projects/mw2098/publications/2024_weilert_acc/code/1_processing/peaks/Bunina_mesc_atac_day4_2_peaks.narrowPeak, /n/projects/mw2098/publications/2024_weilert_acc/code/1_processing/peaks/Bunina_mesc_atac_day8_1_peaks.narrowPeak, /n/projects/mw2098/publications/2024_weilert_acc/code/1_processing/peaks/Bunina_mesc_atac_day8_2_peaks.narrowPeak, /n/projects/mw2098/publications/2024_weilert_acc/code/1_processing/peaks/Bunina_mesc_atac_day12_1_peaks.narrowPeak, /n/projects/mw2098/publications/2024_weilert_acc/code/1_processing/peaks/Bunina_mesc_atac_day12_2_peaks.narrowPeak, /n/projects/mw2098/publications/2024_weilert_acc/code/1_processing/logs/quality_metrics/mesc_ctcf_nexus_2_metrics.tsv, /n/projects/mw2098/publications/2024_weilert_acc/code/1_processing/logs/quality_metrics/mesc_ctcf_nexus_5_metrics.tsv, /n/projects/mw2098/publications/2024_weilert_acc/code/1_processing/logs/quality_metrics/mesc_ctcf_nexus_6_metrics.tsv, /n/projects/mw2098/publications/2024_weilert_acc/code/1_processing/logs/quality_metrics/mesc_esrrb_nexus_1_metrics.tsv, /n/projects/mw2098/publications/2024_weilert_acc/code/1_processing/logs/quality_metrics/mesc_esrrb_nexus_2_metrics.tsv, /n/projects/mw2098/publications/2024_weilert_acc/code/1_processing/logs/quality_metrics/mesc_esrrb_nexus_4_metrics.tsv, /n/projects/mw2098/publications/2024_weilert_acc/code/1_processing/logs/quality_metrics/mesc_esrrb_nexus_5_metrics.tsv, /n/projects/mw2098/publications/2024_weilert_acc/code/1_processing/logs/quality_metrics/mesc_esrrb_nexus_6_metrics.tsv, /n/projects/mw2098/publications/2024_weilert_acc/code/1_processing/logs/quality_metrics/mesc_esrrb_nexus_7_metrics.tsv, /n/projects/mw2098/publications/2024_weilert_acc/code/1_processing/logs/quality_metrics/mesc_esrrb_nexus_8_metrics.tsv, /n/projects/mw2098/publications/2024_weilert_acc/code/1_processing/logs/quality_metrics/mesc_klf4_nexus_1_metrics.tsv, /n/projects/mw2098/publications/2024_weilert_acc/code/1_processing/logs/quality_metrics/mesc_klf4_nexus_2_metrics.tsv, /n/projects/mw2098/publications/2024_weilert_acc/code/1_processing/logs/quality_metrics/mesc_klf4_nexus_3_metrics.tsv, /n/projects/mw2098/publications/2024_weilert_acc/code/1_processing/logs/quality_metrics/mesc_klf4_nexus_4_metrics.tsv, /n/projects/mw2098/publications/2024_weilert_acc/code/1_processing/logs/quality_metrics/mesc_klf4_nexus_5_metrics.tsv, /n/projects/mw2098/publications/2024_weilert_acc/code/1_processing/logs/quality_metrics/mesc_nanog_nexus_1_metrics.tsv, /n/projects/mw2098/publications/2024_weilert_acc/code/1_processing/logs/quality_metrics/mesc_nanog_nexus_2_metrics.tsv, /n/projects/mw2098/publications/2024_weilert_acc/code/1_processing/logs/quality_metrics/mesc_nanog_nexus_3_metrics.tsv, /n/projects/mw2098/publications/2024_weilert_acc/code/1_processing/logs/quality_metrics/mesc_nanog_nexus_4_metrics.tsv, /n/projects/mw2098/publications/2024_weilert_acc/code/1_processing/logs/quality_metrics/mesc_nanog_nexus_5_metrics.tsv, /n/projects/mw2098/publications/2024_weilert_acc/code/1_processing/logs/quality_metrics/mesc_native_atac_1_metrics.tsv, /n/projects/mw2098/publications/2024_weilert_acc/code/1_processing/logs/quality_metrics/mesc_native_atac_2_metrics.tsv, /n/projects/mw2098/publications/2024_weilert_acc/code/1_processing/logs/quality_metrics/mesc_native_atac_3_metrics.tsv, /n/projects/mw2098/publications/2024_weilert_acc/code/1_processing/logs/quality_metrics/mesc_oct4_nexus_1_metrics.tsv, /n/projects/mw2098/publications/2024_weilert_acc/code/1_processing/logs/quality_metrics/mesc_oct4_nexus_2_metrics.tsv, /n/projects/mw2098/publications/2024_weilert_acc/code/1_processing/logs/quality_metrics/mesc_oct4_nexus_3_metrics.tsv, /n/projects/mw2098/publications/2024_weilert_acc/code/1_processing/logs/quality_metrics/mesc_oct4_nexus_4_metrics.tsv, /n/projects/mw2098/publications/2024_weilert_acc/code/1_processing/logs/quality_metrics/mesc_oct4_nexus_5_metrics.tsv, /n/projects/mw2098/publications/2024_weilert_acc/code/1_processing/logs/quality_metrics/mesc_oct4_nexus_6_metrics.tsv, /n/projects/mw2098/publications/2024_weilert_acc/code/1_processing/logs/quality_metrics/mesc_sox2_nexus_1_metrics.tsv, /n/projects/mw2098/publications/2024_weilert_acc/code/1_processing/logs/quality_metrics/mesc_sox2_nexus_2_metrics.tsv, /n/projects/mw2098/publications/2024_weilert_acc/code/1_processing/logs/quality_metrics/mesc_sox2_nexus_4_metrics.tsv, /n/projects/mw2098/publications/2024_weilert_acc/code/1_processing/logs/quality_metrics/mesc_sox2_nexus_6_metrics.tsv, /n/projects/mw2098/publications/2024_weilert_acc/code/1_processing/logs/quality_metrics/mesc_zic3_nexus_1_metrics.tsv, /n/projects/mw2098/publications/2024_weilert_acc/code/1_processing/logs/quality_metrics/mesc_zic3_nexus_2_metrics.tsv, /n/projects/mw2098/publications/2024_weilert_acc/code/1_processing/logs/quality_metrics/GSE174774_mesc_atac_0h_1_metrics.tsv, /n/projects/mw2098/publications/2024_weilert_acc/code/1_processing/logs/quality_metrics/GSE174774_mesc_atac_0h_2_metrics.tsv, /n/projects/mw2098/publications/2024_weilert_acc/code/1_processing/logs/quality_metrics/GSE174774_mesc_atac_3h_1_metrics.tsv, /n/projects/mw2098/publications/2024_weilert_acc/code/1_processing/logs/quality_metrics/GSE174774_mesc_atac_3h_2_metrics.tsv, /n/projects/mw2098/publications/2024_weilert_acc/code/1_processing/logs/quality_metrics/GSE174774_mesc_atac_6h_1_metrics.tsv, /n/projects/mw2098/publications/2024_weilert_acc/code/1_processing/logs/quality_metrics/GSE174774_mesc_atac_6h_2_metrics.tsv, /n/projects/mw2098/publications/2024_weilert_acc/code/1_processing/logs/quality_metrics/GSE174774_mesc_atac_9h_1_metrics.tsv, /n/projects/mw2098/publications/2024_weilert_acc/code/1_processing/logs/quality_metrics/GSE174774_mesc_atac_9h_2_metrics.tsv, /n/projects/mw2098/publications/2024_weilert_acc/code/1_processing/logs/quality_metrics/GSE174774_mesc_atac_12h_1_metrics.tsv, /n/projects/mw2098/publications/2024_weilert_acc/code/1_processing/logs/quality_metrics/GSE174774_mesc_atac_12h_2_metrics.tsv, /n/projects/mw2098/publications/2024_weilert_acc/code/1_processing/logs/quality_metrics/GSE174774_mesc_atac_15h_1_metrics.tsv, /n/projects/mw2098/publications/2024_weilert_acc/code/1_processing/logs/quality_metrics/GSE174774_mesc_atac_15h_2_metrics.tsv, /n/projects/mw2098/publications/2024_weilert_acc/code/1_processing/logs/quality_metrics/mesc_Akr1cl_scenario_context_mut_A_atac_1_metrics.tsv, /n/projects/mw2098/publications/2024_weilert_acc/code/1_processing/logs/quality_metrics/mesc_Akr1cl_scenario_context_mut_A_atac_2_metrics.tsv, /n/projects/mw2098/publications/2024_weilert_acc/code/1_processing/logs/quality_metrics/mesc_Akr1cl_scenario_context_mut_B_atac_1_metrics.tsv, /n/projects/mw2098/publications/2024_weilert_acc/code/1_processing/logs/quality_metrics/mesc_Akr1cl_scenario_context_mut_B_atac_2_metrics.tsv, /n/projects/mw2098/publications/2024_weilert_acc/code/1_processing/logs/quality_metrics/mesc_Btbd11_scenario_WT_coop_WT_atac_1_metrics.tsv, /n/projects/mw2098/publications/2024_weilert_acc/code/1_processing/logs/quality_metrics/mesc_Btbd11_scenario_WT_coop_WT_atac_2_metrics.tsv, /n/projects/mw2098/publications/2024_weilert_acc/code/1_processing/logs/quality_metrics/mesc_Btbd11_scenario_WT_coop_mut_A_atac_1_metrics.tsv, /n/projects/mw2098/publications/2024_weilert_acc/code/1_processing/logs/quality_metrics/mesc_Btbd11_scenario_WT_coop_mut_A_atac_2_metrics.tsv, /n/projects/mw2098/publications/2024_weilert_acc/code/1_processing/logs/quality_metrics/mesc_Btbd11_scenario_WT_coop_mut_B_atac_1_metrics.tsv, /n/projects/mw2098/publications/2024_weilert_acc/code/1_processing/logs/quality_metrics/mesc_Btbd11_scenario_WT_coop_mut_B_atac_2_metrics.tsv, /n/projects/mw2098/publications/2024_weilert_acc/code/1_processing/logs/quality_metrics/mesc_Btbd11_scenario_WT_coop_mut_null_atac_1_metrics.tsv, /n/projects/mw2098/publications/2024_weilert_acc/code/1_processing/logs/quality_metrics/mesc_Btbd11_scenario_WT_coop_mut_null_atac_2_metrics.tsv, /n/projects/mw2098/publications/2024_weilert_acc/code/1_processing/logs/quality_metrics/mesc_R1_sox2_nexus_15_metrics.tsv, /n/projects/mw2098/publications/2024_weilert_acc/code/1_processing/logs/quality_metrics/mesc_R1_sox2_nexus_16_metrics.tsv, /n/projects/mw2098/publications/2024_weilert_acc/code/1_processing/logs/quality_metrics/mesc_Akr1cl_scenario_context_mut_A_sox2_nexus_1_metrics.tsv, /n/projects/mw2098/publications/2024_weilert_acc/code/1_processing/logs/quality_metrics/mesc_Akr1cl_scenario_context_mut_A_sox2_nexus_2_metrics.tsv, /n/projects/mw2098/publications/2024_weilert_acc/code/1_processing/logs/quality_metrics/mesc_Akr1cl_scenario_context_mut_B_sox2_nexus_1_metrics.tsv, /n/projects/mw2098/publications/2024_weilert_acc/code/1_processing/logs/quality_metrics/mesc_R1_klf4_nexus_5_metrics.tsv, /n/projects/mw2098/publications/2024_weilert_acc/code/1_processing/logs/quality_metrics/mesc_R1_klf4_nexus_6_metrics.tsv, /n/projects/mw2098/publications/2024_weilert_acc/code/1_processing/logs/quality_metrics/mesc_Akr1cl_scenario_context_mut_A_klf4_nexus_1_metrics.tsv, /n/projects/mw2098/publications/2024_weilert_acc/code/1_processing/logs/quality_metrics/mesc_Akr1cl_scenario_context_mut_B_klf4_nexus_1_metrics.tsv, /n/projects/mw2098/publications/2024_weilert_acc/code/1_processing/logs/quality_metrics/mesc_Akr1cl_scenario_context_mut_B_klf4_nexus_2_metrics.tsv, /n/projects/mw2098/publications/2024_weilert_acc/code/1_processing/logs/quality_metrics/mesc_Akr1cl_scenario_context_mut_A_sox2_nexus_3_metrics.tsv, /n/projects/mw2098/publications/2024_weilert_acc/code/1_processing/logs/quality_metrics/mesc_Akr1cl_scenario_context_mut_B_sox2_nexus_2_metrics.tsv, /n/projects/mw2098/publications/2024_weilert_acc/code/1_processing/logs/quality_metrics/mesc_Akr1cl_scenario_context_mut_B_sox2_nexus_3_metrics.tsv, /n/projects/mw2098/publications/2024_weilert_acc/code/1_processing/logs/quality_metrics/mesc_Akr1cl_scenario_context_mut_A_klf4_nexus_2_metrics.tsv, /n/projects/mw2098/publications/2024_weilert_acc/code/1_processing/logs/quality_metrics/mesc_Akr1cl_scenario_context_mut_A_klf4_nexus_3_metrics.tsv, /n/projects/mw2098/publications/2024_weilert_acc/code/1_processing/logs/quality_metrics/mesc_Akr1cl_scenario_context_mut_B_klf4_nexus_3_metrics.tsv, /n/projects/mw2098/publications/2024_weilert_acc/code/1_processing/logs/quality_metrics/Bunina_mesc_atac_day0_1_metrics.tsv, /n/projects/mw2098/publications/2024_weilert_acc/code/1_processing/logs/quality_metrics/Bunina_mesc_atac_day0_2_metrics.tsv, /n/projects/mw2098/publications/2024_weilert_acc/code/1_processing/logs/quality_metrics/Bunina_mesc_atac_day4_1_metrics.tsv, /n/projects/mw2098/publications/2024_weilert_acc/code/1_processing/logs/quality_metrics/Bunina_mesc_atac_day4_2_metrics.tsv, /n/projects/mw2098/publications/2024_weilert_acc/code/1_processing/logs/quality_metrics/Bunina_mesc_atac_day8_1_metrics.tsv, /n/projects/mw2098/publications/2024_weilert_acc/code/1_processing/logs/quality_metrics/Bunina_mesc_atac_day8_2_metrics.tsv, /n/projects/mw2098/publications/2024_weilert_acc/code/1_processing/logs/quality_metrics/Bunina_mesc_atac_day12_1_metrics.tsv, /n/projects/mw2098/publications/2024_weilert_acc/code/1_processing/logs/quality_metrics/Bunina_mesc_atac_day12_2_metrics.tsv
    jobid: 0
    reason: Input files updated by another job: /n/projects/mw2098/publications/2024_weilert_acc/code/1_processing/bw/Bunina_mesc_rna_day12_2.bw, /n/projects/mw2098/publications/2024_weilert_acc/code/1_processing/peaks/Bunina_mesc_atac_day0_2_peaks.narrowPeak, /n/projects/mw2098/publications/2024_weilert_acc/code/1_processing/peaks/Bunina_mesc_atac_day4_2_peaks.narrowPeak, /n/projects/mw2098/publications/2024_weilert_acc/code/1_processing/peaks/Bunina_mesc_atac_day12_1_peaks.narrowPeak, /n/projects/mw2098/publications/2024_weilert_acc/code/1_processing/bw/Bunina_mesc_rna_day4_1.bw, /n/projects/mw2098/publications/2024_weilert_acc/code/1_processing/peaks/Bunina_mesc_atac_day12_2_peaks.narrowPeak, /n/projects/mw2098/publications/2024_weilert_acc/code/1_processing/peaks/Bunina_mesc_atac_day8_1_peaks.narrowPeak, /n/projects/mw2098/publications/2024_weilert_acc/code/1_processing/bw/Bunina_mesc_rna_day8_2.bw, /n/projects/mw2098/publications/2024_weilert_acc/code/1_processing/bw/Bunina_mesc_rna_day4_2.bw, /n/projects/mw2098/publications/2024_weilert_acc/code/1_processing/bw/Bunina_mesc_rna_day0_1.bw, /n/projects/mw2098/publications/2024_weilert_acc/code/1_processing/bw/Bunina_mesc_rna_day0_2.bw, /n/projects/mw2098/publications/2024_weilert_acc/code/1_processing/peaks/Bunina_mesc_atac_day0_1_peaks.narrowPeak, /n/projects/mw2098/publications/2024_weilert_acc/code/1_processing/bw/Bunina_mesc_rna_day8_1.bw, /n/projects/mw2098/publications/2024_weilert_acc/code/1_processing/bw/Bunina_mesc_rna_day12_1.bw
    resources: mem_mb=500000, mem_mib=476838, disk_mb=500000, disk_mib=476838, tmpdir=/tmp, cpus_per_task=16, runtime=7000

[Fri Feb 13 13:12:37 2026]
Finished job 0.
31 of 31 steps (100%) done
Complete log: .snakemake/log/2026-02-13T124742.377692.snakemake.log
