Using profile slurm for setting default command line arguments.
Building DAG of jobs...
Using shell: /usr/bin/bash
Provided cluster nodes: 10
Provided resources: disk_mb=500000
Job stats:
job                              count
-----------------------------  -------
all                                  1
bam_to_bw                            8
bam_to_macs2                         8
placeholder_transition               8
processed_fastq_to_sorted_bam        8
raw_fastq_to_processed_fastq         8
summarize_quality_metrics            8
total                               49

Select jobs to execute...

[Fri Jan 30 16:57:28 2026]
Job 285: Processing FASTQ
Reason: Missing output files: /n/projects/mw2098/publications/2024_weilert_acc/code/1_processing/logs/fastq_counts/Bunina_mesc_atac_day12_2_raw_reads.txt, /n/projects/mw2098/publications/2024_weilert_acc/code/1_processing/logs/fastq_counts/Bunina_mesc_atac_day12_2_processed_reads.txt

Submitted job 285 with external jobid 'Submitted batch job 4007631'.

[Fri Jan 30 16:57:28 2026]
Job 264: Processing FASTQ
Reason: Missing output files: /n/projects/mw2098/publications/2024_weilert_acc/code/1_processing/logs/fastq_counts/Bunina_mesc_atac_day0_1_raw_reads.txt, /n/projects/mw2098/publications/2024_weilert_acc/code/1_processing/logs/fastq_counts/Bunina_mesc_atac_day0_1_processed_reads.txt

Submitted job 264 with external jobid 'Submitted batch job 4007632'.

[Fri Jan 30 16:57:28 2026]
Job 273: Processing FASTQ
Reason: Missing output files: /n/projects/mw2098/publications/2024_weilert_acc/code/1_processing/logs/fastq_counts/Bunina_mesc_atac_day4_2_processed_reads.txt, /n/projects/mw2098/publications/2024_weilert_acc/code/1_processing/logs/fastq_counts/Bunina_mesc_atac_day4_2_raw_reads.txt

Submitted job 273 with external jobid 'Submitted batch job 4007633'.

[Fri Jan 30 16:57:28 2026]
Job 282: Processing FASTQ
Reason: Missing output files: /n/projects/mw2098/publications/2024_weilert_acc/code/1_processing/logs/fastq_counts/Bunina_mesc_atac_day12_1_raw_reads.txt, /n/projects/mw2098/publications/2024_weilert_acc/code/1_processing/logs/fastq_counts/Bunina_mesc_atac_day12_1_processed_reads.txt

Submitted job 282 with external jobid 'Submitted batch job 4007634'.

[Fri Jan 30 16:57:28 2026]
Job 270: Processing FASTQ
Reason: Missing output files: /n/projects/mw2098/publications/2024_weilert_acc/code/1_processing/logs/fastq_counts/Bunina_mesc_atac_day4_1_raw_reads.txt, /n/projects/mw2098/publications/2024_weilert_acc/code/1_processing/logs/fastq_counts/Bunina_mesc_atac_day4_1_processed_reads.txt

Submitted job 270 with external jobid 'Submitted batch job 4007635'.

[Fri Jan 30 16:57:28 2026]
Job 279: Processing FASTQ
Reason: Missing output files: /n/projects/mw2098/publications/2024_weilert_acc/code/1_processing/logs/fastq_counts/Bunina_mesc_atac_day8_2_raw_reads.txt, /n/projects/mw2098/publications/2024_weilert_acc/code/1_processing/logs/fastq_counts/Bunina_mesc_atac_day8_2_processed_reads.txt

Submitted job 279 with external jobid 'Submitted batch job 4007636'.

[Fri Jan 30 16:57:28 2026]
Job 267: Processing FASTQ
Reason: Missing output files: /n/projects/mw2098/publications/2024_weilert_acc/code/1_processing/logs/fastq_counts/Bunina_mesc_atac_day0_2_processed_reads.txt, /n/projects/mw2098/publications/2024_weilert_acc/code/1_processing/logs/fastq_counts/Bunina_mesc_atac_day0_2_raw_reads.txt

Submitted job 267 with external jobid 'Submitted batch job 4007637'.

[Fri Jan 30 16:57:29 2026]
Job 276: Processing FASTQ
Reason: Missing output files: /n/projects/mw2098/publications/2024_weilert_acc/code/1_processing/logs/fastq_counts/Bunina_mesc_atac_day8_1_processed_reads.txt, /n/projects/mw2098/publications/2024_weilert_acc/code/1_processing/logs/fastq_counts/Bunina_mesc_atac_day8_1_raw_reads.txt

Submitted job 276 with external jobid 'Submitted batch job 4007638'.
[Fri Jan 30 17:04:09 2026]
Finished job 285.
1 of 49 steps (2%) done
Select jobs to execute...

[Fri Jan 30 17:04:09 2026]
Job 284: Aligning FASTQ to BAM
Reason: Missing output files: /n/projects/mw2098/publications/2024_weilert_acc/code/1_processing/bam/Bunina_mesc_atac_day12_2.bam; Input files updated by another job: /n/projects/mw2098/publications/2024_weilert_acc/code/1_processing/logs/fastq_counts/Bunina_mesc_atac_day12_2_processed_reads.txt

Submitted job 284 with external jobid 'Submitted batch job 4007639'.
[Fri Jan 30 17:04:09 2026]
Finished job 282.
2 of 49 steps (4%) done
Select jobs to execute...

[Fri Jan 30 17:04:09 2026]
Job 281: Aligning FASTQ to BAM
Reason: Missing output files: /n/projects/mw2098/publications/2024_weilert_acc/code/1_processing/bam/Bunina_mesc_atac_day12_1.bam; Input files updated by another job: /n/projects/mw2098/publications/2024_weilert_acc/code/1_processing/logs/fastq_counts/Bunina_mesc_atac_day12_1_processed_reads.txt

Submitted job 281 with external jobid 'Submitted batch job 4007640'.
[Fri Jan 30 17:04:29 2026]
Finished job 279.
3 of 49 steps (6%) done
Select jobs to execute...

[Fri Jan 30 17:04:29 2026]
Job 278: Aligning FASTQ to BAM
Reason: Missing output files: /n/projects/mw2098/publications/2024_weilert_acc/code/1_processing/bam/Bunina_mesc_atac_day8_2.bam; Input files updated by another job: /n/projects/mw2098/publications/2024_weilert_acc/code/1_processing/logs/fastq_counts/Bunina_mesc_atac_day8_2_processed_reads.txt

Submitted job 278 with external jobid 'Submitted batch job 4007641'.
[Fri Jan 30 17:04:29 2026]
Finished job 276.
4 of 49 steps (8%) done
Select jobs to execute...

[Fri Jan 30 17:04:29 2026]
Job 275: Aligning FASTQ to BAM
Reason: Missing output files: /n/projects/mw2098/publications/2024_weilert_acc/code/1_processing/bam/Bunina_mesc_atac_day8_1.bam; Input files updated by another job: /n/projects/mw2098/publications/2024_weilert_acc/code/1_processing/logs/fastq_counts/Bunina_mesc_atac_day8_1_processed_reads.txt

Submitted job 275 with external jobid 'Submitted batch job 4007642'.
[Fri Jan 30 17:04:39 2026]
Finished job 273.
5 of 49 steps (10%) done
Select jobs to execute...

[Fri Jan 30 17:04:39 2026]
Job 272: Aligning FASTQ to BAM
Reason: Missing output files: /n/projects/mw2098/publications/2024_weilert_acc/code/1_processing/bam/Bunina_mesc_atac_day4_2.bam; Input files updated by another job: /n/projects/mw2098/publications/2024_weilert_acc/code/1_processing/logs/fastq_counts/Bunina_mesc_atac_day4_2_processed_reads.txt

Submitted job 272 with external jobid 'Submitted batch job 4007643'.
[Fri Jan 30 17:04:39 2026]
Finished job 270.
6 of 49 steps (12%) done
Select jobs to execute...

[Fri Jan 30 17:04:39 2026]
Job 269: Aligning FASTQ to BAM
Reason: Missing output files: /n/projects/mw2098/publications/2024_weilert_acc/code/1_processing/bam/Bunina_mesc_atac_day4_1.bam; Input files updated by another job: /n/projects/mw2098/publications/2024_weilert_acc/code/1_processing/logs/fastq_counts/Bunina_mesc_atac_day4_1_processed_reads.txt

Submitted job 269 with external jobid 'Submitted batch job 4007644'.
[Fri Jan 30 17:06:19 2026]
Finished job 264.
7 of 49 steps (14%) done
Select jobs to execute...

[Fri Jan 30 17:06:19 2026]
Job 263: Aligning FASTQ to BAM
Reason: Missing output files: /n/projects/mw2098/publications/2024_weilert_acc/code/1_processing/bam/Bunina_mesc_atac_day0_1.bam; Input files updated by another job: /n/projects/mw2098/publications/2024_weilert_acc/code/1_processing/logs/fastq_counts/Bunina_mesc_atac_day0_1_processed_reads.txt

Submitted job 263 with external jobid 'Submitted batch job 4007645'.
[Fri Jan 30 17:06:19 2026]
Finished job 267.
8 of 49 steps (16%) done
Select jobs to execute...

[Fri Jan 30 17:06:19 2026]
Job 266: Aligning FASTQ to BAM
Reason: Missing output files: /n/projects/mw2098/publications/2024_weilert_acc/code/1_processing/bam/Bunina_mesc_atac_day0_2.bam; Input files updated by another job: /n/projects/mw2098/publications/2024_weilert_acc/code/1_processing/logs/fastq_counts/Bunina_mesc_atac_day0_2_processed_reads.txt

Submitted job 266 with external jobid 'Submitted batch job 4007646'.
[Fri Jan 30 17:40:01 2026]
Finished job 272.
9 of 49 steps (18%) done
Select jobs to execute...

[Fri Jan 30 17:40:01 2026]
Job 271: Computing coverage of .bam file...
Reason: Missing output files: /n/projects/mw2098/publications/2024_weilert_acc/code/1_processing/bw/Bunina_mesc_atac_day4_2.bw; Input files updated by another job: /n/projects/mw2098/publications/2024_weilert_acc/code/1_processing/bam/Bunina_mesc_atac_day4_2.bam

Submitted job 271 with external jobid 'Submitted batch job 4007662'.

[Fri Jan 30 17:40:01 2026]
Job 364: Running MACS2...
Reason: Missing output files: /n/projects/mw2098/publications/2024_weilert_acc/code/1_processing/peaks/Bunina_mesc_atac_day4_2_peaks.narrowPeak; Input files updated by another job: /n/projects/mw2098/publications/2024_weilert_acc/code/1_processing/bam/Bunina_mesc_atac_day4_2.bam

Submitted job 364 with external jobid 'Submitted batch job 4007663'.
[Fri Jan 30 17:41:41 2026]
Finished job 281.
10 of 49 steps (20%) done
Select jobs to execute...

[Fri Jan 30 17:41:41 2026]
Job 367: Running MACS2...
Reason: Missing output files: /n/projects/mw2098/publications/2024_weilert_acc/code/1_processing/peaks/Bunina_mesc_atac_day12_1_peaks.narrowPeak; Input files updated by another job: /n/projects/mw2098/publications/2024_weilert_acc/code/1_processing/bam/Bunina_mesc_atac_day12_1.bam

Submitted job 367 with external jobid 'Submitted batch job 4007665'.

[Fri Jan 30 17:41:41 2026]
Job 280: Computing coverage of .bam file...
Reason: Missing output files: /n/projects/mw2098/publications/2024_weilert_acc/code/1_processing/bw/Bunina_mesc_atac_day12_1.bw; Input files updated by another job: /n/projects/mw2098/publications/2024_weilert_acc/code/1_processing/bam/Bunina_mesc_atac_day12_1.bam

Submitted job 280 with external jobid 'Submitted batch job 4007666'.
[Fri Jan 30 17:43:21 2026]
Finished job 278.
11 of 49 steps (22%) done
Select jobs to execute...

[Fri Jan 30 17:43:21 2026]
Job 277: Computing coverage of .bam file...
Reason: Missing output files: /n/projects/mw2098/publications/2024_weilert_acc/code/1_processing/bw/Bunina_mesc_atac_day8_2.bw; Input files updated by another job: /n/projects/mw2098/publications/2024_weilert_acc/code/1_processing/bam/Bunina_mesc_atac_day8_2.bam

Submitted job 277 with external jobid 'Submitted batch job 4007668'.
[Fri Jan 30 17:43:21 2026]
Finished job 275.
12 of 49 steps (24%) done
[Fri Jan 30 17:43:21 2026]
Finished job 269.
13 of 49 steps (27%) done
[Fri Jan 30 17:43:21 2026]
Finished job 364.
14 of 49 steps (29%) done
Select jobs to execute...

[Fri Jan 30 17:43:21 2026]
Job 274: Computing coverage of .bam file...
Reason: Missing output files: /n/projects/mw2098/publications/2024_weilert_acc/code/1_processing/bw/Bunina_mesc_atac_day8_1.bw; Input files updated by another job: /n/projects/mw2098/publications/2024_weilert_acc/code/1_processing/bam/Bunina_mesc_atac_day8_1.bam

Submitted job 274 with external jobid 'Submitted batch job 4007669'.

[Fri Jan 30 17:43:22 2026]
Job 365: Running MACS2...
Reason: Missing output files: /n/projects/mw2098/publications/2024_weilert_acc/code/1_processing/peaks/Bunina_mesc_atac_day8_1_peaks.narrowPeak; Input files updated by another job: /n/projects/mw2098/publications/2024_weilert_acc/code/1_processing/bam/Bunina_mesc_atac_day8_1.bam

Submitted job 365 with external jobid 'Submitted batch job 4007670'.

[Fri Jan 30 17:43:22 2026]
Job 268: Computing coverage of .bam file...
Reason: Missing output files: /n/projects/mw2098/publications/2024_weilert_acc/code/1_processing/bw/Bunina_mesc_atac_day4_1.bw; Input files updated by another job: /n/projects/mw2098/publications/2024_weilert_acc/code/1_processing/bam/Bunina_mesc_atac_day4_1.bam

Submitted job 268 with external jobid 'Submitted batch job 4007671'.
Select jobs to execute...
[Fri Jan 30 17:44:01 2026]
Finished job 284.
15 of 49 steps (31%) done

[Fri Jan 30 17:44:01 2026]
Job 283: Computing coverage of .bam file...
Reason: Missing output files: /n/projects/mw2098/publications/2024_weilert_acc/code/1_processing/bw/Bunina_mesc_atac_day12_2.bw; Input files updated by another job: /n/projects/mw2098/publications/2024_weilert_acc/code/1_processing/bam/Bunina_mesc_atac_day12_2.bam

Submitted job 283 with external jobid 'Submitted batch job 4007672'.
[Fri Jan 30 17:44:42 2026]
Finished job 367.
16 of 49 steps (33%) done
Select jobs to execute...

[Fri Jan 30 17:44:42 2026]
Job 368: Running MACS2...
Reason: Missing output files: /n/projects/mw2098/publications/2024_weilert_acc/code/1_processing/peaks/Bunina_mesc_atac_day12_2_peaks.narrowPeak; Input files updated by another job: /n/projects/mw2098/publications/2024_weilert_acc/code/1_processing/bam/Bunina_mesc_atac_day12_2.bam

Submitted job 368 with external jobid 'Submitted batch job 4007673'.
[Fri Jan 30 17:46:22 2026]
Finished job 365.
17 of 49 steps (35%) done
Select jobs to execute...

[Fri Jan 30 17:46:22 2026]
Job 366: Running MACS2...
Reason: Missing output files: /n/projects/mw2098/publications/2024_weilert_acc/code/1_processing/peaks/Bunina_mesc_atac_day8_2_peaks.narrowPeak; Input files updated by another job: /n/projects/mw2098/publications/2024_weilert_acc/code/1_processing/bam/Bunina_mesc_atac_day8_2.bam

Submitted job 366 with external jobid 'Submitted batch job 4007674'.
[Fri Jan 30 17:48:02 2026]
Finished job 368.
18 of 49 steps (37%) done
Select jobs to execute...

[Fri Jan 30 17:48:02 2026]
Job 363: Running MACS2...
Reason: Missing output files: /n/projects/mw2098/publications/2024_weilert_acc/code/1_processing/peaks/Bunina_mesc_atac_day4_1_peaks.narrowPeak; Input files updated by another job: /n/projects/mw2098/publications/2024_weilert_acc/code/1_processing/bam/Bunina_mesc_atac_day4_1.bam

Submitted job 363 with external jobid 'Submitted batch job 4007675'.
[Fri Jan 30 17:49:42 2026]
Finished job 266.
19 of 49 steps (39%) done
Select jobs to execute...

[Fri Jan 30 17:49:42 2026]
Job 265: Computing coverage of .bam file...
Reason: Missing output files: /n/projects/mw2098/publications/2024_weilert_acc/code/1_processing/bw/Bunina_mesc_atac_day0_2.bw; Input files updated by another job: /n/projects/mw2098/publications/2024_weilert_acc/code/1_processing/bam/Bunina_mesc_atac_day0_2.bam

Submitted job 265 with external jobid 'Submitted batch job 4007676'.
[Fri Jan 30 17:49:42 2026]
Finished job 366.
20 of 49 steps (41%) done
Select jobs to execute...

[Fri Jan 30 17:49:42 2026]
Job 362: Running MACS2...
Reason: Missing output files: /n/projects/mw2098/publications/2024_weilert_acc/code/1_processing/peaks/Bunina_mesc_atac_day0_2_peaks.narrowPeak; Input files updated by another job: /n/projects/mw2098/publications/2024_weilert_acc/code/1_processing/bam/Bunina_mesc_atac_day0_2.bam

Submitted job 362 with external jobid 'Submitted batch job 4007677'.
[Fri Jan 30 17:51:22 2026]
Finished job 363.
21 of 49 steps (43%) done
[Fri Jan 30 17:52:52 2026]
Finished job 271.
22 of 49 steps (45%) done
Select jobs to execute...

[Fri Jan 30 17:52:52 2026]
Job 526: Transitioning to uploading metrics...
Reason: Missing output files: /n/projects/mw2098/publications/2024_weilert_acc/code/1_processing/logs/pipeline_transition/Bunina_mesc_atac_day4_2_touch.txt; Input files updated by another job: /n/projects/mw2098/publications/2024_weilert_acc/code/1_processing/bw/Bunina_mesc_atac_day4_2.bw

Submitted job 526 with external jobid 'Submitted batch job 4007678'.
[Fri Jan 30 17:52:52 2026]
Finished job 362.
23 of 49 steps (47%) done
Waiting at most 120 seconds for missing files.
[Fri Jan 30 17:53:52 2026]
Finished job 526.
24 of 49 steps (49%) done
Select jobs to execute...

[Fri Jan 30 17:53:52 2026]
Job 525: Summarizing quality metrics and performing database upload...
Reason: Missing output files: /n/projects/mw2098/publications/2024_weilert_acc/code/1_processing/logs/quality_metrics/Bunina_mesc_atac_day4_2_metrics.tsv; Input files updated by another job: /n/projects/mw2098/publications/2024_weilert_acc/code/1_processing/logs/pipeline_transition/Bunina_mesc_atac_day4_2_touch.txt, /n/projects/mw2098/publications/2024_weilert_acc/code/1_processing/logs/fastq_counts/Bunina_mesc_atac_day4_2_raw_reads.txt

Submitted job 525 with external jobid 'Submitted batch job 4007679'.
[Fri Jan 30 17:55:02 2026]
Finished job 263.
25 of 49 steps (51%) done
Select jobs to execute...

[Fri Jan 30 17:55:02 2026]
Job 262: Computing coverage of .bam file...
Reason: Missing output files: /n/projects/mw2098/publications/2024_weilert_acc/code/1_processing/bw/Bunina_mesc_atac_day0_1.bw; Input files updated by another job: /n/projects/mw2098/publications/2024_weilert_acc/code/1_processing/bam/Bunina_mesc_atac_day0_1.bam

Submitted job 262 with external jobid 'Submitted batch job 4007680'.

[Fri Jan 30 17:55:02 2026]
Job 361: Running MACS2...
Reason: Missing output files: /n/projects/mw2098/publications/2024_weilert_acc/code/1_processing/peaks/Bunina_mesc_atac_day0_1_peaks.narrowPeak; Input files updated by another job: /n/projects/mw2098/publications/2024_weilert_acc/code/1_processing/bam/Bunina_mesc_atac_day0_1.bam

Submitted job 361 with external jobid 'Submitted batch job 4007681'.
[Fri Jan 30 17:55:02 2026]
Finished job 280.
26 of 49 steps (53%) done
[Fri Jan 30 17:55:02 2026]
Finished job 525.
27 of 49 steps (55%) done
Select jobs to execute...

[Fri Jan 30 17:55:02 2026]
Job 532: Transitioning to uploading metrics...
Reason: Missing output files: /n/projects/mw2098/publications/2024_weilert_acc/code/1_processing/logs/pipeline_transition/Bunina_mesc_atac_day12_1_touch.txt; Input files updated by another job: /n/projects/mw2098/publications/2024_weilert_acc/code/1_processing/bw/Bunina_mesc_atac_day12_1.bw

Submitted job 532 with external jobid 'Submitted batch job 4007682'.
Waiting at most 120 seconds for missing files.
[Fri Jan 30 17:56:03 2026]
Finished job 532.
28 of 49 steps (57%) done
Select jobs to execute...

[Fri Jan 30 17:56:03 2026]
Job 531: Summarizing quality metrics and performing database upload...
Reason: Missing output files: /n/projects/mw2098/publications/2024_weilert_acc/code/1_processing/logs/quality_metrics/Bunina_mesc_atac_day12_1_metrics.tsv; Input files updated by another job: /n/projects/mw2098/publications/2024_weilert_acc/code/1_processing/logs/fastq_counts/Bunina_mesc_atac_day12_1_raw_reads.txt, /n/projects/mw2098/publications/2024_weilert_acc/code/1_processing/logs/pipeline_transition/Bunina_mesc_atac_day12_1_touch.txt

Submitted job 531 with external jobid 'Submitted batch job 4007684'.
[Fri Jan 30 17:57:13 2026]
Finished job 277.
29 of 49 steps (59%) done
Select jobs to execute...

[Fri Jan 30 17:57:13 2026]
Job 530: Transitioning to uploading metrics...
Reason: Missing output files: /n/projects/mw2098/publications/2024_weilert_acc/code/1_processing/logs/pipeline_transition/Bunina_mesc_atac_day8_2_touch.txt; Input files updated by another job: /n/projects/mw2098/publications/2024_weilert_acc/code/1_processing/bw/Bunina_mesc_atac_day8_2.bw

Submitted job 530 with external jobid 'Submitted batch job 4007686'.
[Fri Jan 30 17:57:13 2026]
Finished job 274.
30 of 49 steps (61%) done
[Fri Jan 30 17:57:13 2026]
Finished job 268.
31 of 49 steps (63%) done
[Fri Jan 30 17:57:13 2026]
Finished job 531.
32 of 49 steps (65%) done
Select jobs to execute...

[Fri Jan 30 17:57:13 2026]
Job 524: Transitioning to uploading metrics...
Reason: Missing output files: /n/projects/mw2098/publications/2024_weilert_acc/code/1_processing/logs/pipeline_transition/Bunina_mesc_atac_day4_1_touch.txt; Input files updated by another job: /n/projects/mw2098/publications/2024_weilert_acc/code/1_processing/bw/Bunina_mesc_atac_day4_1.bw

Submitted job 524 with external jobid 'Submitted batch job 4007687'.

[Fri Jan 30 17:57:13 2026]
Job 528: Transitioning to uploading metrics...
Reason: Missing output files: /n/projects/mw2098/publications/2024_weilert_acc/code/1_processing/logs/pipeline_transition/Bunina_mesc_atac_day8_1_touch.txt; Input files updated by another job: /n/projects/mw2098/publications/2024_weilert_acc/code/1_processing/bw/Bunina_mesc_atac_day8_1.bw

Submitted job 528 with external jobid 'Submitted batch job 4007688'.
Waiting at most 120 seconds for missing files.
[Fri Jan 30 17:58:14 2026]
Finished job 530.
33 of 49 steps (67%) done
Select jobs to execute...

[Fri Jan 30 17:58:14 2026]
Job 529: Summarizing quality metrics and performing database upload...
Reason: Missing output files: /n/projects/mw2098/publications/2024_weilert_acc/code/1_processing/logs/quality_metrics/Bunina_mesc_atac_day8_2_metrics.tsv; Input files updated by another job: /n/projects/mw2098/publications/2024_weilert_acc/code/1_processing/logs/pipeline_transition/Bunina_mesc_atac_day8_2_touch.txt, /n/projects/mw2098/publications/2024_weilert_acc/code/1_processing/logs/fastq_counts/Bunina_mesc_atac_day8_2_raw_reads.txt

Submitted job 529 with external jobid 'Submitted batch job 4007689'.
[Fri Jan 30 17:58:14 2026]
Finished job 524.
34 of 49 steps (69%) done
[Fri Jan 30 17:58:14 2026]
Finished job 528.
35 of 49 steps (71%) done
Select jobs to execute...

[Fri Jan 30 17:58:14 2026]
Job 527: Summarizing quality metrics and performing database upload...
Reason: Missing output files: /n/projects/mw2098/publications/2024_weilert_acc/code/1_processing/logs/quality_metrics/Bunina_mesc_atac_day8_1_metrics.tsv; Input files updated by another job: /n/projects/mw2098/publications/2024_weilert_acc/code/1_processing/logs/pipeline_transition/Bunina_mesc_atac_day8_1_touch.txt, /n/projects/mw2098/publications/2024_weilert_acc/code/1_processing/logs/fastq_counts/Bunina_mesc_atac_day8_1_raw_reads.txt

Submitted job 527 with external jobid 'Submitted batch job 4007690'.

[Fri Jan 30 17:58:14 2026]
Job 523: Summarizing quality metrics and performing database upload...
Reason: Missing output files: /n/projects/mw2098/publications/2024_weilert_acc/code/1_processing/logs/quality_metrics/Bunina_mesc_atac_day4_1_metrics.tsv; Input files updated by another job: /n/projects/mw2098/publications/2024_weilert_acc/code/1_processing/logs/pipeline_transition/Bunina_mesc_atac_day4_1_touch.txt, /n/projects/mw2098/publications/2024_weilert_acc/code/1_processing/logs/fastq_counts/Bunina_mesc_atac_day4_1_raw_reads.txt

Submitted job 523 with external jobid 'Submitted batch job 4007691'.
[Fri Jan 30 17:58:24 2026]
Finished job 283.
36 of 49 steps (73%) done
Select jobs to execute...

[Fri Jan 30 17:58:24 2026]
Job 534: Transitioning to uploading metrics...
Reason: Missing output files: /n/projects/mw2098/publications/2024_weilert_acc/code/1_processing/logs/pipeline_transition/Bunina_mesc_atac_day12_2_touch.txt; Input files updated by another job: /n/projects/mw2098/publications/2024_weilert_acc/code/1_processing/bw/Bunina_mesc_atac_day12_2.bw

Submitted job 534 with external jobid 'Submitted batch job 4007692'.
[Fri Jan 30 17:58:24 2026]
Finished job 361.
37 of 49 steps (76%) done
Waiting at most 120 seconds for missing files.
[Fri Jan 30 17:58:54 2026]
Finished job 534.
38 of 49 steps (78%) done
Select jobs to execute...

[Fri Jan 30 17:58:54 2026]
Job 533: Summarizing quality metrics and performing database upload...
Reason: Missing output files: /n/projects/mw2098/publications/2024_weilert_acc/code/1_processing/logs/quality_metrics/Bunina_mesc_atac_day12_2_metrics.tsv; Input files updated by another job: /n/projects/mw2098/publications/2024_weilert_acc/code/1_processing/logs/fastq_counts/Bunina_mesc_atac_day12_2_raw_reads.txt, /n/projects/mw2098/publications/2024_weilert_acc/code/1_processing/logs/pipeline_transition/Bunina_mesc_atac_day12_2_touch.txt

Submitted job 533 with external jobid 'Submitted batch job 4007693'.
[Fri Jan 30 17:59:04 2026]
Finished job 529.
39 of 49 steps (80%) done
[Fri Jan 30 17:59:04 2026]
Finished job 527.
40 of 49 steps (82%) done
[Fri Jan 30 17:59:04 2026]
Finished job 523.
41 of 49 steps (84%) done
[Fri Jan 30 17:59:34 2026]
Finished job 533.
42 of 49 steps (86%) done
[Fri Jan 30 18:04:04 2026]
Finished job 265.
43 of 49 steps (88%) done
Select jobs to execute...

[Fri Jan 30 18:04:04 2026]
Job 522: Transitioning to uploading metrics...
Reason: Missing output files: /n/projects/mw2098/publications/2024_weilert_acc/code/1_processing/logs/pipeline_transition/Bunina_mesc_atac_day0_2_touch.txt; Input files updated by another job: /n/projects/mw2098/publications/2024_weilert_acc/code/1_processing/bw/Bunina_mesc_atac_day0_2.bw

Submitted job 522 with external jobid 'Submitted batch job 4007699'.
Waiting at most 120 seconds for missing files.
[Fri Jan 30 18:05:04 2026]
Finished job 522.
44 of 49 steps (90%) done
Select jobs to execute...

[Fri Jan 30 18:05:04 2026]
Job 521: Summarizing quality metrics and performing database upload...
Reason: Missing output files: /n/projects/mw2098/publications/2024_weilert_acc/code/1_processing/logs/quality_metrics/Bunina_mesc_atac_day0_2_metrics.tsv; Input files updated by another job: /n/projects/mw2098/publications/2024_weilert_acc/code/1_processing/logs/pipeline_transition/Bunina_mesc_atac_day0_2_touch.txt, /n/projects/mw2098/publications/2024_weilert_acc/code/1_processing/logs/fastq_counts/Bunina_mesc_atac_day0_2_raw_reads.txt

Submitted job 521 with external jobid 'Submitted batch job 4007701'.
[Fri Jan 30 18:06:14 2026]
Finished job 521.
45 of 49 steps (92%) done
[Fri Jan 30 18:09:44 2026]
Finished job 262.
46 of 49 steps (94%) done
Select jobs to execute...

[Fri Jan 30 18:09:44 2026]
Job 520: Transitioning to uploading metrics...
Reason: Missing output files: /n/projects/mw2098/publications/2024_weilert_acc/code/1_processing/logs/pipeline_transition/Bunina_mesc_atac_day0_1_touch.txt; Input files updated by another job: /n/projects/mw2098/publications/2024_weilert_acc/code/1_processing/bw/Bunina_mesc_atac_day0_1.bw

Submitted job 520 with external jobid 'Submitted batch job 4007703'.
Waiting at most 120 seconds for missing files.
[Fri Jan 30 18:10:44 2026]
Finished job 520.
47 of 49 steps (96%) done
Select jobs to execute...

[Fri Jan 30 18:10:45 2026]
Job 519: Summarizing quality metrics and performing database upload...
Reason: Missing output files: /n/projects/mw2098/publications/2024_weilert_acc/code/1_processing/logs/quality_metrics/Bunina_mesc_atac_day0_1_metrics.tsv; Input files updated by another job: /n/projects/mw2098/publications/2024_weilert_acc/code/1_processing/logs/pipeline_transition/Bunina_mesc_atac_day0_1_touch.txt, /n/projects/mw2098/publications/2024_weilert_acc/code/1_processing/logs/fastq_counts/Bunina_mesc_atac_day0_1_raw_reads.txt

Submitted job 519 with external jobid 'Submitted batch job 4007704'.
[Fri Jan 30 18:11:25 2026]
Finished job 519.
48 of 49 steps (98%) done
Select jobs to execute...

[Fri Jan 30 18:11:25 2026]
localrule all:
    input: /n/projects/mw2098/publications/2024_weilert_acc/code/1_processing/bw/mesc_ctcf_nexus_2_positive.bw, /n/projects/mw2098/publications/2024_weilert_acc/code/1_processing/bw/mesc_ctcf_nexus_5_positive.bw, /n/projects/mw2098/publications/2024_weilert_acc/code/1_processing/bw/mesc_ctcf_nexus_6_positive.bw, /n/projects/mw2098/publications/2024_weilert_acc/code/1_processing/bw/mesc_esrrb_nexus_1_positive.bw, /n/projects/mw2098/publications/2024_weilert_acc/code/1_processing/bw/mesc_esrrb_nexus_2_positive.bw, /n/projects/mw2098/publications/2024_weilert_acc/code/1_processing/bw/mesc_esrrb_nexus_4_positive.bw, /n/projects/mw2098/publications/2024_weilert_acc/code/1_processing/bw/mesc_esrrb_nexus_5_positive.bw, /n/projects/mw2098/publications/2024_weilert_acc/code/1_processing/bw/mesc_esrrb_nexus_6_positive.bw, /n/projects/mw2098/publications/2024_weilert_acc/code/1_processing/bw/mesc_esrrb_nexus_7_positive.bw, /n/projects/mw2098/publications/2024_weilert_acc/code/1_processing/bw/mesc_esrrb_nexus_8_positive.bw, /n/projects/mw2098/publications/2024_weilert_acc/code/1_processing/bw/mesc_klf4_nexus_1_positive.bw, /n/projects/mw2098/publications/2024_weilert_acc/code/1_processing/bw/mesc_klf4_nexus_2_positive.bw, /n/projects/mw2098/publications/2024_weilert_acc/code/1_processing/bw/mesc_klf4_nexus_3_positive.bw, /n/projects/mw2098/publications/2024_weilert_acc/code/1_processing/bw/mesc_klf4_nexus_4_positive.bw, /n/projects/mw2098/publications/2024_weilert_acc/code/1_processing/bw/mesc_klf4_nexus_5_positive.bw, /n/projects/mw2098/publications/2024_weilert_acc/code/1_processing/bw/mesc_nanog_nexus_1_positive.bw, /n/projects/mw2098/publications/2024_weilert_acc/code/1_processing/bw/mesc_nanog_nexus_2_positive.bw, /n/projects/mw2098/publications/2024_weilert_acc/code/1_processing/bw/mesc_nanog_nexus_3_positive.bw, /n/projects/mw2098/publications/2024_weilert_acc/code/1_processing/bw/mesc_nanog_nexus_4_positive.bw, /n/projects/mw2098/publications/2024_weilert_acc/code/1_processing/bw/mesc_nanog_nexus_5_positive.bw, /n/projects/mw2098/publications/2024_weilert_acc/code/1_processing/bw/mesc_native_atac_1.bw, /n/projects/mw2098/publications/2024_weilert_acc/code/1_processing/bw/mesc_native_atac_2.bw, /n/projects/mw2098/publications/2024_weilert_acc/code/1_processing/bw/mesc_native_atac_3.bw, /n/projects/mw2098/publications/2024_weilert_acc/code/1_processing/bw/mesc_oct4_nexus_1_positive.bw, /n/projects/mw2098/publications/2024_weilert_acc/code/1_processing/bw/mesc_oct4_nexus_2_positive.bw, /n/projects/mw2098/publications/2024_weilert_acc/code/1_processing/bw/mesc_oct4_nexus_3_positive.bw, /n/projects/mw2098/publications/2024_weilert_acc/code/1_processing/bw/mesc_oct4_nexus_4_positive.bw, /n/projects/mw2098/publications/2024_weilert_acc/code/1_processing/bw/mesc_oct4_nexus_5_positive.bw, /n/projects/mw2098/publications/2024_weilert_acc/code/1_processing/bw/mesc_oct4_nexus_6_positive.bw, /n/projects/mw2098/publications/2024_weilert_acc/code/1_processing/bw/mesc_sox2_nexus_1_positive.bw, /n/projects/mw2098/publications/2024_weilert_acc/code/1_processing/bw/mesc_sox2_nexus_2_positive.bw, /n/projects/mw2098/publications/2024_weilert_acc/code/1_processing/bw/mesc_sox2_nexus_4_positive.bw, /n/projects/mw2098/publications/2024_weilert_acc/code/1_processing/bw/mesc_sox2_nexus_6_positive.bw, /n/projects/mw2098/publications/2024_weilert_acc/code/1_processing/bw/mesc_zic3_nexus_1_positive.bw, /n/projects/mw2098/publications/2024_weilert_acc/code/1_processing/bw/mesc_zic3_nexus_2_positive.bw, /n/projects/mw2098/publications/2024_weilert_acc/code/1_processing/bw/GSE174774_mesc_atac_0h_1.bw, /n/projects/mw2098/publications/2024_weilert_acc/code/1_processing/bw/GSE174774_mesc_atac_0h_2.bw, /n/projects/mw2098/publications/2024_weilert_acc/code/1_processing/bw/GSE174774_mesc_atac_3h_1.bw, /n/projects/mw2098/publications/2024_weilert_acc/code/1_processing/bw/GSE174774_mesc_atac_3h_2.bw, /n/projects/mw2098/publications/2024_weilert_acc/code/1_processing/bw/GSE174774_mesc_atac_6h_1.bw, /n/projects/mw2098/publications/2024_weilert_acc/code/1_processing/bw/GSE174774_mesc_atac_6h_2.bw, /n/projects/mw2098/publications/2024_weilert_acc/code/1_processing/bw/GSE174774_mesc_atac_9h_1.bw, /n/projects/mw2098/publications/2024_weilert_acc/code/1_processing/bw/GSE174774_mesc_atac_9h_2.bw, /n/projects/mw2098/publications/2024_weilert_acc/code/1_processing/bw/GSE174774_mesc_atac_12h_1.bw, /n/projects/mw2098/publications/2024_weilert_acc/code/1_processing/bw/GSE174774_mesc_atac_12h_2.bw, /n/projects/mw2098/publications/2024_weilert_acc/code/1_processing/bw/GSE174774_mesc_atac_15h_1.bw, /n/projects/mw2098/publications/2024_weilert_acc/code/1_processing/bw/GSE174774_mesc_atac_15h_2.bw, /n/projects/mw2098/publications/2024_weilert_acc/code/1_processing/bw/GSE174774_mesc_ttseq_0h_1.bw, /n/projects/mw2098/publications/2024_weilert_acc/code/1_processing/bw/GSE174774_mesc_ttseq_0h_2.bw, /n/projects/mw2098/publications/2024_weilert_acc/code/1_processing/bw/GSE174774_mesc_ttseq_3h_1.bw, /n/projects/mw2098/publications/2024_weilert_acc/code/1_processing/bw/GSE174774_mesc_ttseq_3h_2.bw, /n/projects/mw2098/publications/2024_weilert_acc/code/1_processing/bw/GSE174774_mesc_ttseq_6h_1.bw, /n/projects/mw2098/publications/2024_weilert_acc/code/1_processing/bw/GSE174774_mesc_ttseq_6h_2.bw, /n/projects/mw2098/publications/2024_weilert_acc/code/1_processing/bw/GSE174774_mesc_ttseq_9h_1.bw, /n/projects/mw2098/publications/2024_weilert_acc/code/1_processing/bw/GSE174774_mesc_ttseq_9h_2.bw, /n/projects/mw2098/publications/2024_weilert_acc/code/1_processing/bw/GSE174774_mesc_ttseq_12h_1.bw, /n/projects/mw2098/publications/2024_weilert_acc/code/1_processing/bw/GSE174774_mesc_ttseq_12h_2.bw, /n/projects/mw2098/publications/2024_weilert_acc/code/1_processing/bw/GSE174774_mesc_ttseq_15h_1.bw, /n/projects/mw2098/publications/2024_weilert_acc/code/1_processing/bw/GSE174774_mesc_ttseq_15h_2.bw, /n/projects/mw2098/publications/2024_weilert_acc/code/1_processing/bw/mesc_Akr1cl_scenario_context_mut_A_atac_1.bw, /n/projects/mw2098/publications/2024_weilert_acc/code/1_processing/bw/mesc_Akr1cl_scenario_context_mut_A_atac_2.bw, /n/projects/mw2098/publications/2024_weilert_acc/code/1_processing/bw/mesc_Akr1cl_scenario_context_mut_B_atac_1.bw, /n/projects/mw2098/publications/2024_weilert_acc/code/1_processing/bw/mesc_Akr1cl_scenario_context_mut_B_atac_2.bw, /n/projects/mw2098/publications/2024_weilert_acc/code/1_processing/bw/mesc_Btbd11_scenario_WT_coop_WT_atac_1.bw, /n/projects/mw2098/publications/2024_weilert_acc/code/1_processing/bw/mesc_Btbd11_scenario_WT_coop_WT_atac_2.bw, /n/projects/mw2098/publications/2024_weilert_acc/code/1_processing/bw/mesc_Btbd11_scenario_WT_coop_mut_A_atac_1.bw, /n/projects/mw2098/publications/2024_weilert_acc/code/1_processing/bw/mesc_Btbd11_scenario_WT_coop_mut_A_atac_2.bw, /n/projects/mw2098/publications/2024_weilert_acc/code/1_processing/bw/mesc_Btbd11_scenario_WT_coop_mut_B_atac_1.bw, /n/projects/mw2098/publications/2024_weilert_acc/code/1_processing/bw/mesc_Btbd11_scenario_WT_coop_mut_B_atac_2.bw, /n/projects/mw2098/publications/2024_weilert_acc/code/1_processing/bw/mesc_Btbd11_scenario_WT_coop_mut_null_atac_1.bw, /n/projects/mw2098/publications/2024_weilert_acc/code/1_processing/bw/mesc_Btbd11_scenario_WT_coop_mut_null_atac_2.bw, /n/projects/mw2098/publications/2024_weilert_acc/code/1_processing/bw/mesc_R1_sox2_nexus_15_positive.bw, /n/projects/mw2098/publications/2024_weilert_acc/code/1_processing/bw/mesc_R1_sox2_nexus_16_positive.bw, /n/projects/mw2098/publications/2024_weilert_acc/code/1_processing/bw/mesc_Akr1cl_scenario_context_mut_A_sox2_nexus_1_positive.bw, /n/projects/mw2098/publications/2024_weilert_acc/code/1_processing/bw/mesc_Akr1cl_scenario_context_mut_A_sox2_nexus_2_positive.bw, /n/projects/mw2098/publications/2024_weilert_acc/code/1_processing/bw/mesc_Akr1cl_scenario_context_mut_B_sox2_nexus_1_positive.bw, /n/projects/mw2098/publications/2024_weilert_acc/code/1_processing/bw/mesc_R1_klf4_nexus_5_positive.bw, /n/projects/mw2098/publications/2024_weilert_acc/code/1_processing/bw/mesc_R1_klf4_nexus_6_positive.bw, /n/projects/mw2098/publications/2024_weilert_acc/code/1_processing/bw/mesc_Akr1cl_scenario_context_mut_A_klf4_nexus_1_positive.bw, /n/projects/mw2098/publications/2024_weilert_acc/code/1_processing/bw/mesc_Akr1cl_scenario_context_mut_B_klf4_nexus_1_positive.bw, /n/projects/mw2098/publications/2024_weilert_acc/code/1_processing/bw/mesc_Akr1cl_scenario_context_mut_B_klf4_nexus_2_positive.bw, /n/projects/mw2098/publications/2024_weilert_acc/code/1_processing/bw/mesc_Akr1cl_scenario_context_mut_A_sox2_nexus_3_positive.bw, /n/projects/mw2098/publications/2024_weilert_acc/code/1_processing/bw/mesc_Akr1cl_scenario_context_mut_B_sox2_nexus_2_positive.bw, /n/projects/mw2098/publications/2024_weilert_acc/code/1_processing/bw/mesc_Akr1cl_scenario_context_mut_B_sox2_nexus_3_positive.bw, /n/projects/mw2098/publications/2024_weilert_acc/code/1_processing/bw/mesc_Akr1cl_scenario_context_mut_A_klf4_nexus_2_positive.bw, /n/projects/mw2098/publications/2024_weilert_acc/code/1_processing/bw/mesc_Akr1cl_scenario_context_mut_A_klf4_nexus_3_positive.bw, /n/projects/mw2098/publications/2024_weilert_acc/code/1_processing/bw/mesc_Akr1cl_scenario_context_mut_B_klf4_nexus_3_positive.bw, /n/projects/mw2098/publications/2024_weilert_acc/code/1_processing/bw/Bunina_mesc_atac_day0_1.bw, /n/projects/mw2098/publications/2024_weilert_acc/code/1_processing/bw/Bunina_mesc_atac_day0_2.bw, /n/projects/mw2098/publications/2024_weilert_acc/code/1_processing/bw/Bunina_mesc_atac_day4_1.bw, /n/projects/mw2098/publications/2024_weilert_acc/code/1_processing/bw/Bunina_mesc_atac_day4_2.bw, /n/projects/mw2098/publications/2024_weilert_acc/code/1_processing/bw/Bunina_mesc_atac_day8_1.bw, /n/projects/mw2098/publications/2024_weilert_acc/code/1_processing/bw/Bunina_mesc_atac_day8_2.bw, /n/projects/mw2098/publications/2024_weilert_acc/code/1_processing/bw/Bunina_mesc_atac_day12_1.bw, /n/projects/mw2098/publications/2024_weilert_acc/code/1_processing/bw/Bunina_mesc_atac_day12_2.bw, /n/projects/mw2098/publications/2024_weilert_acc/code/1_processing/peaks/mesc_ctcf_nexus_2_peaks.narrowPeak, /n/projects/mw2098/publications/2024_weilert_acc/code/1_processing/peaks/mesc_ctcf_nexus_5_peaks.narrowPeak, /n/projects/mw2098/publications/2024_weilert_acc/code/1_processing/peaks/mesc_ctcf_nexus_6_peaks.narrowPeak, /n/projects/mw2098/publications/2024_weilert_acc/code/1_processing/peaks/mesc_esrrb_nexus_1_peaks.narrowPeak, /n/projects/mw2098/publications/2024_weilert_acc/code/1_processing/peaks/mesc_esrrb_nexus_2_peaks.narrowPeak, /n/projects/mw2098/publications/2024_weilert_acc/code/1_processing/peaks/mesc_esrrb_nexus_4_peaks.narrowPeak, /n/projects/mw2098/publications/2024_weilert_acc/code/1_processing/peaks/mesc_esrrb_nexus_5_peaks.narrowPeak, /n/projects/mw2098/publications/2024_weilert_acc/code/1_processing/peaks/mesc_esrrb_nexus_6_peaks.narrowPeak, /n/projects/mw2098/publications/2024_weilert_acc/code/1_processing/peaks/mesc_esrrb_nexus_7_peaks.narrowPeak, /n/projects/mw2098/publications/2024_weilert_acc/code/1_processing/peaks/mesc_esrrb_nexus_8_peaks.narrowPeak, /n/projects/mw2098/publications/2024_weilert_acc/code/1_processing/peaks/mesc_klf4_nexus_1_peaks.narrowPeak, /n/projects/mw2098/publications/2024_weilert_acc/code/1_processing/peaks/mesc_klf4_nexus_2_peaks.narrowPeak, /n/projects/mw2098/publications/2024_weilert_acc/code/1_processing/peaks/mesc_klf4_nexus_3_peaks.narrowPeak, /n/projects/mw2098/publications/2024_weilert_acc/code/1_processing/peaks/mesc_klf4_nexus_4_peaks.narrowPeak, /n/projects/mw2098/publications/2024_weilert_acc/code/1_processing/peaks/mesc_klf4_nexus_5_peaks.narrowPeak, /n/projects/mw2098/publications/2024_weilert_acc/code/1_processing/peaks/mesc_nanog_nexus_1_peaks.narrowPeak, /n/projects/mw2098/publications/2024_weilert_acc/code/1_processing/peaks/mesc_nanog_nexus_2_peaks.narrowPeak, /n/projects/mw2098/publications/2024_weilert_acc/code/1_processing/peaks/mesc_nanog_nexus_3_peaks.narrowPeak, /n/projects/mw2098/publications/2024_weilert_acc/code/1_processing/peaks/mesc_nanog_nexus_4_peaks.narrowPeak, /n/projects/mw2098/publications/2024_weilert_acc/code/1_processing/peaks/mesc_nanog_nexus_5_peaks.narrowPeak, /n/projects/mw2098/publications/2024_weilert_acc/code/1_processing/peaks/mesc_native_atac_1_peaks.narrowPeak, /n/projects/mw2098/publications/2024_weilert_acc/code/1_processing/peaks/mesc_native_atac_2_peaks.narrowPeak, /n/projects/mw2098/publications/2024_weilert_acc/code/1_processing/peaks/mesc_native_atac_3_peaks.narrowPeak, /n/projects/mw2098/publications/2024_weilert_acc/code/1_processing/peaks/mesc_oct4_nexus_1_peaks.narrowPeak, /n/projects/mw2098/publications/2024_weilert_acc/code/1_processing/peaks/mesc_oct4_nexus_2_peaks.narrowPeak, /n/projects/mw2098/publications/2024_weilert_acc/code/1_processing/peaks/mesc_oct4_nexus_3_peaks.narrowPeak, /n/projects/mw2098/publications/2024_weilert_acc/code/1_processing/peaks/mesc_oct4_nexus_4_peaks.narrowPeak, /n/projects/mw2098/publications/2024_weilert_acc/code/1_processing/peaks/mesc_oct4_nexus_5_peaks.narrowPeak, /n/projects/mw2098/publications/2024_weilert_acc/code/1_processing/peaks/mesc_oct4_nexus_6_peaks.narrowPeak, /n/projects/mw2098/publications/2024_weilert_acc/code/1_processing/peaks/mesc_sox2_nexus_1_peaks.narrowPeak, /n/projects/mw2098/publications/2024_weilert_acc/code/1_processing/peaks/mesc_sox2_nexus_2_peaks.narrowPeak, /n/projects/mw2098/publications/2024_weilert_acc/code/1_processing/peaks/mesc_sox2_nexus_4_peaks.narrowPeak, /n/projects/mw2098/publications/2024_weilert_acc/code/1_processing/peaks/mesc_sox2_nexus_6_peaks.narrowPeak, /n/projects/mw2098/publications/2024_weilert_acc/code/1_processing/peaks/mesc_zic3_nexus_1_peaks.narrowPeak, /n/projects/mw2098/publications/2024_weilert_acc/code/1_processing/peaks/mesc_zic3_nexus_2_peaks.narrowPeak, /n/projects/mw2098/publications/2024_weilert_acc/code/1_processing/peaks/GSE174774_mesc_atac_0h_1_peaks.narrowPeak, /n/projects/mw2098/publications/2024_weilert_acc/code/1_processing/peaks/GSE174774_mesc_atac_0h_2_peaks.narrowPeak, /n/projects/mw2098/publications/2024_weilert_acc/code/1_processing/peaks/GSE174774_mesc_atac_3h_1_peaks.narrowPeak, /n/projects/mw2098/publications/2024_weilert_acc/code/1_processing/peaks/GSE174774_mesc_atac_3h_2_peaks.narrowPeak, /n/projects/mw2098/publications/2024_weilert_acc/code/1_processing/peaks/GSE174774_mesc_atac_6h_1_peaks.narrowPeak, /n/projects/mw2098/publications/2024_weilert_acc/code/1_processing/peaks/GSE174774_mesc_atac_6h_2_peaks.narrowPeak, /n/projects/mw2098/publications/2024_weilert_acc/code/1_processing/peaks/GSE174774_mesc_atac_9h_1_peaks.narrowPeak, /n/projects/mw2098/publications/2024_weilert_acc/code/1_processing/peaks/GSE174774_mesc_atac_9h_2_peaks.narrowPeak, /n/projects/mw2098/publications/2024_weilert_acc/code/1_processing/peaks/GSE174774_mesc_atac_12h_1_peaks.narrowPeak, /n/projects/mw2098/publications/2024_weilert_acc/code/1_processing/peaks/GSE174774_mesc_atac_12h_2_peaks.narrowPeak, /n/projects/mw2098/publications/2024_weilert_acc/code/1_processing/peaks/GSE174774_mesc_atac_15h_1_peaks.narrowPeak, /n/projects/mw2098/publications/2024_weilert_acc/code/1_processing/peaks/GSE174774_mesc_atac_15h_2_peaks.narrowPeak, /n/projects/mw2098/publications/2024_weilert_acc/code/1_processing/peaks/mesc_Akr1cl_scenario_context_mut_A_atac_1_peaks.narrowPeak, /n/projects/mw2098/publications/2024_weilert_acc/code/1_processing/peaks/mesc_Akr1cl_scenario_context_mut_A_atac_2_peaks.narrowPeak, /n/projects/mw2098/publications/2024_weilert_acc/code/1_processing/peaks/mesc_Akr1cl_scenario_context_mut_B_atac_1_peaks.narrowPeak, /n/projects/mw2098/publications/2024_weilert_acc/code/1_processing/peaks/mesc_Akr1cl_scenario_context_mut_B_atac_2_peaks.narrowPeak, /n/projects/mw2098/publications/2024_weilert_acc/code/1_processing/peaks/mesc_Btbd11_scenario_WT_coop_WT_atac_1_peaks.narrowPeak, /n/projects/mw2098/publications/2024_weilert_acc/code/1_processing/peaks/mesc_Btbd11_scenario_WT_coop_WT_atac_2_peaks.narrowPeak, /n/projects/mw2098/publications/2024_weilert_acc/code/1_processing/peaks/mesc_Btbd11_scenario_WT_coop_mut_A_atac_1_peaks.narrowPeak, /n/projects/mw2098/publications/2024_weilert_acc/code/1_processing/peaks/mesc_Btbd11_scenario_WT_coop_mut_A_atac_2_peaks.narrowPeak, /n/projects/mw2098/publications/2024_weilert_acc/code/1_processing/peaks/mesc_Btbd11_scenario_WT_coop_mut_B_atac_1_peaks.narrowPeak, /n/projects/mw2098/publications/2024_weilert_acc/code/1_processing/peaks/mesc_Btbd11_scenario_WT_coop_mut_B_atac_2_peaks.narrowPeak, /n/projects/mw2098/publications/2024_weilert_acc/code/1_processing/peaks/mesc_Btbd11_scenario_WT_coop_mut_null_atac_1_peaks.narrowPeak, /n/projects/mw2098/publications/2024_weilert_acc/code/1_processing/peaks/mesc_Btbd11_scenario_WT_coop_mut_null_atac_2_peaks.narrowPeak, /n/projects/mw2098/publications/2024_weilert_acc/code/1_processing/peaks/mesc_R1_sox2_nexus_15_peaks.narrowPeak, /n/projects/mw2098/publications/2024_weilert_acc/code/1_processing/peaks/mesc_R1_sox2_nexus_16_peaks.narrowPeak, /n/projects/mw2098/publications/2024_weilert_acc/code/1_processing/peaks/mesc_Akr1cl_scenario_context_mut_A_sox2_nexus_1_peaks.narrowPeak, /n/projects/mw2098/publications/2024_weilert_acc/code/1_processing/peaks/mesc_Akr1cl_scenario_context_mut_A_sox2_nexus_2_peaks.narrowPeak, /n/projects/mw2098/publications/2024_weilert_acc/code/1_processing/peaks/mesc_Akr1cl_scenario_context_mut_B_sox2_nexus_1_peaks.narrowPeak, /n/projects/mw2098/publications/2024_weilert_acc/code/1_processing/peaks/mesc_R1_klf4_nexus_5_peaks.narrowPeak, /n/projects/mw2098/publications/2024_weilert_acc/code/1_processing/peaks/mesc_R1_klf4_nexus_6_peaks.narrowPeak, /n/projects/mw2098/publications/2024_weilert_acc/code/1_processing/peaks/mesc_Akr1cl_scenario_context_mut_A_klf4_nexus_1_peaks.narrowPeak, /n/projects/mw2098/publications/2024_weilert_acc/code/1_processing/peaks/mesc_Akr1cl_scenario_context_mut_B_klf4_nexus_1_peaks.narrowPeak, /n/projects/mw2098/publications/2024_weilert_acc/code/1_processing/peaks/mesc_Akr1cl_scenario_context_mut_B_klf4_nexus_2_peaks.narrowPeak, /n/projects/mw2098/publications/2024_weilert_acc/code/1_processing/peaks/mesc_Akr1cl_scenario_context_mut_A_sox2_nexus_3_peaks.narrowPeak, /n/projects/mw2098/publications/2024_weilert_acc/code/1_processing/peaks/mesc_Akr1cl_scenario_context_mut_B_sox2_nexus_2_peaks.narrowPeak, /n/projects/mw2098/publications/2024_weilert_acc/code/1_processing/peaks/mesc_Akr1cl_scenario_context_mut_B_sox2_nexus_3_peaks.narrowPeak, /n/projects/mw2098/publications/2024_weilert_acc/code/1_processing/peaks/mesc_Akr1cl_scenario_context_mut_A_klf4_nexus_2_peaks.narrowPeak, /n/projects/mw2098/publications/2024_weilert_acc/code/1_processing/peaks/mesc_Akr1cl_scenario_context_mut_A_klf4_nexus_3_peaks.narrowPeak, /n/projects/mw2098/publications/2024_weilert_acc/code/1_processing/peaks/mesc_Akr1cl_scenario_context_mut_B_klf4_nexus_3_peaks.narrowPeak, /n/projects/mw2098/publications/2024_weilert_acc/code/1_processing/peaks/Bunina_mesc_atac_day0_1_peaks.narrowPeak, /n/projects/mw2098/publications/2024_weilert_acc/code/1_processing/peaks/Bunina_mesc_atac_day0_2_peaks.narrowPeak, /n/projects/mw2098/publications/2024_weilert_acc/code/1_processing/peaks/Bunina_mesc_atac_day4_1_peaks.narrowPeak, /n/projects/mw2098/publications/2024_weilert_acc/code/1_processing/peaks/Bunina_mesc_atac_day4_2_peaks.narrowPeak, /n/projects/mw2098/publications/2024_weilert_acc/code/1_processing/peaks/Bunina_mesc_atac_day8_1_peaks.narrowPeak, /n/projects/mw2098/publications/2024_weilert_acc/code/1_processing/peaks/Bunina_mesc_atac_day8_2_peaks.narrowPeak, /n/projects/mw2098/publications/2024_weilert_acc/code/1_processing/peaks/Bunina_mesc_atac_day12_1_peaks.narrowPeak, /n/projects/mw2098/publications/2024_weilert_acc/code/1_processing/peaks/Bunina_mesc_atac_day12_2_peaks.narrowPeak, /n/projects/mw2098/publications/2024_weilert_acc/code/1_processing/logs/quality_metrics/mesc_ctcf_nexus_2_metrics.tsv, /n/projects/mw2098/publications/2024_weilert_acc/code/1_processing/logs/quality_metrics/mesc_ctcf_nexus_5_metrics.tsv, /n/projects/mw2098/publications/2024_weilert_acc/code/1_processing/logs/quality_metrics/mesc_ctcf_nexus_6_metrics.tsv, /n/projects/mw2098/publications/2024_weilert_acc/code/1_processing/logs/quality_metrics/mesc_esrrb_nexus_1_metrics.tsv, /n/projects/mw2098/publications/2024_weilert_acc/code/1_processing/logs/quality_metrics/mesc_esrrb_nexus_2_metrics.tsv, /n/projects/mw2098/publications/2024_weilert_acc/code/1_processing/logs/quality_metrics/mesc_esrrb_nexus_4_metrics.tsv, /n/projects/mw2098/publications/2024_weilert_acc/code/1_processing/logs/quality_metrics/mesc_esrrb_nexus_5_metrics.tsv, /n/projects/mw2098/publications/2024_weilert_acc/code/1_processing/logs/quality_metrics/mesc_esrrb_nexus_6_metrics.tsv, /n/projects/mw2098/publications/2024_weilert_acc/code/1_processing/logs/quality_metrics/mesc_esrrb_nexus_7_metrics.tsv, /n/projects/mw2098/publications/2024_weilert_acc/code/1_processing/logs/quality_metrics/mesc_esrrb_nexus_8_metrics.tsv, /n/projects/mw2098/publications/2024_weilert_acc/code/1_processing/logs/quality_metrics/mesc_klf4_nexus_1_metrics.tsv, /n/projects/mw2098/publications/2024_weilert_acc/code/1_processing/logs/quality_metrics/mesc_klf4_nexus_2_metrics.tsv, /n/projects/mw2098/publications/2024_weilert_acc/code/1_processing/logs/quality_metrics/mesc_klf4_nexus_3_metrics.tsv, /n/projects/mw2098/publications/2024_weilert_acc/code/1_processing/logs/quality_metrics/mesc_klf4_nexus_4_metrics.tsv, /n/projects/mw2098/publications/2024_weilert_acc/code/1_processing/logs/quality_metrics/mesc_klf4_nexus_5_metrics.tsv, /n/projects/mw2098/publications/2024_weilert_acc/code/1_processing/logs/quality_metrics/mesc_nanog_nexus_1_metrics.tsv, /n/projects/mw2098/publications/2024_weilert_acc/code/1_processing/logs/quality_metrics/mesc_nanog_nexus_2_metrics.tsv, /n/projects/mw2098/publications/2024_weilert_acc/code/1_processing/logs/quality_metrics/mesc_nanog_nexus_3_metrics.tsv, /n/projects/mw2098/publications/2024_weilert_acc/code/1_processing/logs/quality_metrics/mesc_nanog_nexus_4_metrics.tsv, /n/projects/mw2098/publications/2024_weilert_acc/code/1_processing/logs/quality_metrics/mesc_nanog_nexus_5_metrics.tsv, /n/projects/mw2098/publications/2024_weilert_acc/code/1_processing/logs/quality_metrics/mesc_native_atac_1_metrics.tsv, /n/projects/mw2098/publications/2024_weilert_acc/code/1_processing/logs/quality_metrics/mesc_native_atac_2_metrics.tsv, /n/projects/mw2098/publications/2024_weilert_acc/code/1_processing/logs/quality_metrics/mesc_native_atac_3_metrics.tsv, /n/projects/mw2098/publications/2024_weilert_acc/code/1_processing/logs/quality_metrics/mesc_oct4_nexus_1_metrics.tsv, /n/projects/mw2098/publications/2024_weilert_acc/code/1_processing/logs/quality_metrics/mesc_oct4_nexus_2_metrics.tsv, /n/projects/mw2098/publications/2024_weilert_acc/code/1_processing/logs/quality_metrics/mesc_oct4_nexus_3_metrics.tsv, /n/projects/mw2098/publications/2024_weilert_acc/code/1_processing/logs/quality_metrics/mesc_oct4_nexus_4_metrics.tsv, /n/projects/mw2098/publications/2024_weilert_acc/code/1_processing/logs/quality_metrics/mesc_oct4_nexus_5_metrics.tsv, /n/projects/mw2098/publications/2024_weilert_acc/code/1_processing/logs/quality_metrics/mesc_oct4_nexus_6_metrics.tsv, /n/projects/mw2098/publications/2024_weilert_acc/code/1_processing/logs/quality_metrics/mesc_sox2_nexus_1_metrics.tsv, /n/projects/mw2098/publications/2024_weilert_acc/code/1_processing/logs/quality_metrics/mesc_sox2_nexus_2_metrics.tsv, /n/projects/mw2098/publications/2024_weilert_acc/code/1_processing/logs/quality_metrics/mesc_sox2_nexus_4_metrics.tsv, /n/projects/mw2098/publications/2024_weilert_acc/code/1_processing/logs/quality_metrics/mesc_sox2_nexus_6_metrics.tsv, /n/projects/mw2098/publications/2024_weilert_acc/code/1_processing/logs/quality_metrics/mesc_zic3_nexus_1_metrics.tsv, /n/projects/mw2098/publications/2024_weilert_acc/code/1_processing/logs/quality_metrics/mesc_zic3_nexus_2_metrics.tsv, /n/projects/mw2098/publications/2024_weilert_acc/code/1_processing/logs/quality_metrics/GSE174774_mesc_atac_0h_1_metrics.tsv, /n/projects/mw2098/publications/2024_weilert_acc/code/1_processing/logs/quality_metrics/GSE174774_mesc_atac_0h_2_metrics.tsv, /n/projects/mw2098/publications/2024_weilert_acc/code/1_processing/logs/quality_metrics/GSE174774_mesc_atac_3h_1_metrics.tsv, /n/projects/mw2098/publications/2024_weilert_acc/code/1_processing/logs/quality_metrics/GSE174774_mesc_atac_3h_2_metrics.tsv, /n/projects/mw2098/publications/2024_weilert_acc/code/1_processing/logs/quality_metrics/GSE174774_mesc_atac_6h_1_metrics.tsv, /n/projects/mw2098/publications/2024_weilert_acc/code/1_processing/logs/quality_metrics/GSE174774_mesc_atac_6h_2_metrics.tsv, /n/projects/mw2098/publications/2024_weilert_acc/code/1_processing/logs/quality_metrics/GSE174774_mesc_atac_9h_1_metrics.tsv, /n/projects/mw2098/publications/2024_weilert_acc/code/1_processing/logs/quality_metrics/GSE174774_mesc_atac_9h_2_metrics.tsv, /n/projects/mw2098/publications/2024_weilert_acc/code/1_processing/logs/quality_metrics/GSE174774_mesc_atac_12h_1_metrics.tsv, /n/projects/mw2098/publications/2024_weilert_acc/code/1_processing/logs/quality_metrics/GSE174774_mesc_atac_12h_2_metrics.tsv, /n/projects/mw2098/publications/2024_weilert_acc/code/1_processing/logs/quality_metrics/GSE174774_mesc_atac_15h_1_metrics.tsv, /n/projects/mw2098/publications/2024_weilert_acc/code/1_processing/logs/quality_metrics/GSE174774_mesc_atac_15h_2_metrics.tsv, /n/projects/mw2098/publications/2024_weilert_acc/code/1_processing/logs/quality_metrics/mesc_Akr1cl_scenario_context_mut_A_atac_1_metrics.tsv, /n/projects/mw2098/publications/2024_weilert_acc/code/1_processing/logs/quality_metrics/mesc_Akr1cl_scenario_context_mut_A_atac_2_metrics.tsv, /n/projects/mw2098/publications/2024_weilert_acc/code/1_processing/logs/quality_metrics/mesc_Akr1cl_scenario_context_mut_B_atac_1_metrics.tsv, /n/projects/mw2098/publications/2024_weilert_acc/code/1_processing/logs/quality_metrics/mesc_Akr1cl_scenario_context_mut_B_atac_2_metrics.tsv, /n/projects/mw2098/publications/2024_weilert_acc/code/1_processing/logs/quality_metrics/mesc_Btbd11_scenario_WT_coop_WT_atac_1_metrics.tsv, /n/projects/mw2098/publications/2024_weilert_acc/code/1_processing/logs/quality_metrics/mesc_Btbd11_scenario_WT_coop_WT_atac_2_metrics.tsv, /n/projects/mw2098/publications/2024_weilert_acc/code/1_processing/logs/quality_metrics/mesc_Btbd11_scenario_WT_coop_mut_A_atac_1_metrics.tsv, /n/projects/mw2098/publications/2024_weilert_acc/code/1_processing/logs/quality_metrics/mesc_Btbd11_scenario_WT_coop_mut_A_atac_2_metrics.tsv, /n/projects/mw2098/publications/2024_weilert_acc/code/1_processing/logs/quality_metrics/mesc_Btbd11_scenario_WT_coop_mut_B_atac_1_metrics.tsv, /n/projects/mw2098/publications/2024_weilert_acc/code/1_processing/logs/quality_metrics/mesc_Btbd11_scenario_WT_coop_mut_B_atac_2_metrics.tsv, /n/projects/mw2098/publications/2024_weilert_acc/code/1_processing/logs/quality_metrics/mesc_Btbd11_scenario_WT_coop_mut_null_atac_1_metrics.tsv, /n/projects/mw2098/publications/2024_weilert_acc/code/1_processing/logs/quality_metrics/mesc_Btbd11_scenario_WT_coop_mut_null_atac_2_metrics.tsv, /n/projects/mw2098/publications/2024_weilert_acc/code/1_processing/logs/quality_metrics/mesc_R1_sox2_nexus_15_metrics.tsv, /n/projects/mw2098/publications/2024_weilert_acc/code/1_processing/logs/quality_metrics/mesc_R1_sox2_nexus_16_metrics.tsv, /n/projects/mw2098/publications/2024_weilert_acc/code/1_processing/logs/quality_metrics/mesc_Akr1cl_scenario_context_mut_A_sox2_nexus_1_metrics.tsv, /n/projects/mw2098/publications/2024_weilert_acc/code/1_processing/logs/quality_metrics/mesc_Akr1cl_scenario_context_mut_A_sox2_nexus_2_metrics.tsv, /n/projects/mw2098/publications/2024_weilert_acc/code/1_processing/logs/quality_metrics/mesc_Akr1cl_scenario_context_mut_B_sox2_nexus_1_metrics.tsv, /n/projects/mw2098/publications/2024_weilert_acc/code/1_processing/logs/quality_metrics/mesc_R1_klf4_nexus_5_metrics.tsv, /n/projects/mw2098/publications/2024_weilert_acc/code/1_processing/logs/quality_metrics/mesc_R1_klf4_nexus_6_metrics.tsv, /n/projects/mw2098/publications/2024_weilert_acc/code/1_processing/logs/quality_metrics/mesc_Akr1cl_scenario_context_mut_A_klf4_nexus_1_metrics.tsv, /n/projects/mw2098/publications/2024_weilert_acc/code/1_processing/logs/quality_metrics/mesc_Akr1cl_scenario_context_mut_B_klf4_nexus_1_metrics.tsv, /n/projects/mw2098/publications/2024_weilert_acc/code/1_processing/logs/quality_metrics/mesc_Akr1cl_scenario_context_mut_B_klf4_nexus_2_metrics.tsv, /n/projects/mw2098/publications/2024_weilert_acc/code/1_processing/logs/quality_metrics/mesc_Akr1cl_scenario_context_mut_A_sox2_nexus_3_metrics.tsv, /n/projects/mw2098/publications/2024_weilert_acc/code/1_processing/logs/quality_metrics/mesc_Akr1cl_scenario_context_mut_B_sox2_nexus_2_metrics.tsv, /n/projects/mw2098/publications/2024_weilert_acc/code/1_processing/logs/quality_metrics/mesc_Akr1cl_scenario_context_mut_B_sox2_nexus_3_metrics.tsv, /n/projects/mw2098/publications/2024_weilert_acc/code/1_processing/logs/quality_metrics/mesc_Akr1cl_scenario_context_mut_A_klf4_nexus_2_metrics.tsv, /n/projects/mw2098/publications/2024_weilert_acc/code/1_processing/logs/quality_metrics/mesc_Akr1cl_scenario_context_mut_A_klf4_nexus_3_metrics.tsv, /n/projects/mw2098/publications/2024_weilert_acc/code/1_processing/logs/quality_metrics/mesc_Akr1cl_scenario_context_mut_B_klf4_nexus_3_metrics.tsv, /n/projects/mw2098/publications/2024_weilert_acc/code/1_processing/logs/quality_metrics/Bunina_mesc_atac_day0_1_metrics.tsv, /n/projects/mw2098/publications/2024_weilert_acc/code/1_processing/logs/quality_metrics/Bunina_mesc_atac_day0_2_metrics.tsv, /n/projects/mw2098/publications/2024_weilert_acc/code/1_processing/logs/quality_metrics/Bunina_mesc_atac_day4_1_metrics.tsv, /n/projects/mw2098/publications/2024_weilert_acc/code/1_processing/logs/quality_metrics/Bunina_mesc_atac_day4_2_metrics.tsv, /n/projects/mw2098/publications/2024_weilert_acc/code/1_processing/logs/quality_metrics/Bunina_mesc_atac_day8_1_metrics.tsv, /n/projects/mw2098/publications/2024_weilert_acc/code/1_processing/logs/quality_metrics/Bunina_mesc_atac_day8_2_metrics.tsv, /n/projects/mw2098/publications/2024_weilert_acc/code/1_processing/logs/quality_metrics/Bunina_mesc_atac_day12_1_metrics.tsv, /n/projects/mw2098/publications/2024_weilert_acc/code/1_processing/logs/quality_metrics/Bunina_mesc_atac_day12_2_metrics.tsv
    jobid: 0
    reason: Input files updated by another job: /n/projects/mw2098/publications/2024_weilert_acc/code/1_processing/logs/quality_metrics/Bunina_mesc_atac_day8_1_metrics.tsv, /n/projects/mw2098/publications/2024_weilert_acc/code/1_processing/peaks/Bunina_mesc_atac_day4_1_peaks.narrowPeak, /n/projects/mw2098/publications/2024_weilert_acc/code/1_processing/logs/quality_metrics/Bunina_mesc_atac_day0_1_metrics.tsv, /n/projects/mw2098/publications/2024_weilert_acc/code/1_processing/logs/quality_metrics/Bunina_mesc_atac_day12_1_metrics.tsv, /n/projects/mw2098/publications/2024_weilert_acc/code/1_processing/peaks/Bunina_mesc_atac_day0_2_peaks.narrowPeak, /n/projects/mw2098/publications/2024_weilert_acc/code/1_processing/peaks/Bunina_mesc_atac_day12_2_peaks.narrowPeak, /n/projects/mw2098/publications/2024_weilert_acc/code/1_processing/peaks/Bunina_mesc_atac_day4_2_peaks.narrowPeak, /n/projects/mw2098/publications/2024_weilert_acc/code/1_processing/logs/quality_metrics/Bunina_mesc_atac_day0_2_metrics.tsv, /n/projects/mw2098/publications/2024_weilert_acc/code/1_processing/logs/quality_metrics/Bunina_mesc_atac_day8_2_metrics.tsv, /n/projects/mw2098/publications/2024_weilert_acc/code/1_processing/bw/Bunina_mesc_atac_day8_1.bw, /n/projects/mw2098/publications/2024_weilert_acc/code/1_processing/peaks/Bunina_mesc_atac_day8_2_peaks.narrowPeak, /n/projects/mw2098/publications/2024_weilert_acc/code/1_processing/logs/quality_metrics/Bunina_mesc_atac_day4_1_metrics.tsv, /n/projects/mw2098/publications/2024_weilert_acc/code/1_processing/logs/quality_metrics/Bunina_mesc_atac_day4_2_metrics.tsv, /n/projects/mw2098/publications/2024_weilert_acc/code/1_processing/peaks/Bunina_mesc_atac_day12_1_peaks.narrowPeak, /n/projects/mw2098/publications/2024_weilert_acc/code/1_processing/bw/Bunina_mesc_atac_day0_1.bw, /n/projects/mw2098/publications/2024_weilert_acc/code/1_processing/bw/Bunina_mesc_atac_day12_2.bw, /n/projects/mw2098/publications/2024_weilert_acc/code/1_processing/logs/quality_metrics/Bunina_mesc_atac_day12_2_metrics.tsv, /n/projects/mw2098/publications/2024_weilert_acc/code/1_processing/peaks/Bunina_mesc_atac_day0_1_peaks.narrowPeak, /n/projects/mw2098/publications/2024_weilert_acc/code/1_processing/bw/Bunina_mesc_atac_day8_2.bw, /n/projects/mw2098/publications/2024_weilert_acc/code/1_processing/bw/Bunina_mesc_atac_day12_1.bw, /n/projects/mw2098/publications/2024_weilert_acc/code/1_processing/bw/Bunina_mesc_atac_day4_2.bw, /n/projects/mw2098/publications/2024_weilert_acc/code/1_processing/bw/Bunina_mesc_atac_day0_2.bw, /n/projects/mw2098/publications/2024_weilert_acc/code/1_processing/bw/Bunina_mesc_atac_day4_1.bw, /n/projects/mw2098/publications/2024_weilert_acc/code/1_processing/peaks/Bunina_mesc_atac_day8_1_peaks.narrowPeak
    resources: mem_mb=500000, mem_mib=476838, disk_mb=500000, disk_mib=476838, tmpdir=/tmp, cpus_per_task=16, runtime=7000

[Fri Jan 30 18:11:25 2026]
Finished job 0.
49 of 49 steps (100%) done
Complete log: .snakemake/log/2026-01-30T165718.589461.snakemake.log
