Using profile slurm for setting default command line arguments.
Building DAG of jobs...
Using shell: /usr/bin/bash
Provided cluster nodes: 10
Provided resources: disk_mb=500000
Job stats:
job                              count
-----------------------------  -------
all                                  1
bam_to_bw                            8
bam_to_macs2                        14
placeholder_transition               8
processed_fastq_to_sorted_bam        8
raw_fastq_to_processed_fastq         8
summarize_quality_metrics            8
total                               55

Select jobs to execute...

[Fri Feb 13 12:45:41 2026]
Job 294: Processing FASTQ
Reason: Missing output files: /n/projects/mw2098/publications/2024_weilert_acc/code/1_processing/logs/fastq_counts/Bunina_mesc_rna_day4_1_processed_reads.txt, /n/projects/mw2098/publications/2024_weilert_acc/code/1_processing/logs/fastq_counts/Bunina_mesc_rna_day4_1_raw_reads.txt

Submitted job 294 with external jobid 'Submitted batch job 4040432'.

[Fri Feb 13 12:45:41 2026]
Job 303: Processing FASTQ
Reason: Missing output files: /n/projects/mw2098/publications/2024_weilert_acc/code/1_processing/logs/fastq_counts/Bunina_mesc_rna_day8_2_processed_reads.txt, /n/projects/mw2098/publications/2024_weilert_acc/code/1_processing/logs/fastq_counts/Bunina_mesc_rna_day8_2_raw_reads.txt

Submitted job 303 with external jobid 'Submitted batch job 4040433'.

[Fri Feb 13 12:45:41 2026]
Job 385: Running MACS2...
Reason: Updated input files: /n/projects/mw2098/publications/2024_weilert_acc/code/1_processing/bam/Bunina_mesc_atac_day0_1.bam

Submitted job 385 with external jobid 'Submitted batch job 4040434'.

[Fri Feb 13 12:45:41 2026]
Job 291: Processing FASTQ
Reason: Missing output files: /n/projects/mw2098/publications/2024_weilert_acc/code/1_processing/logs/fastq_counts/Bunina_mesc_rna_day0_2_processed_reads.txt, /n/projects/mw2098/publications/2024_weilert_acc/code/1_processing/logs/fastq_counts/Bunina_mesc_rna_day0_2_raw_reads.txt

Submitted job 291 with external jobid 'Submitted batch job 4040435'.

[Fri Feb 13 12:45:41 2026]
Job 300: Processing FASTQ
Reason: Missing output files: /n/projects/mw2098/publications/2024_weilert_acc/code/1_processing/logs/fastq_counts/Bunina_mesc_rna_day8_1_processed_reads.txt, /n/projects/mw2098/publications/2024_weilert_acc/code/1_processing/logs/fastq_counts/Bunina_mesc_rna_day8_1_raw_reads.txt

Submitted job 300 with external jobid 'Submitted batch job 4040436'.

[Fri Feb 13 12:45:41 2026]
Job 309: Processing FASTQ
Reason: Missing output files: /n/projects/mw2098/publications/2024_weilert_acc/code/1_processing/logs/fastq_counts/Bunina_mesc_rna_day12_2_raw_reads.txt, /n/projects/mw2098/publications/2024_weilert_acc/code/1_processing/logs/fastq_counts/Bunina_mesc_rna_day12_2_processed_reads.txt

Submitted job 309 with external jobid 'Submitted batch job 4040437'.

[Fri Feb 13 12:45:41 2026]
Job 288: Processing FASTQ
Reason: Missing output files: /n/projects/mw2098/publications/2024_weilert_acc/code/1_processing/logs/fastq_counts/Bunina_mesc_rna_day0_1_processed_reads.txt, /n/projects/mw2098/publications/2024_weilert_acc/code/1_processing/logs/fastq_counts/Bunina_mesc_rna_day0_1_raw_reads.txt

Submitted job 288 with external jobid 'Submitted batch job 4040438'.

[Fri Feb 13 12:45:41 2026]
Job 297: Processing FASTQ
Reason: Missing output files: /n/projects/mw2098/publications/2024_weilert_acc/code/1_processing/logs/fastq_counts/Bunina_mesc_rna_day4_2_processed_reads.txt, /n/projects/mw2098/publications/2024_weilert_acc/code/1_processing/logs/fastq_counts/Bunina_mesc_rna_day4_2_raw_reads.txt

Submitted job 297 with external jobid 'Submitted batch job 4040439'.

[Fri Feb 13 12:45:41 2026]
Job 306: Processing FASTQ
Reason: Missing output files: /n/projects/mw2098/publications/2024_weilert_acc/code/1_processing/logs/fastq_counts/Bunina_mesc_rna_day12_1_processed_reads.txt, /n/projects/mw2098/publications/2024_weilert_acc/code/1_processing/logs/fastq_counts/Bunina_mesc_rna_day12_1_raw_reads.txt

Submitted job 306 with external jobid 'Submitted batch job 4040440'.

[Fri Feb 13 12:45:41 2026]
Job 386: Running MACS2...
Reason: Updated input files: /n/projects/mw2098/publications/2024_weilert_acc/code/1_processing/bam/Bunina_mesc_atac_day0_2.bam

Submitted job 386 with external jobid 'Submitted batch job 4040441'.
[2026-02-13T12:45:41.917] error: *** JOB 4040431 ON cerebro202 CANCELLED AT 2026-02-13T12:45:41 DUE to SIGNAL Terminated ***
