Building DAG of jobs...
Using shell: /usr/bin/bash
Provided cores: 16
Rules claiming more threads will be scaled down.
Provided resources: mem_mb=500000, mem_mib=476838, disk_mb=500000, disk_mib=476838, cpus_per_task=16
Select jobs to execute...

[Fri Jan 30 17:43:24 2026]
Job 0: Computing coverage of .bam file...
Reason: Forced execution

INFO	2026-01-30 17:43:25	MarkDuplicates	

********** NOTE: Picard's command line syntax is changing.
**********
********** For more information, please see:
********** https://github.com/broadinstitute/picard/wiki/Command-Line-Syntax-Transition-For-Users-(Pre-Transition)
**********
********** The command line looks like this in the new syntax:
**********
**********    MarkDuplicates -I /n/projects/mw2098/publications/2024_weilert_acc/code/1_processing/bam/Bunina_mesc_atac_day8_1.bam -O /n/projects/mw2098/publications/2024_weilert_acc/code/1_processing/bam/Bunina_mesc_atac_day8_1.bam.temp.bam -M /n/projects/mw2098/publications/2024_weilert_acc/code/1_processing/bam/Bunina_mesc_atac_day8_1.dedup.txt -ASSUME_SORT_ORDER coordinate -TMP_DIR /n/projects/mw2098/publications/2024_weilert_acc/code/1_processing/tmp/
**********


17:43:25.324 INFO  NativeLibraryLoader - Loading libgkl_compression.so from jar:file:/n/projects/mw2098/publications/2024_weilert_acc/public/software/picard/picard_v2.23.8.jar!/com/intel/gkl/native/libgkl_compression.so
[Fri Jan 30 17:43:25 CST 2026] MarkDuplicates INPUT=[/n/projects/mw2098/publications/2024_weilert_acc/code/1_processing/bam/Bunina_mesc_atac_day8_1.bam] OUTPUT=/n/projects/mw2098/publications/2024_weilert_acc/code/1_processing/bam/Bunina_mesc_atac_day8_1.bam.temp.bam METRICS_FILE=/n/projects/mw2098/publications/2024_weilert_acc/code/1_processing/bam/Bunina_mesc_atac_day8_1.dedup.txt ASSUME_SORT_ORDER=coordinate TMP_DIR=[/n/projects/mw2098/publications/2024_weilert_acc/code/1_processing/tmp]    MAX_SEQUENCES_FOR_DISK_READ_ENDS_MAP=50000 MAX_FILE_HANDLES_FOR_READ_ENDS_MAP=8000 SORTING_COLLECTION_SIZE_RATIO=0.25 TAG_DUPLICATE_SET_MEMBERS=false REMOVE_SEQUENCING_DUPLICATES=false TAGGING_POLICY=DontTag CLEAR_DT=true DUPLEX_UMI=false ADD_PG_TAG_TO_READS=true REMOVE_DUPLICATES=false ASSUME_SORTED=false DUPLICATE_SCORING_STRATEGY=SUM_OF_BASE_QUALITIES PROGRAM_RECORD_ID=MarkDuplicates PROGRAM_GROUP_NAME=MarkDuplicates READ_NAME_REGEX=<optimized capture of last three ':' separated fields as numeric values> OPTICAL_DUPLICATE_PIXEL_DISTANCE=100 MAX_OPTICAL_DUPLICATE_SET_SIZE=300000 VERBOSITY=INFO QUIET=false VALIDATION_STRINGENCY=STRICT COMPRESSION_LEVEL=5 MAX_RECORDS_IN_RAM=500000 CREATE_INDEX=false CREATE_MD5_FILE=false GA4GH_CLIENT_SECRETS=client_secrets.json USE_JDK_DEFLATER=false USE_JDK_INFLATER=false
[Fri Jan 30 17:43:25 CST 2026] Executing as mw2098@cerebro203 on Linux 5.14.0-570.49.1.el9_6.x86_64 amd64; OpenJDK 64-Bit Server VM 17.0.16+8-LTS; Deflater: Intel; Inflater: Intel; Provider GCS is not available; Picard version: 2.23.8
INFO	2026-01-30 17:43:25	MarkDuplicates	Start of doWork freeMemory: 263269576; totalMemory: 285212672; maxMemory: 32178700288
INFO	2026-01-30 17:43:25	MarkDuplicates	Reading input file and constructing read end information.
INFO	2026-01-30 17:43:25	MarkDuplicates	Will retain up to 116589493 data points before spilling to disk.
WARNING: BAM index file /n/projects/mw2098/publications/2024_weilert_acc/code/1_processing/bam/Bunina_mesc_atac_day8_1.bam.bai is older than BAM /n/projects/mw2098/publications/2024_weilert_acc/code/1_processing/bam/Bunina_mesc_atac_day8_1.bam
WARNING	2026-01-30 17:43:25	AbstractOpticalDuplicateFinderCommandLineProgram	A field field parsed out of a read name was expected to contain an integer and did not. Read name: ERR3453486.8344325. Cause: String 'ERR3453486.8344325' did not start with a parsable number.
INFO	2026-01-30 17:43:29	MarkDuplicates	Read     1,000,000 records.  Elapsed time: 00:00:03s.  Time for last 1,000,000:    3s.  Last read position: chr1:24,613,752
INFO	2026-01-30 17:43:29	MarkDuplicates	Tracking 14492 as yet unmatched pairs. 14492 records in RAM.
INFO	2026-01-30 17:43:31	MarkDuplicates	Read     2,000,000 records.  Elapsed time: 00:00:06s.  Time for last 1,000,000:    2s.  Last read position: chr1:30,400,372
INFO	2026-01-30 17:43:31	MarkDuplicates	Tracking 2 as yet unmatched pairs. 2 records in RAM.
INFO	2026-01-30 17:43:35	MarkDuplicates	Read     3,000,000 records.  Elapsed time: 00:00:09s.  Time for last 1,000,000:    3s.  Last read position: chr1:137,753,891
INFO	2026-01-30 17:43:35	MarkDuplicates	Tracking 2 as yet unmatched pairs. 2 records in RAM.
INFO	2026-01-30 17:43:38	MarkDuplicates	Read     4,000,000 records.  Elapsed time: 00:00:12s.  Time for last 1,000,000:    3s.  Last read position: chr10:47,739,751
INFO	2026-01-30 17:43:38	MarkDuplicates	Tracking 2 as yet unmatched pairs. 2 records in RAM.
INFO	2026-01-30 17:43:41	MarkDuplicates	Read     5,000,000 records.  Elapsed time: 00:00:15s.  Time for last 1,000,000:    3s.  Last read position: chr11:14,606,019
INFO	2026-01-30 17:43:41	MarkDuplicates	Tracking 0 as yet unmatched pairs. 0 records in RAM.
INFO	2026-01-30 17:43:44	MarkDuplicates	Read     6,000,000 records.  Elapsed time: 00:00:18s.  Time for last 1,000,000:    3s.  Last read position: chr11:108,560,768
INFO	2026-01-30 17:43:44	MarkDuplicates	Tracking 0 as yet unmatched pairs. 0 records in RAM.
INFO	2026-01-30 17:43:47	MarkDuplicates	Read     7,000,000 records.  Elapsed time: 00:00:21s.  Time for last 1,000,000:    3s.  Last read position: chr12:89,421,901
INFO	2026-01-30 17:43:47	MarkDuplicates	Tracking 2 as yet unmatched pairs. 2 records in RAM.
INFO	2026-01-30 17:43:50	MarkDuplicates	Read     8,000,000 records.  Elapsed time: 00:00:24s.  Time for last 1,000,000:    3s.  Last read position: chr13:72,371,823
INFO	2026-01-30 17:43:50	MarkDuplicates	Tracking 0 as yet unmatched pairs. 0 records in RAM.
INFO	2026-01-30 17:43:53	MarkDuplicates	Read     9,000,000 records.  Elapsed time: 00:00:27s.  Time for last 1,000,000:    3s.  Last read position: chr14:45,627,661
INFO	2026-01-30 17:43:53	MarkDuplicates	Tracking 2 as yet unmatched pairs. 2 records in RAM.
INFO	2026-01-30 17:43:56	MarkDuplicates	Read    10,000,000 records.  Elapsed time: 00:00:30s.  Time for last 1,000,000:    3s.  Last read position: chr15:32,279,273
INFO	2026-01-30 17:43:56	MarkDuplicates	Tracking 2 as yet unmatched pairs. 2 records in RAM.
INFO	2026-01-30 17:43:59	MarkDuplicates	Read    11,000,000 records.  Elapsed time: 00:00:33s.  Time for last 1,000,000:    3s.  Last read position: chr16:30,780,419
INFO	2026-01-30 17:43:59	MarkDuplicates	Tracking 2 as yet unmatched pairs. 2 records in RAM.
INFO	2026-01-30 17:44:02	MarkDuplicates	Read    12,000,000 records.  Elapsed time: 00:00:36s.  Time for last 1,000,000:    3s.  Last read position: chr17:35,047,723
INFO	2026-01-30 17:44:02	MarkDuplicates	Tracking 2 as yet unmatched pairs. 2 records in RAM.
INFO	2026-01-30 17:44:05	MarkDuplicates	Read    13,000,000 records.  Elapsed time: 00:00:39s.  Time for last 1,000,000:    3s.  Last read position: chr18:35,850,039
INFO	2026-01-30 17:44:05	MarkDuplicates	Tracking 4 as yet unmatched pairs. 4 records in RAM.
INFO	2026-01-30 17:44:08	MarkDuplicates	Read    14,000,000 records.  Elapsed time: 00:00:42s.  Time for last 1,000,000:    2s.  Last read position: chr19:49,399,912
INFO	2026-01-30 17:44:08	MarkDuplicates	Tracking 0 as yet unmatched pairs. 0 records in RAM.
INFO	2026-01-30 17:44:11	MarkDuplicates	Read    15,000,000 records.  Elapsed time: 00:00:45s.  Time for last 1,000,000:    3s.  Last read position: chr2:80,119,865
INFO	2026-01-30 17:44:11	MarkDuplicates	Tracking 2 as yet unmatched pairs. 2 records in RAM.
INFO	2026-01-30 17:44:14	MarkDuplicates	Read    16,000,000 records.  Elapsed time: 00:00:48s.  Time for last 1,000,000:    3s.  Last read position: chr2:105,719,679
INFO	2026-01-30 17:44:14	MarkDuplicates	Tracking 6 as yet unmatched pairs. 6 records in RAM.
INFO	2026-01-30 17:44:17	MarkDuplicates	Read    17,000,000 records.  Elapsed time: 00:00:52s.  Time for last 1,000,000:    3s.  Last read position: chr3:20,684,595
INFO	2026-01-30 17:44:17	MarkDuplicates	Tracking 0 as yet unmatched pairs. 0 records in RAM.
INFO	2026-01-30 17:44:20	MarkDuplicates	Read    18,000,000 records.  Elapsed time: 00:00:55s.  Time for last 1,000,000:    3s.  Last read position: chr3:124,645,279
INFO	2026-01-30 17:44:20	MarkDuplicates	Tracking 0 as yet unmatched pairs. 0 records in RAM.
INFO	2026-01-30 17:44:23	MarkDuplicates	Read    19,000,000 records.  Elapsed time: 00:00:58s.  Time for last 1,000,000:    3s.  Last read position: chr4:72,283,822
INFO	2026-01-30 17:44:23	MarkDuplicates	Tracking 0 as yet unmatched pairs. 0 records in RAM.
INFO	2026-01-30 17:44:26	MarkDuplicates	Read    20,000,000 records.  Elapsed time: 00:01:01s.  Time for last 1,000,000:    3s.  Last read position: chr5:11,270,218
INFO	2026-01-30 17:44:26	MarkDuplicates	Tracking 0 as yet unmatched pairs. 0 records in RAM.
INFO	2026-01-30 17:44:29	MarkDuplicates	Read    21,000,000 records.  Elapsed time: 00:01:04s.  Time for last 1,000,000:    3s.  Last read position: chr5:117,179,723
INFO	2026-01-30 17:44:29	MarkDuplicates	Tracking 2 as yet unmatched pairs. 2 records in RAM.
INFO	2026-01-30 17:44:33	MarkDuplicates	Read    22,000,000 records.  Elapsed time: 00:01:07s.  Time for last 1,000,000:    3s.  Last read position: chr6:68,284,745
INFO	2026-01-30 17:44:33	MarkDuplicates	Tracking 2 as yet unmatched pairs. 2 records in RAM.
INFO	2026-01-30 17:44:36	MarkDuplicates	Read    23,000,000 records.  Elapsed time: 00:01:10s.  Time for last 1,000,000:    3s.  Last read position: chr7:16,171,979
INFO	2026-01-30 17:44:36	MarkDuplicates	Tracking 0 as yet unmatched pairs. 0 records in RAM.
INFO	2026-01-30 17:44:39	MarkDuplicates	Read    24,000,000 records.  Elapsed time: 00:01:13s.  Time for last 1,000,000:    3s.  Last read position: chr7:118,996,350
INFO	2026-01-30 17:44:39	MarkDuplicates	Tracking 10 as yet unmatched pairs. 10 records in RAM.
INFO	2026-01-30 17:44:42	MarkDuplicates	Read    25,000,000 records.  Elapsed time: 00:01:16s.  Time for last 1,000,000:    3s.  Last read position: chr8:72,476,199
INFO	2026-01-30 17:44:42	MarkDuplicates	Tracking 4 as yet unmatched pairs. 4 records in RAM.
INFO	2026-01-30 17:44:45	MarkDuplicates	Read    26,000,000 records.  Elapsed time: 00:01:19s.  Time for last 1,000,000:    3s.  Last read position: chr9:24,680,281
INFO	2026-01-30 17:44:45	MarkDuplicates	Tracking 0 as yet unmatched pairs. 0 records in RAM.
INFO	2026-01-30 17:44:48	MarkDuplicates	Read    27,000,000 records.  Elapsed time: 00:01:22s.  Time for last 1,000,000:    3s.  Last read position: chr9:120,775,128
INFO	2026-01-30 17:44:48	MarkDuplicates	Tracking 2 as yet unmatched pairs. 2 records in RAM.
INFO	2026-01-30 17:44:51	MarkDuplicates	Read    28,000,000 records.  Elapsed time: 00:01:25s.  Time for last 1,000,000:    2s.  Last read position: chrM:1,133
INFO	2026-01-30 17:44:51	MarkDuplicates	Tracking 37094 as yet unmatched pairs. 37094 records in RAM.
INFO	2026-01-30 17:44:54	MarkDuplicates	Read    29,000,000 records.  Elapsed time: 00:01:28s.  Time for last 1,000,000:    2s.  Last read position: chrM:2,374
INFO	2026-01-30 17:44:54	MarkDuplicates	Tracking 31658 as yet unmatched pairs. 31658 records in RAM.
INFO	2026-01-30 17:44:57	MarkDuplicates	Read    30,000,000 records.  Elapsed time: 00:01:31s.  Time for last 1,000,000:    2s.  Last read position: chrM:3,536
INFO	2026-01-30 17:44:57	MarkDuplicates	Tracking 26526 as yet unmatched pairs. 26526 records in RAM.
INFO	2026-01-30 17:45:00	MarkDuplicates	Read    31,000,000 records.  Elapsed time: 00:01:34s.  Time for last 1,000,000:    3s.  Last read position: chrM:4,692
INFO	2026-01-30 17:45:00	MarkDuplicates	Tracking 43992 as yet unmatched pairs. 43992 records in RAM.
INFO	2026-01-30 17:45:03	MarkDuplicates	Read    32,000,000 records.  Elapsed time: 00:01:37s.  Time for last 1,000,000:    3s.  Last read position: chrM:5,989
INFO	2026-01-30 17:45:03	MarkDuplicates	Tracking 28768 as yet unmatched pairs. 28768 records in RAM.
INFO	2026-01-30 17:45:06	MarkDuplicates	Read    33,000,000 records.  Elapsed time: 00:01:40s.  Time for last 1,000,000:    2s.  Last read position: chrM:7,931
INFO	2026-01-30 17:45:06	MarkDuplicates	Tracking 13400 as yet unmatched pairs. 13400 records in RAM.
INFO	2026-01-30 17:45:09	MarkDuplicates	Read    34,000,000 records.  Elapsed time: 00:01:43s.  Time for last 1,000,000:    2s.  Last read position: chrM:10,018
INFO	2026-01-30 17:45:09	MarkDuplicates	Tracking 16492 as yet unmatched pairs. 16492 records in RAM.
INFO	2026-01-30 17:45:12	MarkDuplicates	Read    35,000,000 records.  Elapsed time: 00:01:46s.  Time for last 1,000,000:    2s.  Last read position: chrM:11,650
INFO	2026-01-30 17:45:12	MarkDuplicates	Tracking 29124 as yet unmatched pairs. 29124 records in RAM.
INFO	2026-01-30 17:45:14	MarkDuplicates	Read    36,000,000 records.  Elapsed time: 00:01:49s.  Time for last 1,000,000:    2s.  Last read position: chrM:12,817
INFO	2026-01-30 17:45:14	MarkDuplicates	Tracking 32730 as yet unmatched pairs. 32730 records in RAM.
INFO	2026-01-30 17:45:17	MarkDuplicates	Read    37,000,000 records.  Elapsed time: 00:01:52s.  Time for last 1,000,000:    2s.  Last read position: chrM:14,073
INFO	2026-01-30 17:45:17	MarkDuplicates	Tracking 28320 as yet unmatched pairs. 28320 records in RAM.
INFO	2026-01-30 17:45:20	MarkDuplicates	Read    38,000,000 records.  Elapsed time: 00:01:54s.  Time for last 1,000,000:    2s.  Last read position: chrM:15,252
INFO	2026-01-30 17:45:20	MarkDuplicates	Tracking 31038 as yet unmatched pairs. 31038 records in RAM.
INFO	2026-01-30 17:45:23	MarkDuplicates	Read    39,000,000 records.  Elapsed time: 00:01:57s.  Time for last 1,000,000:    2s.  Last read position: chrX:88,248,047
INFO	2026-01-30 17:45:23	MarkDuplicates	Tracking 0 as yet unmatched pairs. 0 records in RAM.
INFO	2026-01-30 17:45:25	MarkDuplicates	Read 39729696 records. 0 pairs never matched.
INFO	2026-01-30 17:45:26	MarkDuplicates	After buildSortedReadEndLists freeMemory: 7679086832; totalMemory: 12952010752; maxMemory: 32178700288
INFO	2026-01-30 17:45:26	MarkDuplicates	Will retain up to 1005584384 duplicate indices before spilling to disk.
INFO	2026-01-30 17:45:28	MarkDuplicates	Traversing read pair information and detecting duplicates.
INFO	2026-01-30 17:45:32	MarkDuplicates	Traversing fragment information and detecting duplicates.
INFO	2026-01-30 17:45:33	MarkDuplicates	Sorting list of duplicate records.
INFO	2026-01-30 17:45:34	MarkDuplicates	After generateDuplicateIndexes freeMemory: 14465144864; totalMemory: 22548578304; maxMemory: 32178700288
INFO	2026-01-30 17:45:34	MarkDuplicates	Marking 13649146 records as duplicates.
INFO	2026-01-30 17:45:34	MarkDuplicates	Found 0 optical duplicate clusters.
WARNING: BAM index file /n/projects/mw2098/publications/2024_weilert_acc/code/1_processing/bam/Bunina_mesc_atac_day8_1.bam.bai is older than BAM /n/projects/mw2098/publications/2024_weilert_acc/code/1_processing/bam/Bunina_mesc_atac_day8_1.bam
INFO	2026-01-30 17:45:34	MarkDuplicates	Reads are assumed to be ordered by: coordinate
INFO	2026-01-30 17:46:37	MarkDuplicates	Written    10,000,000 records.  Elapsed time: 00:01:03s.  Time for last 10,000,000:   63s.  Last read position: chr15:32,279,273
INFO	2026-01-30 17:47:41	MarkDuplicates	Written    20,000,000 records.  Elapsed time: 00:02:07s.  Time for last 10,000,000:   64s.  Last read position: chr5:11,270,218
INFO	2026-01-30 17:48:41	MarkDuplicates	Written    30,000,000 records.  Elapsed time: 00:03:07s.  Time for last 10,000,000:   60s.  Last read position: chrM:3,536
INFO	2026-01-30 17:49:30	MarkDuplicates	Writing complete. Closing input iterator.
INFO	2026-01-30 17:49:30	MarkDuplicates	Duplicate Index cleanup.
INFO	2026-01-30 17:49:30	MarkDuplicates	Getting Memory Stats.
INFO	2026-01-30 17:49:30	MarkDuplicates	Before output close freeMemory: 757795360; totalMemory: 788529152; maxMemory: 32178700288
INFO	2026-01-30 17:49:30	MarkDuplicates	Closed outputs. Getting more Memory Stats.
INFO	2026-01-30 17:49:30	MarkDuplicates	After output close freeMemory: 309511480; totalMemory: 335544320; maxMemory: 32178700288
[Fri Jan 30 17:49:30 CST 2026] picard.sam.markduplicates.MarkDuplicates done. Elapsed time: 6.09 minutes.
Runtime.totalMemory()=335544320
[] Reading paired-end ATAC-seq BAM: /n/projects/mw2098/publications/2024_weilert_acc/code/1_processing/bam/Bunina_mesc_atac_day8_1.bam
[] 13040275 fragments read. If deduplicate==T, then these are duplicates. If not, these are raw reads.
Resolving dovetailed discordant reads, keeping discordants based on mapping distance (dovetailing) and removing discordants based on orientation.
13040138 reads kept after discordant resolution.
Filtering by fragment size. Max = 600, Min = 10
[] 13039732 fragments within size restrictions.
[] Saving 13039732 fragments...
Saving .granges.rds file as: /n/projects/mw2098/publications/2024_weilert_acc/code/1_processing/rdata/Bunina_mesc_atac_day8_1.granges.rds
[1] TRUE
Saving .bw file as: /n/projects/mw2098/publications/2024_weilert_acc/code/1_processing/bw/Bunina_mesc_atac_day8_1.bw
Done! =)
[] Reading paired-end ATAC-seq BAM: /n/projects/mw2098/publications/2024_weilert_acc/code/1_processing/bam/Bunina_mesc_atac_day8_1.bam
[] 13040275 fragments read. If deduplicate==T, then these are duplicates. If not, these are raw reads.
Resolving dovetailed discordant reads, keeping discordants based on mapping distance (dovetailing) and removing discordants based on orientation.
13040138 reads kept after discordant resolution.
Filtering by fragment size. Max = 600, Min = 10
[] 13039732 fragments within size restrictions.
[] Saving 13039732 fragments...
Saving .bw file as: /n/projects/mw2098/publications/2024_weilert_acc/code/1_processing/bw/Bunina_mesc_atac_day8_1_cutsites.bw
Done! =)
[Fri Jan 30 17:56:45 2026]
Finished job 0.
1 of 1 steps (100%) done
