Building DAG of jobs...
Using shell: /usr/bin/bash
Provided cores: 16
Rules claiming more threads will be scaled down.
Provided resources: mem_mb=500000, mem_mib=476838, disk_mb=500000, disk_mib=476838, cpus_per_task=16
Select jobs to execute...

[Fri Feb 13 12:54:59 2026]
Job 0: Running MACS2...
Reason: Forced execution

INFO  @ Fri, 13 Feb 2026 12:55:00: 
# Command line: callpeak -f BAMPE -t /n/projects/mw2098/publications/2024_weilert_acc/code/1_processing/bam/Bunina_mesc_atac_day4_2.bam --outdir /n/projects/mw2098/publications/2024_weilert_acc/code/1_processing/peaks -n Bunina_mesc_atac_day4_2
# ARGUMENTS LIST:
# name = Bunina_mesc_atac_day4_2
# format = BAMPE
# ChIP-seq file = ['/n/projects/mw2098/publications/2024_weilert_acc/code/1_processing/bam/Bunina_mesc_atac_day4_2.bam']
# control file = None
# effective genome size = 2.70e+09
# band width = 300
# model fold = [5, 50]
# qvalue cutoff = 5.00e-02
# The maximum gap between significant sites is assigned as the read length/tag size.
# The minimum length of peaks is assigned as the predicted fragment length "d".
# Larger dataset will be scaled towards smaller dataset.
# Range for calculating regional lambda is: 10000 bps
# Broad region calling is off
# Paired-End mode is on
 
INFO  @ Fri, 13 Feb 2026 12:55:00: #1 read fragment files... 
INFO  @ Fri, 13 Feb 2026 12:55:00: #1 read treatment fragments... 
INFO  @ Fri, 13 Feb 2026 12:55:03:  1000000 
INFO  @ Fri, 13 Feb 2026 12:55:07:  2000000 
INFO  @ Fri, 13 Feb 2026 12:55:11:  3000000 
INFO  @ Fri, 13 Feb 2026 12:55:15:  4000000 
INFO  @ Fri, 13 Feb 2026 12:55:19:  5000000 
INFO  @ Fri, 13 Feb 2026 12:55:23:  6000000 
INFO  @ Fri, 13 Feb 2026 12:55:27:  7000000 
INFO  @ Fri, 13 Feb 2026 12:55:31:  8000000 
INFO  @ Fri, 13 Feb 2026 12:55:35:  9000000 
INFO  @ Fri, 13 Feb 2026 12:55:39:  10000000 
INFO  @ Fri, 13 Feb 2026 12:55:43:  11000000 
INFO  @ Fri, 13 Feb 2026 12:55:47:  12000000 
INFO  @ Fri, 13 Feb 2026 12:55:50:  13000000 
INFO  @ Fri, 13 Feb 2026 12:55:53:  14000000 
INFO  @ Fri, 13 Feb 2026 12:55:57:  15000000 
INFO  @ Fri, 13 Feb 2026 12:56:00:  16000000 
INFO  @ Fri, 13 Feb 2026 12:56:03: 16794443 fragments have been read. 
INFO  @ Fri, 13 Feb 2026 12:56:14: #1 mean fragment size is determined as 167.1 bp from treatment 
INFO  @ Fri, 13 Feb 2026 12:56:14: #1 fragment size = 167.1 
INFO  @ Fri, 13 Feb 2026 12:56:14: #1  total fragments in treatment: 16794443 
INFO  @ Fri, 13 Feb 2026 12:56:14: #1 user defined the maximum fragments... 
INFO  @ Fri, 13 Feb 2026 12:56:14: #1 filter out redundant fragments by allowing at most 1 identical fragment(s) 
INFO  @ Fri, 13 Feb 2026 12:56:34: #1  fragments after filtering in treatment: 10945635 
INFO  @ Fri, 13 Feb 2026 12:56:34: #1  Redundant rate of treatment: 0.35 
INFO  @ Fri, 13 Feb 2026 12:56:34: #1 finished! 
INFO  @ Fri, 13 Feb 2026 12:56:34: #2 Build Peak Model... 
INFO  @ Fri, 13 Feb 2026 12:56:34: #2 Skipped... 
INFO  @ Fri, 13 Feb 2026 12:56:34: #3 Call peaks... 
INFO  @ Fri, 13 Feb 2026 12:56:34: #3 Pre-compute pvalue-qvalue table... 
INFO  @ Fri, 13 Feb 2026 12:57:07: #3 Call peaks for each chromosome... 
INFO  @ Fri, 13 Feb 2026 12:57:22: #4 Write output xls file... /n/projects/mw2098/publications/2024_weilert_acc/code/1_processing/peaks/Bunina_mesc_atac_day4_2_peaks.xls 
INFO  @ Fri, 13 Feb 2026 12:57:22: #4 Write peak in narrowPeak format file... /n/projects/mw2098/publications/2024_weilert_acc/code/1_processing/peaks/Bunina_mesc_atac_day4_2_peaks.narrowPeak 
INFO  @ Fri, 13 Feb 2026 12:57:22: #4 Write summits bed file... /n/projects/mw2098/publications/2024_weilert_acc/code/1_processing/peaks/Bunina_mesc_atac_day4_2_summits.bed 
INFO  @ Fri, 13 Feb 2026 12:57:22: Done! 
[Fri Feb 13 12:57:22 2026]
Finished job 0.
1 of 1 steps (100%) done
