Building DAG of jobs...
Using shell: /usr/bin/bash
Provided cores: 16
Rules claiming more threads will be scaled down.
Provided resources: mem_mb=500000, mem_mib=476838, disk_mb=500000, disk_mib=476838, cpus_per_task=16
Select jobs to execute...

[Fri Feb 13 13:01:09 2026]
Job 0: Computing coverage of .bam file...
Reason: Forced execution

INFO	2026-02-13 13:01:09	MarkDuplicates	

********** NOTE: Picard's command line syntax is changing.
**********
********** For more information, please see:
********** https://github.com/broadinstitute/picard/wiki/Command-Line-Syntax-Transition-For-Users-(Pre-Transition)
**********
********** The command line looks like this in the new syntax:
**********
**********    MarkDuplicates -I /n/projects/mw2098/publications/2024_weilert_acc/code/1_processing/bam/Bunina_mesc_rna_day8_2.bam -O /n/projects/mw2098/publications/2024_weilert_acc/code/1_processing/bam/Bunina_mesc_rna_day8_2.bam.temp.bam -M /n/projects/mw2098/publications/2024_weilert_acc/code/1_processing/bam/Bunina_mesc_rna_day8_2.dedup.txt -ASSUME_SORT_ORDER coordinate -TMP_DIR /n/projects/mw2098/publications/2024_weilert_acc/code/1_processing/tmp/
**********


13:01:09.969 INFO  NativeLibraryLoader - Loading libgkl_compression.so from jar:file:/n/projects/mw2098/publications/2024_weilert_acc/public/software/picard/picard_v2.23.8.jar!/com/intel/gkl/native/libgkl_compression.so
[Fri Feb 13 13:01:10 CST 2026] MarkDuplicates INPUT=[/n/projects/mw2098/publications/2024_weilert_acc/code/1_processing/bam/Bunina_mesc_rna_day8_2.bam] OUTPUT=/n/projects/mw2098/publications/2024_weilert_acc/code/1_processing/bam/Bunina_mesc_rna_day8_2.bam.temp.bam METRICS_FILE=/n/projects/mw2098/publications/2024_weilert_acc/code/1_processing/bam/Bunina_mesc_rna_day8_2.dedup.txt ASSUME_SORT_ORDER=coordinate TMP_DIR=[/n/projects/mw2098/publications/2024_weilert_acc/code/1_processing/tmp]    MAX_SEQUENCES_FOR_DISK_READ_ENDS_MAP=50000 MAX_FILE_HANDLES_FOR_READ_ENDS_MAP=8000 SORTING_COLLECTION_SIZE_RATIO=0.25 TAG_DUPLICATE_SET_MEMBERS=false REMOVE_SEQUENCING_DUPLICATES=false TAGGING_POLICY=DontTag CLEAR_DT=true DUPLEX_UMI=false ADD_PG_TAG_TO_READS=true REMOVE_DUPLICATES=false ASSUME_SORTED=false DUPLICATE_SCORING_STRATEGY=SUM_OF_BASE_QUALITIES PROGRAM_RECORD_ID=MarkDuplicates PROGRAM_GROUP_NAME=MarkDuplicates READ_NAME_REGEX=<optimized capture of last three ':' separated fields as numeric values> OPTICAL_DUPLICATE_PIXEL_DISTANCE=100 MAX_OPTICAL_DUPLICATE_SET_SIZE=300000 VERBOSITY=INFO QUIET=false VALIDATION_STRINGENCY=STRICT COMPRESSION_LEVEL=5 MAX_RECORDS_IN_RAM=500000 CREATE_INDEX=false CREATE_MD5_FILE=false GA4GH_CLIENT_SECRETS=client_secrets.json USE_JDK_DEFLATER=false USE_JDK_INFLATER=false
[Fri Feb 13 13:01:10 CST 2026] Executing as mw2098@cerebro115 on Linux 5.14.0-570.49.1.el9_6.x86_64 amd64; OpenJDK 64-Bit Server VM 17.0.16+8-LTS; Deflater: Intel; Inflater: Intel; Provider GCS is not available; Picard version: 2.23.8
INFO	2026-02-13 13:01:10	MarkDuplicates	Start of doWork freeMemory: 263270272; totalMemory: 285212672; maxMemory: 32178700288
INFO	2026-02-13 13:01:10	MarkDuplicates	Reading input file and constructing read end information.
INFO	2026-02-13 13:01:10	MarkDuplicates	Will retain up to 116589493 data points before spilling to disk.
WARNING: BAM index file /n/projects/mw2098/publications/2024_weilert_acc/code/1_processing/bam/Bunina_mesc_rna_day8_2.bam.bai is older than BAM /n/projects/mw2098/publications/2024_weilert_acc/code/1_processing/bam/Bunina_mesc_rna_day8_2.bam
WARNING	2026-02-13 13:01:10	AbstractOpticalDuplicateFinderCommandLineProgram	A field field parsed out of a read name was expected to contain an integer and did not. Read name: ERR3453522.19498676. Cause: String 'ERR3453522.19498676' did not start with a parsable number.
INFO	2026-02-13 13:01:12	MarkDuplicates	Read     1,000,000 records.  Elapsed time: 00:00:02s.  Time for last 1,000,000:    2s.  Last read position: chr1:128,038,856
INFO	2026-02-13 13:01:12	MarkDuplicates	Tracking 0 as yet unmatched pairs. 0 records in RAM.
INFO	2026-02-13 13:01:14	MarkDuplicates	Read     2,000,000 records.  Elapsed time: 00:00:04s.  Time for last 1,000,000:    2s.  Last read position: chr2:32,963,061
INFO	2026-02-13 13:01:14	MarkDuplicates	Tracking 0 as yet unmatched pairs. 0 records in RAM.
INFO	2026-02-13 13:01:16	MarkDuplicates	Read     3,000,000 records.  Elapsed time: 00:00:06s.  Time for last 1,000,000:    2s.  Last read position: chr2:144,250,961
INFO	2026-02-13 13:01:16	MarkDuplicates	Tracking 0 as yet unmatched pairs. 0 records in RAM.
INFO	2026-02-13 13:01:19	MarkDuplicates	Read     4,000,000 records.  Elapsed time: 00:00:08s.  Time for last 1,000,000:    2s.  Last read position: chr3:81,001,359
INFO	2026-02-13 13:01:19	MarkDuplicates	Tracking 0 as yet unmatched pairs. 0 records in RAM.
INFO	2026-02-13 13:01:21	MarkDuplicates	Read     5,000,000 records.  Elapsed time: 00:00:10s.  Time for last 1,000,000:    2s.  Last read position: chr4:34,550,824
INFO	2026-02-13 13:01:21	MarkDuplicates	Tracking 0 as yet unmatched pairs. 0 records in RAM.
INFO	2026-02-13 13:01:23	MarkDuplicates	Read     6,000,000 records.  Elapsed time: 00:00:12s.  Time for last 1,000,000:    2s.  Last read position: chr4:133,681,599
INFO	2026-02-13 13:01:23	MarkDuplicates	Tracking 0 as yet unmatched pairs. 0 records in RAM.
INFO	2026-02-13 13:01:25	MarkDuplicates	Read     7,000,000 records.  Elapsed time: 00:00:15s.  Time for last 1,000,000:    2s.  Last read position: chr5:66,682,618
INFO	2026-02-13 13:01:25	MarkDuplicates	Tracking 0 as yet unmatched pairs. 0 records in RAM.
INFO	2026-02-13 13:01:27	MarkDuplicates	Read     8,000,000 records.  Elapsed time: 00:00:17s.  Time for last 1,000,000:    1s.  Last read position: chr5:136,123,252
INFO	2026-02-13 13:01:27	MarkDuplicates	Tracking 0 as yet unmatched pairs. 0 records in RAM.
INFO	2026-02-13 13:01:29	MarkDuplicates	Read     9,000,000 records.  Elapsed time: 00:00:19s.  Time for last 1,000,000:    2s.  Last read position: chr6:91,757,914
INFO	2026-02-13 13:01:29	MarkDuplicates	Tracking 0 as yet unmatched pairs. 0 records in RAM.
INFO	2026-02-13 13:01:31	MarkDuplicates	Read    10,000,000 records.  Elapsed time: 00:00:21s.  Time for last 1,000,000:    2s.  Last read position: chr7:28,414,050
INFO	2026-02-13 13:01:31	MarkDuplicates	Tracking 0 as yet unmatched pairs. 0 records in RAM.
INFO	2026-02-13 13:01:33	MarkDuplicates	Read    11,000,000 records.  Elapsed time: 00:00:23s.  Time for last 1,000,000:    2s.  Last read position: chr7:119,741,919
INFO	2026-02-13 13:01:33	MarkDuplicates	Tracking 0 as yet unmatched pairs. 0 records in RAM.
INFO	2026-02-13 13:01:35	MarkDuplicates	Read    12,000,000 records.  Elapsed time: 00:00:25s.  Time for last 1,000,000:    2s.  Last read position: chr8:70,599,565
INFO	2026-02-13 13:01:35	MarkDuplicates	Tracking 0 as yet unmatched pairs. 0 records in RAM.
INFO	2026-02-13 13:01:37	MarkDuplicates	Read    13,000,000 records.  Elapsed time: 00:00:27s.  Time for last 1,000,000:    2s.  Last read position: chr9:26,991,248
INFO	2026-02-13 13:01:37	MarkDuplicates	Tracking 0 as yet unmatched pairs. 0 records in RAM.
INFO	2026-02-13 13:01:39	MarkDuplicates	Read    14,000,000 records.  Elapsed time: 00:00:29s.  Time for last 1,000,000:    1s.  Last read position: chr9:86,556,294
INFO	2026-02-13 13:01:39	MarkDuplicates	Tracking 0 as yet unmatched pairs. 0 records in RAM.
INFO	2026-02-13 13:01:41	MarkDuplicates	Read    15,000,000 records.  Elapsed time: 00:00:31s.  Time for last 1,000,000:    2s.  Last read position: chr10:77,052,728
INFO	2026-02-13 13:01:41	MarkDuplicates	Tracking 0 as yet unmatched pairs. 0 records in RAM.
INFO	2026-02-13 13:01:43	MarkDuplicates	Read    16,000,000 records.  Elapsed time: 00:00:33s.  Time for last 1,000,000:    2s.  Last read position: chr11:21,557,501
INFO	2026-02-13 13:01:43	MarkDuplicates	Tracking 0 as yet unmatched pairs. 0 records in RAM.
INFO	2026-02-13 13:01:46	MarkDuplicates	Read    17,000,000 records.  Elapsed time: 00:00:35s.  Time for last 1,000,000:    2s.  Last read position: chr11:80,424,235
INFO	2026-02-13 13:01:46	MarkDuplicates	Tracking 0 as yet unmatched pairs. 0 records in RAM.
INFO	2026-02-13 13:01:48	MarkDuplicates	Read    18,000,000 records.  Elapsed time: 00:00:38s.  Time for last 1,000,000:    2s.  Last read position: chr12:4,782,738
INFO	2026-02-13 13:01:48	MarkDuplicates	Tracking 0 as yet unmatched pairs. 0 records in RAM.
INFO	2026-02-13 13:01:50	MarkDuplicates	Read    19,000,000 records.  Elapsed time: 00:00:40s.  Time for last 1,000,000:    1s.  Last read position: chr13:21,192,040
INFO	2026-02-13 13:01:50	MarkDuplicates	Tracking 0 as yet unmatched pairs. 0 records in RAM.
INFO	2026-02-13 13:01:52	MarkDuplicates	Read    20,000,000 records.  Elapsed time: 00:00:42s.  Time for last 1,000,000:    1s.  Last read position: chr14:8,799,782
INFO	2026-02-13 13:01:52	MarkDuplicates	Tracking 0 as yet unmatched pairs. 0 records in RAM.
INFO	2026-02-13 13:01:54	MarkDuplicates	Read    21,000,000 records.  Elapsed time: 00:00:43s.  Time for last 1,000,000:    1s.  Last read position: chr15:22,714,177
INFO	2026-02-13 13:01:54	MarkDuplicates	Tracking 0 as yet unmatched pairs. 0 records in RAM.
INFO	2026-02-13 13:01:56	MarkDuplicates	Read    22,000,000 records.  Elapsed time: 00:00:45s.  Time for last 1,000,000:    2s.  Last read position: chr15:102,483,214
INFO	2026-02-13 13:01:56	MarkDuplicates	Tracking 0 as yet unmatched pairs. 0 records in RAM.
INFO	2026-02-13 13:01:58	MarkDuplicates	Read    23,000,000 records.  Elapsed time: 00:00:47s.  Time for last 1,000,000:    1s.  Last read position: chr17:12,926,467
INFO	2026-02-13 13:01:58	MarkDuplicates	Tracking 0 as yet unmatched pairs. 0 records in RAM.
INFO	2026-02-13 13:02:00	MarkDuplicates	Read    24,000,000 records.  Elapsed time: 00:00:50s.  Time for last 1,000,000:    2s.  Last read position: chr17:56,566,395
INFO	2026-02-13 13:02:00	MarkDuplicates	Tracking 0 as yet unmatched pairs. 0 records in RAM.
INFO	2026-02-13 13:02:02	MarkDuplicates	Read    25,000,000 records.  Elapsed time: 00:00:52s.  Time for last 1,000,000:    1s.  Last read position: chr18:79,959,747
INFO	2026-02-13 13:02:02	MarkDuplicates	Tracking 0 as yet unmatched pairs. 0 records in RAM.
INFO	2026-02-13 13:02:04	MarkDuplicates	Read    26,000,000 records.  Elapsed time: 00:00:54s.  Time for last 1,000,000:    1s.  Last read position: chr19:55,499,086
INFO	2026-02-13 13:02:04	MarkDuplicates	Tracking 0 as yet unmatched pairs. 0 records in RAM.
INFO	2026-02-13 13:02:06	MarkDuplicates	Read    27,000,000 records.  Elapsed time: 00:00:55s.  Time for last 1,000,000:    1s.  Last read position: chrX:106,196,856
INFO	2026-02-13 13:02:06	MarkDuplicates	Tracking 0 as yet unmatched pairs. 0 records in RAM.
INFO	2026-02-13 13:02:06	MarkDuplicates	Read 27408791 records. 0 pairs never matched.
INFO	2026-02-13 13:02:07	MarkDuplicates	After buildSortedReadEndLists freeMemory: 4104014576; totalMemory: 6459228160; maxMemory: 32178700288
INFO	2026-02-13 13:02:07	MarkDuplicates	Will retain up to 1005584384 duplicate indices before spilling to disk.
INFO	2026-02-13 13:02:08	MarkDuplicates	Traversing read pair information and detecting duplicates.
INFO	2026-02-13 13:02:08	MarkDuplicates	Traversing fragment information and detecting duplicates.
INFO	2026-02-13 13:02:10	MarkDuplicates	Sorting list of duplicate records.
INFO	2026-02-13 13:02:10	MarkDuplicates	After generateDuplicateIndexes freeMemory: 9063002824; totalMemory: 17146314752; maxMemory: 32178700288
INFO	2026-02-13 13:02:10	MarkDuplicates	Marking 9336932 records as duplicates.
INFO	2026-02-13 13:02:10	MarkDuplicates	Found 0 optical duplicate clusters.
WARNING: BAM index file /n/projects/mw2098/publications/2024_weilert_acc/code/1_processing/bam/Bunina_mesc_rna_day8_2.bam.bai is older than BAM /n/projects/mw2098/publications/2024_weilert_acc/code/1_processing/bam/Bunina_mesc_rna_day8_2.bam
INFO	2026-02-13 13:02:10	MarkDuplicates	Reads are assumed to be ordered by: coordinate
INFO	2026-02-13 13:02:52	MarkDuplicates	Written    10,000,000 records.  Elapsed time: 00:00:41s.  Time for last 10,000,000:   41s.  Last read position: chr7:28,414,050
INFO	2026-02-13 13:03:33	MarkDuplicates	Written    20,000,000 records.  Elapsed time: 00:01:22s.  Time for last 10,000,000:   41s.  Last read position: chr14:8,799,782
INFO	2026-02-13 13:04:04	MarkDuplicates	Writing complete. Closing input iterator.
INFO	2026-02-13 13:04:04	MarkDuplicates	Duplicate Index cleanup.
INFO	2026-02-13 13:04:04	MarkDuplicates	Getting Memory Stats.
INFO	2026-02-13 13:04:04	MarkDuplicates	Before output close freeMemory: 707606824; totalMemory: 738197504; maxMemory: 32178700288
INFO	2026-02-13 13:04:05	MarkDuplicates	Closed outputs. Getting more Memory Stats.
INFO	2026-02-13 13:04:05	MarkDuplicates	After output close freeMemory: 309636312; totalMemory: 335544320; maxMemory: 32178700288
[Fri Feb 13 13:04:05 CST 2026] picard.sam.markduplicates.MarkDuplicates done. Elapsed time: 2.92 minutes.
Runtime.totalMemory()=335544320
Reading single ended ATAC-seq BAM: /n/projects/mw2098/publications/2024_weilert_acc/code/1_processing/bam/Bunina_mesc_rna_day8_2.bam
[] 27408791 fragments read. If deduplicate==T, then these are duplicates. If not, these are raw reads.
Warning message:
In valid.GenomicRanges.seqinfo(x, suggest.trim = TRUE) :
  GRanges object contains 17 out-of-bound ranges located on sequences
  chrM, chr4_JH584295_random, and chrUn_GL456370. Note that ranges
  located on a sequence whose length is unknown (NA) or on a circular
  sequence are not considered out-of-bound (use seqlengths() and
  isCircular() to get the lengths and circularity flags of the underlying
  sequences). You can use trim() to trim these ranges. See
  ?`trim,GenomicRanges-method` for more information.
Filtering by fragment size. Max = 600, Min = 10
[] 27408791 fragments within size restrictions.
[] Saving 27408791 fragments...
Saving .granges.rds file as: /n/projects/mw2098/publications/2024_weilert_acc/code/1_processing/rdata/Bunina_mesc_rna_day8_2.granges.rds
[1] TRUE
Saving .bw file as: /n/projects/mw2098/publications/2024_weilert_acc/code/1_processing/bw/Bunina_mesc_rna_day8_2.bw
Done! =)
[Fri Feb 13 13:06:56 2026]
Finished job 0.
1 of 1 steps (100%) done
