Building DAG of jobs...
Using shell: /usr/bin/bash
Provided cores: 16
Rules claiming more threads will be scaled down.
Provided resources: mem_mb=500000, mem_mib=476838, disk_mb=500000, disk_mib=476838, cpus_per_task=16
Select jobs to execute...

[Fri Jan 30 17:46:25 2026]
Job 0: Running MACS2...
Reason: Forced execution

INFO  @ Fri, 30 Jan 2026 17:46:26: 
# Command line: callpeak -f BAMPE -t /n/projects/mw2098/publications/2024_weilert_acc/code/1_processing/bam/Bunina_mesc_atac_day8_2.bam --outdir /n/projects/mw2098/publications/2024_weilert_acc/code/1_processing/peaks -n Bunina_mesc_atac_day8_2
# ARGUMENTS LIST:
# name = Bunina_mesc_atac_day8_2
# format = BAMPE
# ChIP-seq file = ['/n/projects/mw2098/publications/2024_weilert_acc/code/1_processing/bam/Bunina_mesc_atac_day8_2.bam']
# control file = None
# effective genome size = 2.70e+09
# band width = 300
# model fold = [5, 50]
# qvalue cutoff = 5.00e-02
# The maximum gap between significant sites is assigned as the read length/tag size.
# The minimum length of peaks is assigned as the predicted fragment length "d".
# Larger dataset will be scaled towards smaller dataset.
# Range for calculating regional lambda is: 10000 bps
# Broad region calling is off
# Paired-End mode is on
 
INFO  @ Fri, 30 Jan 2026 17:46:26: #1 read fragment files... 
INFO  @ Fri, 30 Jan 2026 17:46:26: #1 read treatment fragments... 
INFO  @ Fri, 30 Jan 2026 17:46:29:  1000000 
INFO  @ Fri, 30 Jan 2026 17:46:33:  2000000 
INFO  @ Fri, 30 Jan 2026 17:46:37:  3000000 
INFO  @ Fri, 30 Jan 2026 17:46:41:  4000000 
INFO  @ Fri, 30 Jan 2026 17:46:44:  5000000 
INFO  @ Fri, 30 Jan 2026 17:46:48:  6000000 
INFO  @ Fri, 30 Jan 2026 17:46:52:  7000000 
INFO  @ Fri, 30 Jan 2026 17:46:56:  8000000 
INFO  @ Fri, 30 Jan 2026 17:47:00:  9000000 
INFO  @ Fri, 30 Jan 2026 17:47:03:  10000000 
INFO  @ Fri, 30 Jan 2026 17:47:07:  11000000 
INFO  @ Fri, 30 Jan 2026 17:47:11:  12000000 
INFO  @ Fri, 30 Jan 2026 17:47:15:  13000000 
INFO  @ Fri, 30 Jan 2026 17:47:18:  14000000 
INFO  @ Fri, 30 Jan 2026 17:47:21:  15000000 
INFO  @ Fri, 30 Jan 2026 17:47:24:  16000000 
INFO  @ Fri, 30 Jan 2026 17:47:27:  17000000 
INFO  @ Fri, 30 Jan 2026 17:47:31:  18000000 
INFO  @ Fri, 30 Jan 2026 17:47:31: 18032650 fragments have been read. 
INFO  @ Fri, 30 Jan 2026 17:47:43: #1 mean fragment size is determined as 174.3 bp from treatment 
INFO  @ Fri, 30 Jan 2026 17:47:43: #1 fragment size = 174.3 
INFO  @ Fri, 30 Jan 2026 17:47:43: #1  total fragments in treatment: 18032650 
INFO  @ Fri, 30 Jan 2026 17:47:43: #1 user defined the maximum fragments... 
INFO  @ Fri, 30 Jan 2026 17:47:43: #1 filter out redundant fragments by allowing at most 1 identical fragment(s) 
INFO  @ Fri, 30 Jan 2026 17:48:05: #1  fragments after filtering in treatment: 12378542 
INFO  @ Fri, 30 Jan 2026 17:48:05: #1  Redundant rate of treatment: 0.31 
INFO  @ Fri, 30 Jan 2026 17:48:05: #1 finished! 
INFO  @ Fri, 30 Jan 2026 17:48:05: #2 Build Peak Model... 
INFO  @ Fri, 30 Jan 2026 17:48:05: #2 Skipped... 
INFO  @ Fri, 30 Jan 2026 17:48:05: #3 Call peaks... 
INFO  @ Fri, 30 Jan 2026 17:48:05: #3 Pre-compute pvalue-qvalue table... 
INFO  @ Fri, 30 Jan 2026 17:48:42: #3 Call peaks for each chromosome... 
INFO  @ Fri, 30 Jan 2026 17:48:59: #4 Write output xls file... /n/projects/mw2098/publications/2024_weilert_acc/code/1_processing/peaks/Bunina_mesc_atac_day8_2_peaks.xls 
INFO  @ Fri, 30 Jan 2026 17:48:59: #4 Write peak in narrowPeak format file... /n/projects/mw2098/publications/2024_weilert_acc/code/1_processing/peaks/Bunina_mesc_atac_day8_2_peaks.narrowPeak 
INFO  @ Fri, 30 Jan 2026 17:48:59: #4 Write summits bed file... /n/projects/mw2098/publications/2024_weilert_acc/code/1_processing/peaks/Bunina_mesc_atac_day8_2_summits.bed 
INFO  @ Fri, 30 Jan 2026 17:48:59: Done! 
[Fri Jan 30 17:48:59 2026]
Finished job 0.
1 of 1 steps (100%) done
