Building DAG of jobs...
Using shell: /usr/bin/bash
Provided cores: 16
Rules claiming more threads will be scaled down.
Provided resources: mem_mb=500000, mem_mib=476838, disk_mb=500000, disk_mib=476838, cpus_per_task=16
Select jobs to execute...

[Fri Jan 30 17:56:07 2026]
Job 0: Summarizing quality metrics and performing database upload...
Reason: Forced execution

/n/projects/mw2098/publications/2024_weilert_acc/code/1_processing/logs/pipeline_transition/Bunina_mesc_atac_day12_1_touch.txt
[Bunina_mesc_atac_day12_1] Counting original FASTQ reads...
[Bunina_mesc_atac_day12_1] Parsing bowtie2 statistics for quality metrics...
Rows: 9 Columns: 1
── Column specification ────────────────────────────────────────────────────────
Delimiter: "\001"
chr (1): X1

ℹ Use `spec()` to retrieve the full column specification for this data.
ℹ Specify the column types or set `show_col_types = FALSE` to quiet this message.
Calculating quality metrics...
Calculating signal at 1pc...
Calculating genome coverage...
[Bunina_mesc_atac_day12_1] Calculating uniqueness...
[Bunina_mesc_atac_day12_1] Uniq: 76.3
[Bunina_mesc_atac_day12_1] Coverage: 45.7
Metrics done uploading. Writing summary and exiting...
[Fri Jan 30 17:56:36 2026]
Finished job 0.
1 of 1 steps (100%) done
