Building DAG of jobs...
Using shell: /usr/bin/bash
Provided cores: 16
Rules claiming more threads will be scaled down.
Provided resources: mem_mb=500000, mem_mib=476838, disk_mb=500000, disk_mib=476838, cpus_per_task=16
Select jobs to execute...

[Fri Feb 13 12:51:28 2026]
Job 0: Running MACS2...
Reason: Forced execution

INFO  @ Fri, 13 Feb 2026 12:51:29: 
# Command line: callpeak -f BAMPE -t /n/projects/mw2098/publications/2024_weilert_acc/code/1_processing/bam/Bunina_mesc_atac_day8_1.bam --outdir /n/projects/mw2098/publications/2024_weilert_acc/code/1_processing/peaks -n Bunina_mesc_atac_day8_1
# ARGUMENTS LIST:
# name = Bunina_mesc_atac_day8_1
# format = BAMPE
# ChIP-seq file = ['/n/projects/mw2098/publications/2024_weilert_acc/code/1_processing/bam/Bunina_mesc_atac_day8_1.bam']
# control file = None
# effective genome size = 2.70e+09
# band width = 300
# model fold = [5, 50]
# qvalue cutoff = 5.00e-02
# The maximum gap between significant sites is assigned as the read length/tag size.
# The minimum length of peaks is assigned as the predicted fragment length "d".
# Larger dataset will be scaled towards smaller dataset.
# Range for calculating regional lambda is: 10000 bps
# Broad region calling is off
# Paired-End mode is on
 
INFO  @ Fri, 13 Feb 2026 12:51:29: #1 read fragment files... 
INFO  @ Fri, 13 Feb 2026 12:51:29: #1 read treatment fragments... 
INFO  @ Fri, 13 Feb 2026 12:51:32:  1000000 
INFO  @ Fri, 13 Feb 2026 12:51:36:  2000000 
INFO  @ Fri, 13 Feb 2026 12:51:40:  3000000 
INFO  @ Fri, 13 Feb 2026 12:51:44:  4000000 
INFO  @ Fri, 13 Feb 2026 12:51:48:  5000000 
INFO  @ Fri, 13 Feb 2026 12:51:52:  6000000 
INFO  @ Fri, 13 Feb 2026 12:51:55:  7000000 
INFO  @ Fri, 13 Feb 2026 12:51:59:  8000000 
INFO  @ Fri, 13 Feb 2026 12:52:03:  9000000 
INFO  @ Fri, 13 Feb 2026 12:52:07:  10000000 
INFO  @ Fri, 13 Feb 2026 12:52:11:  11000000 
INFO  @ Fri, 13 Feb 2026 12:52:15:  12000000 
INFO  @ Fri, 13 Feb 2026 12:52:19:  13000000 
INFO  @ Fri, 13 Feb 2026 12:52:22:  14000000 
INFO  @ Fri, 13 Feb 2026 12:52:25:  15000000 
INFO  @ Fri, 13 Feb 2026 12:52:28:  16000000 
INFO  @ Fri, 13 Feb 2026 12:52:32:  17000000 
INFO  @ Fri, 13 Feb 2026 12:52:35:  18000000 
INFO  @ Fri, 13 Feb 2026 12:52:38: 18936597 fragments have been read. 
INFO  @ Fri, 13 Feb 2026 12:52:51: #1 mean fragment size is determined as 177.0 bp from treatment 
INFO  @ Fri, 13 Feb 2026 12:52:51: #1 fragment size = 177.0 
INFO  @ Fri, 13 Feb 2026 12:52:51: #1  total fragments in treatment: 18936597 
INFO  @ Fri, 13 Feb 2026 12:52:51: #1 user defined the maximum fragments... 
INFO  @ Fri, 13 Feb 2026 12:52:51: #1 filter out redundant fragments by allowing at most 1 identical fragment(s) 
INFO  @ Fri, 13 Feb 2026 12:53:14: #1  fragments after filtering in treatment: 12440898 
INFO  @ Fri, 13 Feb 2026 12:53:14: #1  Redundant rate of treatment: 0.34 
INFO  @ Fri, 13 Feb 2026 12:53:14: #1 finished! 
INFO  @ Fri, 13 Feb 2026 12:53:14: #2 Build Peak Model... 
INFO  @ Fri, 13 Feb 2026 12:53:14: #2 Skipped... 
INFO  @ Fri, 13 Feb 2026 12:53:14: #3 Call peaks... 
INFO  @ Fri, 13 Feb 2026 12:53:14: #3 Pre-compute pvalue-qvalue table... 
INFO  @ Fri, 13 Feb 2026 12:53:52: #3 Call peaks for each chromosome... 
INFO  @ Fri, 13 Feb 2026 12:54:08: #4 Write output xls file... /n/projects/mw2098/publications/2024_weilert_acc/code/1_processing/peaks/Bunina_mesc_atac_day8_1_peaks.xls 
INFO  @ Fri, 13 Feb 2026 12:54:09: #4 Write peak in narrowPeak format file... /n/projects/mw2098/publications/2024_weilert_acc/code/1_processing/peaks/Bunina_mesc_atac_day8_1_peaks.narrowPeak 
INFO  @ Fri, 13 Feb 2026 12:54:09: #4 Write summits bed file... /n/projects/mw2098/publications/2024_weilert_acc/code/1_processing/peaks/Bunina_mesc_atac_day8_1_summits.bed 
INFO  @ Fri, 13 Feb 2026 12:54:09: Done! 
[Fri Feb 13 12:54:09 2026]
Finished job 0.
1 of 1 steps (100%) done
