Building DAG of jobs...
Using shell: /usr/bin/bash
Provided cores: 16
Rules claiming more threads will be scaled down.
Provided resources: mem_mb=500000, mem_mib=476838, disk_mb=500000, disk_mib=476838, cpus_per_task=16
Select jobs to execute...

[Fri Jan 30 17:41:47 2026]
Job 0: Running MACS2...
Reason: Forced execution

INFO  @ Fri, 30 Jan 2026 17:41:48: 
# Command line: callpeak -f BAMPE -t /n/projects/mw2098/publications/2024_weilert_acc/code/1_processing/bam/Bunina_mesc_atac_day12_1.bam --outdir /n/projects/mw2098/publications/2024_weilert_acc/code/1_processing/peaks -n Bunina_mesc_atac_day12_1
# ARGUMENTS LIST:
# name = Bunina_mesc_atac_day12_1
# format = BAMPE
# ChIP-seq file = ['/n/projects/mw2098/publications/2024_weilert_acc/code/1_processing/bam/Bunina_mesc_atac_day12_1.bam']
# control file = None
# effective genome size = 2.70e+09
# band width = 300
# model fold = [5, 50]
# qvalue cutoff = 5.00e-02
# The maximum gap between significant sites is assigned as the read length/tag size.
# The minimum length of peaks is assigned as the predicted fragment length "d".
# Larger dataset will be scaled towards smaller dataset.
# Range for calculating regional lambda is: 10000 bps
# Broad region calling is off
# Paired-End mode is on
 
INFO  @ Fri, 30 Jan 2026 17:41:48: #1 read fragment files... 
INFO  @ Fri, 30 Jan 2026 17:41:48: #1 read treatment fragments... 
INFO  @ Fri, 30 Jan 2026 17:41:52:  1000000 
INFO  @ Fri, 30 Jan 2026 17:41:56:  2000000 
INFO  @ Fri, 30 Jan 2026 17:42:00:  3000000 
INFO  @ Fri, 30 Jan 2026 17:42:04:  4000000 
INFO  @ Fri, 30 Jan 2026 17:42:08:  5000000 
INFO  @ Fri, 30 Jan 2026 17:42:12:  6000000 
INFO  @ Fri, 30 Jan 2026 17:42:16:  7000000 
INFO  @ Fri, 30 Jan 2026 17:42:20:  8000000 
INFO  @ Fri, 30 Jan 2026 17:42:24:  9000000 
INFO  @ Fri, 30 Jan 2026 17:42:28:  10000000 
INFO  @ Fri, 30 Jan 2026 17:42:32:  11000000 
INFO  @ Fri, 30 Jan 2026 17:42:36:  12000000 
INFO  @ Fri, 30 Jan 2026 17:42:40:  13000000 
INFO  @ Fri, 30 Jan 2026 17:42:43:  14000000 
INFO  @ Fri, 30 Jan 2026 17:42:46:  15000000 
INFO  @ Fri, 30 Jan 2026 17:42:49:  16000000 
INFO  @ Fri, 30 Jan 2026 17:42:52: 16633675 fragments have been read. 
INFO  @ Fri, 30 Jan 2026 17:43:02: #1 mean fragment size is determined as 177.4 bp from treatment 
INFO  @ Fri, 30 Jan 2026 17:43:02: #1 fragment size = 177.4 
INFO  @ Fri, 30 Jan 2026 17:43:02: #1  total fragments in treatment: 16633675 
INFO  @ Fri, 30 Jan 2026 17:43:02: #1 user defined the maximum fragments... 
INFO  @ Fri, 30 Jan 2026 17:43:02: #1 filter out redundant fragments by allowing at most 1 identical fragment(s) 
INFO  @ Fri, 30 Jan 2026 17:43:22: #1  fragments after filtering in treatment: 12678388 
INFO  @ Fri, 30 Jan 2026 17:43:22: #1  Redundant rate of treatment: 0.24 
INFO  @ Fri, 30 Jan 2026 17:43:22: #1 finished! 
INFO  @ Fri, 30 Jan 2026 17:43:22: #2 Build Peak Model... 
INFO  @ Fri, 30 Jan 2026 17:43:22: #2 Skipped... 
INFO  @ Fri, 30 Jan 2026 17:43:22: #3 Call peaks... 
INFO  @ Fri, 30 Jan 2026 17:43:22: #3 Pre-compute pvalue-qvalue table... 
INFO  @ Fri, 30 Jan 2026 17:43:59: #3 Call peaks for each chromosome... 
INFO  @ Fri, 30 Jan 2026 17:44:16: #4 Write output xls file... /n/projects/mw2098/publications/2024_weilert_acc/code/1_processing/peaks/Bunina_mesc_atac_day12_1_peaks.xls 
INFO  @ Fri, 30 Jan 2026 17:44:17: #4 Write peak in narrowPeak format file... /n/projects/mw2098/publications/2024_weilert_acc/code/1_processing/peaks/Bunina_mesc_atac_day12_1_peaks.narrowPeak 
INFO  @ Fri, 30 Jan 2026 17:44:17: #4 Write summits bed file... /n/projects/mw2098/publications/2024_weilert_acc/code/1_processing/peaks/Bunina_mesc_atac_day12_1_summits.bed 
INFO  @ Fri, 30 Jan 2026 17:44:17: Done! 
[Fri Jan 30 17:44:17 2026]
Finished job 0.
1 of 1 steps (100%) done
