Building DAG of jobs...
Using shell: /usr/bin/bash
Provided cores: 16
Rules claiming more threads will be scaled down.
Provided resources: mem_mb=500000, mem_mib=476838, disk_mb=500000, disk_mib=476838, cpus_per_task=16
Select jobs to execute...

[Fri Feb 13 12:52:19 2026]
Job 0: Aligning FASTQ to BAM
Reason: Forced execution

26999293
Feb 13 12:52:19 ..... started STAR run
Feb 13 12:52:20 ..... loading genome
Feb 13 12:53:17 ..... processing annotations GTF
Feb 13 12:53:27 ..... inserting junctions into the genome indices
Feb 13 12:56:25 ..... started mapping
Feb 13 12:58:29 ..... finished mapping
Feb 13 12:58:31 ..... started sorting BAM
Feb 13 12:59:03 ..... finished successfully
[bam_sort_core] merging from 0 files and 32 in-memory blocks...
[Fri Feb 13 13:04:15 2026]
Finished job 0.
1 of 1 steps (100%) done
