Building DAG of jobs...
Using shell: /usr/bin/bash
Provided cores: 16
Rules claiming more threads will be scaled down.
Provided resources: mem_mb=500000, mem_mib=476838, disk_mb=500000, disk_mib=476838, cpus_per_task=16
Select jobs to execute...

[Fri Jan 30 17:43:27 2026]
Job 0: Computing coverage of .bam file...
Reason: Forced execution

INFO	2026-01-30 17:43:28	MarkDuplicates	

********** NOTE: Picard's command line syntax is changing.
**********
********** For more information, please see:
********** https://github.com/broadinstitute/picard/wiki/Command-Line-Syntax-Transition-For-Users-(Pre-Transition)
**********
********** The command line looks like this in the new syntax:
**********
**********    MarkDuplicates -I /n/projects/mw2098/publications/2024_weilert_acc/code/1_processing/bam/Bunina_mesc_atac_day4_1.bam -O /n/projects/mw2098/publications/2024_weilert_acc/code/1_processing/bam/Bunina_mesc_atac_day4_1.bam.temp.bam -M /n/projects/mw2098/publications/2024_weilert_acc/code/1_processing/bam/Bunina_mesc_atac_day4_1.dedup.txt -ASSUME_SORT_ORDER coordinate -TMP_DIR /n/projects/mw2098/publications/2024_weilert_acc/code/1_processing/tmp/
**********


17:43:28.320 INFO  NativeLibraryLoader - Loading libgkl_compression.so from jar:file:/n/projects/mw2098/publications/2024_weilert_acc/public/software/picard/picard_v2.23.8.jar!/com/intel/gkl/native/libgkl_compression.so
[Fri Jan 30 17:43:28 CST 2026] MarkDuplicates INPUT=[/n/projects/mw2098/publications/2024_weilert_acc/code/1_processing/bam/Bunina_mesc_atac_day4_1.bam] OUTPUT=/n/projects/mw2098/publications/2024_weilert_acc/code/1_processing/bam/Bunina_mesc_atac_day4_1.bam.temp.bam METRICS_FILE=/n/projects/mw2098/publications/2024_weilert_acc/code/1_processing/bam/Bunina_mesc_atac_day4_1.dedup.txt ASSUME_SORT_ORDER=coordinate TMP_DIR=[/n/projects/mw2098/publications/2024_weilert_acc/code/1_processing/tmp]    MAX_SEQUENCES_FOR_DISK_READ_ENDS_MAP=50000 MAX_FILE_HANDLES_FOR_READ_ENDS_MAP=8000 SORTING_COLLECTION_SIZE_RATIO=0.25 TAG_DUPLICATE_SET_MEMBERS=false REMOVE_SEQUENCING_DUPLICATES=false TAGGING_POLICY=DontTag CLEAR_DT=true DUPLEX_UMI=false ADD_PG_TAG_TO_READS=true REMOVE_DUPLICATES=false ASSUME_SORTED=false DUPLICATE_SCORING_STRATEGY=SUM_OF_BASE_QUALITIES PROGRAM_RECORD_ID=MarkDuplicates PROGRAM_GROUP_NAME=MarkDuplicates READ_NAME_REGEX=<optimized capture of last three ':' separated fields as numeric values> OPTICAL_DUPLICATE_PIXEL_DISTANCE=100 MAX_OPTICAL_DUPLICATE_SET_SIZE=300000 VERBOSITY=INFO QUIET=false VALIDATION_STRINGENCY=STRICT COMPRESSION_LEVEL=5 MAX_RECORDS_IN_RAM=500000 CREATE_INDEX=false CREATE_MD5_FILE=false GA4GH_CLIENT_SECRETS=client_secrets.json USE_JDK_DEFLATER=false USE_JDK_INFLATER=false
[Fri Jan 30 17:43:28 CST 2026] Executing as mw2098@cerebro201 on Linux 5.14.0-611.11.1.el9_7.x86_64 amd64; OpenJDK 64-Bit Server VM 17.0.17+10-LTS; Deflater: Intel; Inflater: Intel; Provider GCS is not available; Picard version: 2.23.8
INFO	2026-01-30 17:43:28	MarkDuplicates	Start of doWork freeMemory: 262932048; totalMemory: 285212672; maxMemory: 32178700288
INFO	2026-01-30 17:43:28	MarkDuplicates	Reading input file and constructing read end information.
INFO	2026-01-30 17:43:28	MarkDuplicates	Will retain up to 116589493 data points before spilling to disk.
WARNING: BAM index file /n/projects/mw2098/publications/2024_weilert_acc/code/1_processing/bam/Bunina_mesc_atac_day4_1.bam.bai is older than BAM /n/projects/mw2098/publications/2024_weilert_acc/code/1_processing/bam/Bunina_mesc_atac_day4_1.bam
WARNING	2026-01-30 17:43:28	AbstractOpticalDuplicateFinderCommandLineProgram	A field field parsed out of a read name was expected to contain an integer and did not. Read name: ERR3453495.3800979. Cause: String 'ERR3453495.3800979' did not start with a parsable number.
INFO	2026-01-30 17:43:31	MarkDuplicates	Read     1,000,000 records.  Elapsed time: 00:00:03s.  Time for last 1,000,000:    3s.  Last read position: chr1:24,613,759
INFO	2026-01-30 17:43:31	MarkDuplicates	Tracking 15114 as yet unmatched pairs. 15114 records in RAM.
INFO	2026-01-30 17:43:34	MarkDuplicates	Read     2,000,000 records.  Elapsed time: 00:00:06s.  Time for last 1,000,000:    2s.  Last read position: chr1:28,784,298
INFO	2026-01-30 17:43:34	MarkDuplicates	Tracking 2 as yet unmatched pairs. 2 records in RAM.
INFO	2026-01-30 17:43:37	MarkDuplicates	Read     3,000,000 records.  Elapsed time: 00:00:09s.  Time for last 1,000,000:    3s.  Last read position: chr1:141,876,200
INFO	2026-01-30 17:43:37	MarkDuplicates	Tracking 0 as yet unmatched pairs. 0 records in RAM.
INFO	2026-01-30 17:43:40	MarkDuplicates	Read     4,000,000 records.  Elapsed time: 00:00:12s.  Time for last 1,000,000:    3s.  Last read position: chr10:60,166,376
INFO	2026-01-30 17:43:40	MarkDuplicates	Tracking 4 as yet unmatched pairs. 4 records in RAM.
INFO	2026-01-30 17:43:43	MarkDuplicates	Read     5,000,000 records.  Elapsed time: 00:00:15s.  Time for last 1,000,000:    2s.  Last read position: chr11:27,464,234
INFO	2026-01-30 17:43:43	MarkDuplicates	Tracking 2 as yet unmatched pairs. 2 records in RAM.
INFO	2026-01-30 17:43:46	MarkDuplicates	Read     6,000,000 records.  Elapsed time: 00:00:18s.  Time for last 1,000,000:    3s.  Last read position: chr11:106,180,108
INFO	2026-01-30 17:43:46	MarkDuplicates	Tracking 0 as yet unmatched pairs. 0 records in RAM.
INFO	2026-01-30 17:43:49	MarkDuplicates	Read     7,000,000 records.  Elapsed time: 00:00:21s.  Time for last 1,000,000:    2s.  Last read position: chr12:85,473,742
INFO	2026-01-30 17:43:49	MarkDuplicates	Tracking 20 as yet unmatched pairs. 20 records in RAM.
INFO	2026-01-30 17:43:52	MarkDuplicates	Read     8,000,000 records.  Elapsed time: 00:00:24s.  Time for last 1,000,000:    2s.  Last read position: chr13:65,582,571
INFO	2026-01-30 17:43:52	MarkDuplicates	Tracking 0 as yet unmatched pairs. 0 records in RAM.
INFO	2026-01-30 17:43:55	MarkDuplicates	Read     9,000,000 records.  Elapsed time: 00:00:27s.  Time for last 1,000,000:    3s.  Last read position: chr14:52,016,501
INFO	2026-01-30 17:43:55	MarkDuplicates	Tracking 0 as yet unmatched pairs. 0 records in RAM.
INFO	2026-01-30 17:43:58	MarkDuplicates	Read    10,000,000 records.  Elapsed time: 00:00:30s.  Time for last 1,000,000:    2s.  Last read position: chr15:54,953,013
INFO	2026-01-30 17:43:58	MarkDuplicates	Tracking 2 as yet unmatched pairs. 2 records in RAM.
INFO	2026-01-30 17:44:01	MarkDuplicates	Read    11,000,000 records.  Elapsed time: 00:00:33s.  Time for last 1,000,000:    2s.  Last read position: chr16:36,365,203
INFO	2026-01-30 17:44:01	MarkDuplicates	Tracking 0 as yet unmatched pairs. 0 records in RAM.
INFO	2026-01-30 17:44:04	MarkDuplicates	Read    12,000,000 records.  Elapsed time: 00:00:36s.  Time for last 1,000,000:    2s.  Last read position: chr17:39,844,123
INFO	2026-01-30 17:44:04	MarkDuplicates	Tracking 1564 as yet unmatched pairs. 1564 records in RAM.
INFO	2026-01-30 17:44:07	MarkDuplicates	Read    13,000,000 records.  Elapsed time: 00:00:39s.  Time for last 1,000,000:    2s.  Last read position: chr18:38,601,203
INFO	2026-01-30 17:44:07	MarkDuplicates	Tracking 20 as yet unmatched pairs. 20 records in RAM.
INFO	2026-01-30 17:44:10	MarkDuplicates	Read    14,000,000 records.  Elapsed time: 00:00:41s.  Time for last 1,000,000:    2s.  Last read position: chr19:51,528,610
INFO	2026-01-30 17:44:10	MarkDuplicates	Tracking 0 as yet unmatched pairs. 0 records in RAM.
INFO	2026-01-30 17:44:13	MarkDuplicates	Read    15,000,000 records.  Elapsed time: 00:00:44s.  Time for last 1,000,000:    2s.  Last read position: chr2:80,617,495
INFO	2026-01-30 17:44:13	MarkDuplicates	Tracking 4 as yet unmatched pairs. 4 records in RAM.
INFO	2026-01-30 17:44:16	MarkDuplicates	Read    16,000,000 records.  Elapsed time: 00:00:47s.  Time for last 1,000,000:    2s.  Last read position: chr2:143,696,966
INFO	2026-01-30 17:44:16	MarkDuplicates	Tracking 2 as yet unmatched pairs. 2 records in RAM.
INFO	2026-01-30 17:44:19	MarkDuplicates	Read    17,000,000 records.  Elapsed time: 00:00:50s.  Time for last 1,000,000:    2s.  Last read position: chr3:68,292,008
INFO	2026-01-30 17:44:19	MarkDuplicates	Tracking 0 as yet unmatched pairs. 0 records in RAM.
INFO	2026-01-30 17:44:22	MarkDuplicates	Read    18,000,000 records.  Elapsed time: 00:00:53s.  Time for last 1,000,000:    2s.  Last read position: chr4:23,025,373
INFO	2026-01-30 17:44:22	MarkDuplicates	Tracking 2 as yet unmatched pairs. 2 records in RAM.
INFO	2026-01-30 17:44:25	MarkDuplicates	Read    19,000,000 records.  Elapsed time: 00:00:56s.  Time for last 1,000,000:    2s.  Last read position: chr4:132,253,391
INFO	2026-01-30 17:44:25	MarkDuplicates	Tracking 2 as yet unmatched pairs. 2 records in RAM.
INFO	2026-01-30 17:44:28	MarkDuplicates	Read    20,000,000 records.  Elapsed time: 00:00:59s.  Time for last 1,000,000:    2s.  Last read position: chr5:72,297,944
INFO	2026-01-30 17:44:28	MarkDuplicates	Tracking 0 as yet unmatched pairs. 0 records in RAM.
INFO	2026-01-30 17:44:31	MarkDuplicates	Read    21,000,000 records.  Elapsed time: 00:01:02s.  Time for last 1,000,000:    2s.  Last read position: chr6:11,289,763
INFO	2026-01-30 17:44:31	MarkDuplicates	Tracking 0 as yet unmatched pairs. 0 records in RAM.
INFO	2026-01-30 17:44:34	MarkDuplicates	Read    22,000,000 records.  Elapsed time: 00:01:05s.  Time for last 1,000,000:    2s.  Last read position: chr6:118,944,730
INFO	2026-01-30 17:44:34	MarkDuplicates	Tracking 0 as yet unmatched pairs. 0 records in RAM.
INFO	2026-01-30 17:44:37	MarkDuplicates	Read    23,000,000 records.  Elapsed time: 00:01:08s.  Time for last 1,000,000:    3s.  Last read position: chr7:70,335,103
INFO	2026-01-30 17:44:37	MarkDuplicates	Tracking 2 as yet unmatched pairs. 2 records in RAM.
INFO	2026-01-30 17:44:40	MarkDuplicates	Read    24,000,000 records.  Elapsed time: 00:01:11s.  Time for last 1,000,000:    2s.  Last read position: chr8:20,678,530
INFO	2026-01-30 17:44:40	MarkDuplicates	Tracking 6 as yet unmatched pairs. 6 records in RAM.
INFO	2026-01-30 17:44:43	MarkDuplicates	Read    25,000,000 records.  Elapsed time: 00:01:14s.  Time for last 1,000,000:    2s.  Last read position: chr8:122,110,726
INFO	2026-01-30 17:44:43	MarkDuplicates	Tracking 0 as yet unmatched pairs. 0 records in RAM.
INFO	2026-01-30 17:44:46	MarkDuplicates	Read    26,000,000 records.  Elapsed time: 00:01:17s.  Time for last 1,000,000:    2s.  Last read position: chr9:77,828,884
INFO	2026-01-30 17:44:46	MarkDuplicates	Tracking 0 as yet unmatched pairs. 0 records in RAM.
INFO	2026-01-30 17:44:49	MarkDuplicates	Read    27,000,000 records.  Elapsed time: 00:01:20s.  Time for last 1,000,000:    2s.  Last read position: chrM:549
INFO	2026-01-30 17:44:49	MarkDuplicates	Tracking 21058 as yet unmatched pairs. 21058 records in RAM.
INFO	2026-01-30 17:44:51	MarkDuplicates	Read    28,000,000 records.  Elapsed time: 00:01:23s.  Time for last 1,000,000:    2s.  Last read position: chrM:1,700
INFO	2026-01-30 17:44:51	MarkDuplicates	Tracking 25122 as yet unmatched pairs. 25122 records in RAM.
INFO	2026-01-30 17:44:54	MarkDuplicates	Read    29,000,000 records.  Elapsed time: 00:01:26s.  Time for last 1,000,000:    2s.  Last read position: chrM:2,820
INFO	2026-01-30 17:44:54	MarkDuplicates	Tracking 27964 as yet unmatched pairs. 27964 records in RAM.
INFO	2026-01-30 17:44:57	MarkDuplicates	Read    30,000,000 records.  Elapsed time: 00:01:28s.  Time for last 1,000,000:    2s.  Last read position: chrM:3,910
INFO	2026-01-30 17:44:57	MarkDuplicates	Tracking 22734 as yet unmatched pairs. 22734 records in RAM.
INFO	2026-01-30 17:45:00	MarkDuplicates	Read    31,000,000 records.  Elapsed time: 00:01:31s.  Time for last 1,000,000:    2s.  Last read position: chrM:5,096
INFO	2026-01-30 17:45:00	MarkDuplicates	Tracking 32172 as yet unmatched pairs. 32172 records in RAM.
INFO	2026-01-30 17:45:03	MarkDuplicates	Read    32,000,000 records.  Elapsed time: 00:01:34s.  Time for last 1,000,000:    3s.  Last read position: chrM:6,268
INFO	2026-01-30 17:45:03	MarkDuplicates	Tracking 33388 as yet unmatched pairs. 33388 records in RAM.
INFO	2026-01-30 17:45:06	MarkDuplicates	Read    33,000,000 records.  Elapsed time: 00:01:37s.  Time for last 1,000,000:    2s.  Last read position: chrM:8,458
INFO	2026-01-30 17:45:06	MarkDuplicates	Tracking 23262 as yet unmatched pairs. 23262 records in RAM.
INFO	2026-01-30 17:45:09	MarkDuplicates	Read    34,000,000 records.  Elapsed time: 00:01:40s.  Time for last 1,000,000:    2s.  Last read position: chrM:10,473
INFO	2026-01-30 17:45:09	MarkDuplicates	Tracking 22256 as yet unmatched pairs. 22256 records in RAM.
INFO	2026-01-30 17:45:12	MarkDuplicates	Read    35,000,000 records.  Elapsed time: 00:01:43s.  Time for last 1,000,000:    2s.  Last read position: chrM:11,796
INFO	2026-01-30 17:45:12	MarkDuplicates	Tracking 20302 as yet unmatched pairs. 20302 records in RAM.
INFO	2026-01-30 17:45:14	MarkDuplicates	Read    36,000,000 records.  Elapsed time: 00:01:46s.  Time for last 1,000,000:    2s.  Last read position: chrM:12,904
INFO	2026-01-30 17:45:14	MarkDuplicates	Tracking 26344 as yet unmatched pairs. 26344 records in RAM.
INFO	2026-01-30 17:45:17	MarkDuplicates	Read    37,000,000 records.  Elapsed time: 00:01:48s.  Time for last 1,000,000:    2s.  Last read position: chrM:14,127
INFO	2026-01-30 17:45:17	MarkDuplicates	Tracking 44524 as yet unmatched pairs. 44524 records in RAM.
INFO	2026-01-30 17:45:20	MarkDuplicates	Read    38,000,000 records.  Elapsed time: 00:01:51s.  Time for last 1,000,000:    2s.  Last read position: chrM:15,238
INFO	2026-01-30 17:45:20	MarkDuplicates	Tracking 38202 as yet unmatched pairs. 38202 records in RAM.
INFO	2026-01-30 17:45:23	MarkDuplicates	Read    39,000,000 records.  Elapsed time: 00:01:54s.  Time for last 1,000,000:    2s.  Last read position: chrX:84,842,214
INFO	2026-01-30 17:45:23	MarkDuplicates	Tracking 0 as yet unmatched pairs. 0 records in RAM.
INFO	2026-01-30 17:45:25	MarkDuplicates	Read 39616572 records. 0 pairs never matched.
INFO	2026-01-30 17:45:25	MarkDuplicates	After buildSortedReadEndLists freeMemory: 7793750280; totalMemory: 13052674048; maxMemory: 32178700288
INFO	2026-01-30 17:45:25	MarkDuplicates	Will retain up to 1005584384 duplicate indices before spilling to disk.
INFO	2026-01-30 17:45:27	MarkDuplicates	Traversing read pair information and detecting duplicates.
INFO	2026-01-30 17:45:30	MarkDuplicates	Traversing fragment information and detecting duplicates.
INFO	2026-01-30 17:45:31	MarkDuplicates	Sorting list of duplicate records.
INFO	2026-01-30 17:45:32	MarkDuplicates	After generateDuplicateIndexes freeMemory: 13005527296; totalMemory: 21088960512; maxMemory: 32178700288
INFO	2026-01-30 17:45:32	MarkDuplicates	Marking 14307992 records as duplicates.
INFO	2026-01-30 17:45:32	MarkDuplicates	Found 0 optical duplicate clusters.
WARNING: BAM index file /n/projects/mw2098/publications/2024_weilert_acc/code/1_processing/bam/Bunina_mesc_atac_day4_1.bam.bai is older than BAM /n/projects/mw2098/publications/2024_weilert_acc/code/1_processing/bam/Bunina_mesc_atac_day4_1.bam
INFO	2026-01-30 17:45:32	MarkDuplicates	Reads are assumed to be ordered by: coordinate
INFO	2026-01-30 17:46:34	MarkDuplicates	Written    10,000,000 records.  Elapsed time: 00:01:01s.  Time for last 10,000,000:   61s.  Last read position: chr15:54,953,013
INFO	2026-01-30 17:47:37	MarkDuplicates	Written    20,000,000 records.  Elapsed time: 00:02:04s.  Time for last 10,000,000:   63s.  Last read position: chr5:72,297,944
INFO	2026-01-30 17:48:35	MarkDuplicates	Written    30,000,000 records.  Elapsed time: 00:03:03s.  Time for last 10,000,000:   58s.  Last read position: chrM:3,910
INFO	2026-01-30 17:49:23	MarkDuplicates	Writing complete. Closing input iterator.
INFO	2026-01-30 17:49:23	MarkDuplicates	Duplicate Index cleanup.
INFO	2026-01-30 17:49:23	MarkDuplicates	Getting Memory Stats.
INFO	2026-01-30 17:49:23	MarkDuplicates	Before output close freeMemory: 707490624; totalMemory: 738197504; maxMemory: 32178700288
INFO	2026-01-30 17:49:23	MarkDuplicates	Closed outputs. Getting more Memory Stats.
INFO	2026-01-30 17:49:23	MarkDuplicates	After output close freeMemory: 309519672; totalMemory: 335544320; maxMemory: 32178700288
[Fri Jan 30 17:49:23 CST 2026] picard.sam.markduplicates.MarkDuplicates done. Elapsed time: 5.92 minutes.
Runtime.totalMemory()=335544320
[] Reading paired-end ATAC-seq BAM: /n/projects/mw2098/publications/2024_weilert_acc/code/1_processing/bam/Bunina_mesc_atac_day4_1.bam
[] 12654290 fragments read. If deduplicate==T, then these are duplicates. If not, these are raw reads.
Resolving dovetailed discordant reads, keeping discordants based on mapping distance (dovetailing) and removing discordants based on orientation.
12654154 reads kept after discordant resolution.
Filtering by fragment size. Max = 600, Min = 10
[] 12653690 fragments within size restrictions.
[] Saving 12653690 fragments...
Saving .granges.rds file as: /n/projects/mw2098/publications/2024_weilert_acc/code/1_processing/rdata/Bunina_mesc_atac_day4_1.granges.rds
[1] TRUE
Saving .bw file as: /n/projects/mw2098/publications/2024_weilert_acc/code/1_processing/bw/Bunina_mesc_atac_day4_1.bw
Done! =)
[] Reading paired-end ATAC-seq BAM: /n/projects/mw2098/publications/2024_weilert_acc/code/1_processing/bam/Bunina_mesc_atac_day4_1.bam
[] 12654290 fragments read. If deduplicate==T, then these are duplicates. If not, these are raw reads.
Resolving dovetailed discordant reads, keeping discordants based on mapping distance (dovetailing) and removing discordants based on orientation.
12654154 reads kept after discordant resolution.
Filtering by fragment size. Max = 600, Min = 10
[] 12653690 fragments within size restrictions.
[] Saving 12653690 fragments...
Saving .bw file as: /n/projects/mw2098/publications/2024_weilert_acc/code/1_processing/bw/Bunina_mesc_atac_day4_1_cutsites.bw
Done! =)
[Fri Jan 30 17:56:35 2026]
Finished job 0.
1 of 1 steps (100%) done
