Building DAG of jobs...
Using shell: /usr/bin/bash
Provided cores: 16
Rules claiming more threads will be scaled down.
Provided resources: mem_mb=500000, mem_mib=476838, disk_mb=500000, disk_mib=476838, cpus_per_task=16
Select jobs to execute...

[Fri Jan 30 17:49:45 2026]
Job 0: Computing coverage of .bam file...
Reason: Forced execution

INFO	2026-01-30 17:49:46	MarkDuplicates	

********** NOTE: Picard's command line syntax is changing.
**********
********** For more information, please see:
********** https://github.com/broadinstitute/picard/wiki/Command-Line-Syntax-Transition-For-Users-(Pre-Transition)
**********
********** The command line looks like this in the new syntax:
**********
**********    MarkDuplicates -I /n/projects/mw2098/publications/2024_weilert_acc/code/1_processing/bam/Bunina_mesc_atac_day0_2.bam -O /n/projects/mw2098/publications/2024_weilert_acc/code/1_processing/bam/Bunina_mesc_atac_day0_2.bam.temp.bam -M /n/projects/mw2098/publications/2024_weilert_acc/code/1_processing/bam/Bunina_mesc_atac_day0_2.dedup.txt -ASSUME_SORT_ORDER coordinate -TMP_DIR /n/projects/mw2098/publications/2024_weilert_acc/code/1_processing/tmp/
**********


17:49:46.446 INFO  NativeLibraryLoader - Loading libgkl_compression.so from jar:file:/n/projects/mw2098/publications/2024_weilert_acc/public/software/picard/picard_v2.23.8.jar!/com/intel/gkl/native/libgkl_compression.so
[Fri Jan 30 17:49:46 CST 2026] MarkDuplicates INPUT=[/n/projects/mw2098/publications/2024_weilert_acc/code/1_processing/bam/Bunina_mesc_atac_day0_2.bam] OUTPUT=/n/projects/mw2098/publications/2024_weilert_acc/code/1_processing/bam/Bunina_mesc_atac_day0_2.bam.temp.bam METRICS_FILE=/n/projects/mw2098/publications/2024_weilert_acc/code/1_processing/bam/Bunina_mesc_atac_day0_2.dedup.txt ASSUME_SORT_ORDER=coordinate TMP_DIR=[/n/projects/mw2098/publications/2024_weilert_acc/code/1_processing/tmp]    MAX_SEQUENCES_FOR_DISK_READ_ENDS_MAP=50000 MAX_FILE_HANDLES_FOR_READ_ENDS_MAP=8000 SORTING_COLLECTION_SIZE_RATIO=0.25 TAG_DUPLICATE_SET_MEMBERS=false REMOVE_SEQUENCING_DUPLICATES=false TAGGING_POLICY=DontTag CLEAR_DT=true DUPLEX_UMI=false ADD_PG_TAG_TO_READS=true REMOVE_DUPLICATES=false ASSUME_SORTED=false DUPLICATE_SCORING_STRATEGY=SUM_OF_BASE_QUALITIES PROGRAM_RECORD_ID=MarkDuplicates PROGRAM_GROUP_NAME=MarkDuplicates READ_NAME_REGEX=<optimized capture of last three ':' separated fields as numeric values> OPTICAL_DUPLICATE_PIXEL_DISTANCE=100 MAX_OPTICAL_DUPLICATE_SET_SIZE=300000 VERBOSITY=INFO QUIET=false VALIDATION_STRINGENCY=STRICT COMPRESSION_LEVEL=5 MAX_RECORDS_IN_RAM=500000 CREATE_INDEX=false CREATE_MD5_FILE=false GA4GH_CLIENT_SECRETS=client_secrets.json USE_JDK_DEFLATER=false USE_JDK_INFLATER=false
[Fri Jan 30 17:49:46 CST 2026] Executing as mw2098@cerebro116 on Linux 5.14.0-570.49.1.el9_6.x86_64 amd64; OpenJDK 64-Bit Server VM 17.0.16+8-LTS; Deflater: Intel; Inflater: Intel; Provider GCS is not available; Picard version: 2.23.8
INFO	2026-01-30 17:49:46	MarkDuplicates	Start of doWork freeMemory: 262934704; totalMemory: 285212672; maxMemory: 32178700288
INFO	2026-01-30 17:49:46	MarkDuplicates	Reading input file and constructing read end information.
INFO	2026-01-30 17:49:46	MarkDuplicates	Will retain up to 116589493 data points before spilling to disk.
WARNING: BAM index file /n/projects/mw2098/publications/2024_weilert_acc/code/1_processing/bam/Bunina_mesc_atac_day0_2.bam.bai is older than BAM /n/projects/mw2098/publications/2024_weilert_acc/code/1_processing/bam/Bunina_mesc_atac_day0_2.bam
WARNING	2026-01-30 17:49:46	AbstractOpticalDuplicateFinderCommandLineProgram	A field field parsed out of a read name was expected to contain an integer and did not. Read name: ERR3453490.21771376. Cause: String 'ERR3453490.21771376' did not start with a parsable number.
INFO	2026-01-30 17:49:49	MarkDuplicates	Read     1,000,000 records.  Elapsed time: 00:00:03s.  Time for last 1,000,000:    3s.  Last read position: chr1:24,613,126
INFO	2026-01-30 17:49:49	MarkDuplicates	Tracking 6028 as yet unmatched pairs. 6028 records in RAM.
INFO	2026-01-30 17:49:52	MarkDuplicates	Read     2,000,000 records.  Elapsed time: 00:00:06s.  Time for last 1,000,000:    2s.  Last read position: chr1:24,614,682
INFO	2026-01-30 17:49:52	MarkDuplicates	Tracking 19452 as yet unmatched pairs. 19452 records in RAM.
INFO	2026-01-30 17:49:55	MarkDuplicates	Read     3,000,000 records.  Elapsed time: 00:00:09s.  Time for last 1,000,000:    2s.  Last read position: chr1:40,883,067
INFO	2026-01-30 17:49:55	MarkDuplicates	Tracking 0 as yet unmatched pairs. 0 records in RAM.
INFO	2026-01-30 17:49:58	MarkDuplicates	Read     4,000,000 records.  Elapsed time: 00:00:12s.  Time for last 1,000,000:    3s.  Last read position: chr1:155,753,739
INFO	2026-01-30 17:49:58	MarkDuplicates	Tracking 2 as yet unmatched pairs. 2 records in RAM.
INFO	2026-01-30 17:50:01	MarkDuplicates	Read     5,000,000 records.  Elapsed time: 00:00:15s.  Time for last 1,000,000:    3s.  Last read position: chr10:66,582,570
INFO	2026-01-30 17:50:01	MarkDuplicates	Tracking 18 as yet unmatched pairs. 18 records in RAM.
INFO	2026-01-30 17:50:04	MarkDuplicates	Read     6,000,000 records.  Elapsed time: 00:00:18s.  Time for last 1,000,000:    3s.  Last read position: chr11:34,419,815
INFO	2026-01-30 17:50:04	MarkDuplicates	Tracking 0 as yet unmatched pairs. 0 records in RAM.
INFO	2026-01-30 17:50:08	MarkDuplicates	Read     7,000,000 records.  Elapsed time: 00:00:21s.  Time for last 1,000,000:    3s.  Last read position: chr11:120,647,992
INFO	2026-01-30 17:50:08	MarkDuplicates	Tracking 6 as yet unmatched pairs. 6 records in RAM.
INFO	2026-01-30 17:50:11	MarkDuplicates	Read     8,000,000 records.  Elapsed time: 00:00:24s.  Time for last 1,000,000:    3s.  Last read position: chr12:106,904,310
INFO	2026-01-30 17:50:11	MarkDuplicates	Tracking 2 as yet unmatched pairs. 2 records in RAM.
INFO	2026-01-30 17:50:14	MarkDuplicates	Read     9,000,000 records.  Elapsed time: 00:00:27s.  Time for last 1,000,000:    3s.  Last read position: chr13:97,080,925
INFO	2026-01-30 17:50:14	MarkDuplicates	Tracking 0 as yet unmatched pairs. 0 records in RAM.
INFO	2026-01-30 17:50:17	MarkDuplicates	Read    10,000,000 records.  Elapsed time: 00:00:30s.  Time for last 1,000,000:    2s.  Last read position: chr14:77,070,544
INFO	2026-01-30 17:50:17	MarkDuplicates	Tracking 0 as yet unmatched pairs. 0 records in RAM.
INFO	2026-01-30 17:50:20	MarkDuplicates	Read    11,000,000 records.  Elapsed time: 00:00:33s.  Time for last 1,000,000:    3s.  Last read position: chr15:78,511,010
INFO	2026-01-30 17:50:20	MarkDuplicates	Tracking 2 as yet unmatched pairs. 2 records in RAM.
INFO	2026-01-30 17:50:23	MarkDuplicates	Read    12,000,000 records.  Elapsed time: 00:00:36s.  Time for last 1,000,000:    3s.  Last read position: chr16:83,250,228
INFO	2026-01-30 17:50:23	MarkDuplicates	Tracking 2 as yet unmatched pairs. 2 records in RAM.
INFO	2026-01-30 17:50:26	MarkDuplicates	Read    13,000,000 records.  Elapsed time: 00:00:39s.  Time for last 1,000,000:    2s.  Last read position: chr17:74,975,564
INFO	2026-01-30 17:50:26	MarkDuplicates	Tracking 0 as yet unmatched pairs. 0 records in RAM.
INFO	2026-01-30 17:50:29	MarkDuplicates	Read    14,000,000 records.  Elapsed time: 00:00:42s.  Time for last 1,000,000:    3s.  Last read position: chr19:4,298,136
INFO	2026-01-30 17:50:29	MarkDuplicates	Tracking 0 as yet unmatched pairs. 0 records in RAM.
INFO	2026-01-30 17:50:32	MarkDuplicates	Read    15,000,000 records.  Elapsed time: 00:00:45s.  Time for last 1,000,000:    3s.  Last read position: chr2:28,638,054
INFO	2026-01-30 17:50:32	MarkDuplicates	Tracking 0 as yet unmatched pairs. 0 records in RAM.
INFO	2026-01-30 17:50:35	MarkDuplicates	Read    16,000,000 records.  Elapsed time: 00:00:48s.  Time for last 1,000,000:    2s.  Last read position: chr2:98,667,114
INFO	2026-01-30 17:50:35	MarkDuplicates	Tracking 53742 as yet unmatched pairs. 53742 records in RAM.
INFO	2026-01-30 17:50:37	MarkDuplicates	Read    17,000,000 records.  Elapsed time: 00:00:51s.  Time for last 1,000,000:    2s.  Last read position: chr2:181,601,345
INFO	2026-01-30 17:50:37	MarkDuplicates	Tracking 4 as yet unmatched pairs. 4 records in RAM.
INFO	2026-01-30 17:50:40	MarkDuplicates	Read    18,000,000 records.  Elapsed time: 00:00:54s.  Time for last 1,000,000:    2s.  Last read position: chr3:121,130,600
INFO	2026-01-30 17:50:40	MarkDuplicates	Tracking 0 as yet unmatched pairs. 0 records in RAM.
INFO	2026-01-30 17:50:43	MarkDuplicates	Read    19,000,000 records.  Elapsed time: 00:00:57s.  Time for last 1,000,000:    2s.  Last read position: chr4:82,259,543
INFO	2026-01-30 17:50:43	MarkDuplicates	Tracking 0 as yet unmatched pairs. 0 records in RAM.
INFO	2026-01-30 17:50:46	MarkDuplicates	Read    20,000,000 records.  Elapsed time: 00:01:00s.  Time for last 1,000,000:    2s.  Last read position: chr5:21,081,926
INFO	2026-01-30 17:50:46	MarkDuplicates	Tracking 0 as yet unmatched pairs. 0 records in RAM.
INFO	2026-01-30 17:50:49	MarkDuplicates	Read    21,000,000 records.  Elapsed time: 00:01:03s.  Time for last 1,000,000:    2s.  Last read position: chr5:126,049,516
INFO	2026-01-30 17:50:49	MarkDuplicates	Tracking 0 as yet unmatched pairs. 0 records in RAM.
INFO	2026-01-30 17:50:52	MarkDuplicates	Read    22,000,000 records.  Elapsed time: 00:01:06s.  Time for last 1,000,000:    2s.  Last read position: chr6:82,719,726
INFO	2026-01-30 17:50:52	MarkDuplicates	Tracking 0 as yet unmatched pairs. 0 records in RAM.
INFO	2026-01-30 17:50:55	MarkDuplicates	Read    23,000,000 records.  Elapsed time: 00:01:09s.  Time for last 1,000,000:    2s.  Last read position: chr7:30,264,133
INFO	2026-01-30 17:50:55	MarkDuplicates	Tracking 0 as yet unmatched pairs. 0 records in RAM.
INFO	2026-01-30 17:50:58	MarkDuplicates	Read    24,000,000 records.  Elapsed time: 00:01:11s.  Time for last 1,000,000:    2s.  Last read position: chr7:134,709,421
INFO	2026-01-30 17:50:58	MarkDuplicates	Tracking 2 as yet unmatched pairs. 2 records in RAM.
INFO	2026-01-30 17:51:01	MarkDuplicates	Read    25,000,000 records.  Elapsed time: 00:01:14s.  Time for last 1,000,000:    2s.  Last read position: chr8:96,128,621
INFO	2026-01-30 17:51:01	MarkDuplicates	Tracking 2 as yet unmatched pairs. 2 records in RAM.
INFO	2026-01-30 17:51:04	MarkDuplicates	Read    26,000,000 records.  Elapsed time: 00:01:17s.  Time for last 1,000,000:    2s.  Last read position: chr9:57,303,800
INFO	2026-01-30 17:51:04	MarkDuplicates	Tracking 2 as yet unmatched pairs. 2 records in RAM.
INFO	2026-01-30 17:51:07	MarkDuplicates	Read    27,000,000 records.  Elapsed time: 00:01:20s.  Time for last 1,000,000:    2s.  Last read position: chrM:241
INFO	2026-01-30 17:51:07	MarkDuplicates	Tracking 30350 as yet unmatched pairs. 30350 records in RAM.
INFO	2026-01-30 17:51:10	MarkDuplicates	Read    28,000,000 records.  Elapsed time: 00:01:23s.  Time for last 1,000,000:    2s.  Last read position: chrM:989
INFO	2026-01-30 17:51:10	MarkDuplicates	Tracking 31902 as yet unmatched pairs. 31902 records in RAM.
INFO	2026-01-30 17:51:13	MarkDuplicates	Read    29,000,000 records.  Elapsed time: 00:01:26s.  Time for last 1,000,000:    2s.  Last read position: chrM:1,822
INFO	2026-01-30 17:51:13	MarkDuplicates	Tracking 34842 as yet unmatched pairs. 34842 records in RAM.
INFO	2026-01-30 17:51:16	MarkDuplicates	Read    30,000,000 records.  Elapsed time: 00:01:29s.  Time for last 1,000,000:    2s.  Last read position: chrM:2,594
INFO	2026-01-30 17:51:16	MarkDuplicates	Tracking 43946 as yet unmatched pairs. 43946 records in RAM.
INFO	2026-01-30 17:51:18	MarkDuplicates	Read    31,000,000 records.  Elapsed time: 00:01:32s.  Time for last 1,000,000:    2s.  Last read position: chrM:3,325
INFO	2026-01-30 17:51:18	MarkDuplicates	Tracking 35774 as yet unmatched pairs. 35774 records in RAM.
INFO	2026-01-30 17:51:21	MarkDuplicates	Read    32,000,000 records.  Elapsed time: 00:01:35s.  Time for last 1,000,000:    2s.  Last read position: chrM:4,065
INFO	2026-01-30 17:51:21	MarkDuplicates	Tracking 44110 as yet unmatched pairs. 44110 records in RAM.
INFO	2026-01-30 17:51:24	MarkDuplicates	Read    33,000,000 records.  Elapsed time: 00:01:37s.  Time for last 1,000,000:    2s.  Last read position: chrM:4,895
INFO	2026-01-30 17:51:24	MarkDuplicates	Tracking 12480 as yet unmatched pairs. 12480 records in RAM.
INFO	2026-01-30 17:51:27	MarkDuplicates	Read    34,000,000 records.  Elapsed time: 00:01:40s.  Time for last 1,000,000:    2s.  Last read position: chrM:5,749
INFO	2026-01-30 17:51:27	MarkDuplicates	Tracking 61558 as yet unmatched pairs. 61558 records in RAM.
INFO	2026-01-30 17:51:30	MarkDuplicates	Read    35,000,000 records.  Elapsed time: 00:01:43s.  Time for last 1,000,000:    2s.  Last read position: chrM:6,519
INFO	2026-01-30 17:51:30	MarkDuplicates	Tracking 26766 as yet unmatched pairs. 26766 records in RAM.
INFO	2026-01-30 17:51:33	MarkDuplicates	Read    36,000,000 records.  Elapsed time: 00:01:46s.  Time for last 1,000,000:    3s.  Last read position: chrM:8,152
INFO	2026-01-30 17:51:33	MarkDuplicates	Tracking 16704 as yet unmatched pairs. 16704 records in RAM.
INFO	2026-01-30 17:51:36	MarkDuplicates	Read    37,000,000 records.  Elapsed time: 00:01:49s.  Time for last 1,000,000:    2s.  Last read position: chrM:9,581
INFO	2026-01-30 17:51:36	MarkDuplicates	Tracking 20208 as yet unmatched pairs. 20208 records in RAM.
INFO	2026-01-30 17:51:39	MarkDuplicates	Read    38,000,000 records.  Elapsed time: 00:01:52s.  Time for last 1,000,000:    2s.  Last read position: chrM:10,978
INFO	2026-01-30 17:51:39	MarkDuplicates	Tracking 46862 as yet unmatched pairs. 46862 records in RAM.
INFO	2026-01-30 17:51:41	MarkDuplicates	Read    39,000,000 records.  Elapsed time: 00:01:55s.  Time for last 1,000,000:    2s.  Last read position: chrM:11,762
INFO	2026-01-30 17:51:41	MarkDuplicates	Tracking 41170 as yet unmatched pairs. 41170 records in RAM.
INFO	2026-01-30 17:51:44	MarkDuplicates	Read    40,000,000 records.  Elapsed time: 00:01:57s.  Time for last 1,000,000:    2s.  Last read position: chrM:12,508
INFO	2026-01-30 17:51:44	MarkDuplicates	Tracking 42914 as yet unmatched pairs. 42914 records in RAM.
INFO	2026-01-30 17:51:47	MarkDuplicates	Read    41,000,000 records.  Elapsed time: 00:02:00s.  Time for last 1,000,000:    2s.  Last read position: chrM:13,290
INFO	2026-01-30 17:51:47	MarkDuplicates	Tracking 36286 as yet unmatched pairs. 36286 records in RAM.
INFO	2026-01-30 17:51:50	MarkDuplicates	Read    42,000,000 records.  Elapsed time: 00:02:03s.  Time for last 1,000,000:    2s.  Last read position: chrM:14,143
INFO	2026-01-30 17:51:50	MarkDuplicates	Tracking 43046 as yet unmatched pairs. 43046 records in RAM.
INFO	2026-01-30 17:51:53	MarkDuplicates	Read    43,000,000 records.  Elapsed time: 00:02:06s.  Time for last 1,000,000:    2s.  Last read position: chrM:14,906
INFO	2026-01-30 17:51:53	MarkDuplicates	Tracking 33028 as yet unmatched pairs. 33028 records in RAM.
INFO	2026-01-30 17:51:55	MarkDuplicates	Read    44,000,000 records.  Elapsed time: 00:02:09s.  Time for last 1,000,000:    2s.  Last read position: chrM:15,775
INFO	2026-01-30 17:51:55	MarkDuplicates	Tracking 25370 as yet unmatched pairs. 25370 records in RAM.
INFO	2026-01-30 17:51:58	MarkDuplicates	Read    45,000,000 records.  Elapsed time: 00:02:11s.  Time for last 1,000,000:    2s.  Last read position: chrX:145,784,652
INFO	2026-01-30 17:51:58	MarkDuplicates	Tracking 2 as yet unmatched pairs. 2 records in RAM.
INFO	2026-01-30 17:52:00	MarkDuplicates	Read 45437218 records. 0 pairs never matched.
INFO	2026-01-30 17:52:00	MarkDuplicates	After buildSortedReadEndLists freeMemory: 7915154400; totalMemory: 13807648768; maxMemory: 32178700288
INFO	2026-01-30 17:52:00	MarkDuplicates	Will retain up to 1005584384 duplicate indices before spilling to disk.
INFO	2026-01-30 17:52:02	MarkDuplicates	Traversing read pair information and detecting duplicates.
INFO	2026-01-30 17:52:06	OpticalDuplicateFinder	Large duplicate set. size = 1077
INFO	2026-01-30 17:52:06	OpticalDuplicateFinder	compared         1,000 ReadEnds to others.  Elapsed time: 00:00:00s.  Time for last 1,000:    0s.  Last read position: -1:-1
INFO	2026-01-30 17:52:06	MarkDuplicates	Traversing fragment information and detecting duplicates.
INFO	2026-01-30 17:52:08	MarkDuplicates	Sorting list of duplicate records.
INFO	2026-01-30 17:52:09	MarkDuplicates	After generateDuplicateIndexes freeMemory: 13760471144; totalMemory: 21843935232; maxMemory: 32178700288
INFO	2026-01-30 17:52:09	MarkDuplicates	Marking 20160454 records as duplicates.
INFO	2026-01-30 17:52:09	MarkDuplicates	Found 0 optical duplicate clusters.
WARNING: BAM index file /n/projects/mw2098/publications/2024_weilert_acc/code/1_processing/bam/Bunina_mesc_atac_day0_2.bam.bai is older than BAM /n/projects/mw2098/publications/2024_weilert_acc/code/1_processing/bam/Bunina_mesc_atac_day0_2.bam
INFO	2026-01-30 17:52:09	MarkDuplicates	Reads are assumed to be ordered by: coordinate
INFO	2026-01-30 17:53:11	MarkDuplicates	Written    10,000,000 records.  Elapsed time: 00:01:02s.  Time for last 10,000,000:   62s.  Last read position: chr14:77,070,544
INFO	2026-01-30 17:54:17	MarkDuplicates	Written    20,000,000 records.  Elapsed time: 00:02:07s.  Time for last 10,000,000:   65s.  Last read position: chr5:21,081,926
INFO	2026-01-30 17:55:17	MarkDuplicates	Written    30,000,000 records.  Elapsed time: 00:03:08s.  Time for last 10,000,000:   60s.  Last read position: chrM:2,594
INFO	2026-01-30 17:56:06	MarkDuplicates	Written    40,000,000 records.  Elapsed time: 00:03:57s.  Time for last 10,000,000:   49s.  Last read position: chrM:12,508
INFO	2026-01-30 17:56:36	MarkDuplicates	Writing complete. Closing input iterator.
INFO	2026-01-30 17:56:36	MarkDuplicates	Duplicate Index cleanup.
INFO	2026-01-30 17:56:36	MarkDuplicates	Getting Memory Stats.
INFO	2026-01-30 17:56:36	MarkDuplicates	Before output close freeMemory: 808097408; totalMemory: 838860800; maxMemory: 32178700288
INFO	2026-01-30 17:56:36	MarkDuplicates	Closed outputs. Getting more Memory Stats.
INFO	2026-01-30 17:56:36	MarkDuplicates	After output close freeMemory: 309483240; totalMemory: 335544320; maxMemory: 32178700288
[Fri Jan 30 17:56:36 CST 2026] picard.sam.markduplicates.MarkDuplicates done. Elapsed time: 6.84 minutes.
Runtime.totalMemory()=335544320
[] Reading paired-end ATAC-seq BAM: /n/projects/mw2098/publications/2024_weilert_acc/code/1_processing/bam/Bunina_mesc_atac_day0_2.bam
[] 12638382 fragments read. If deduplicate==T, then these are duplicates. If not, these are raw reads.
Resolving dovetailed discordant reads, keeping discordants based on mapping distance (dovetailing) and removing discordants based on orientation.
12638297 reads kept after discordant resolution.
Filtering by fragment size. Max = 600, Min = 10
[] 12638024 fragments within size restrictions.
[] Saving 12638024 fragments...
Saving .granges.rds file as: /n/projects/mw2098/publications/2024_weilert_acc/code/1_processing/rdata/Bunina_mesc_atac_day0_2.granges.rds
[1] TRUE
Saving .bw file as: /n/projects/mw2098/publications/2024_weilert_acc/code/1_processing/bw/Bunina_mesc_atac_day0_2.bw
Done! =)
[] Reading paired-end ATAC-seq BAM: /n/projects/mw2098/publications/2024_weilert_acc/code/1_processing/bam/Bunina_mesc_atac_day0_2.bam
[] 12638382 fragments read. If deduplicate==T, then these are duplicates. If not, these are raw reads.
Resolving dovetailed discordant reads, keeping discordants based on mapping distance (dovetailing) and removing discordants based on orientation.
12638297 reads kept after discordant resolution.
Filtering by fragment size. Max = 600, Min = 10
[] 12638024 fragments within size restrictions.
[] Saving 12638024 fragments...
Saving .bw file as: /n/projects/mw2098/publications/2024_weilert_acc/code/1_processing/bw/Bunina_mesc_atac_day0_2_cutsites.bw
Done! =)
[Fri Jan 30 18:03:56 2026]
Finished job 0.
1 of 1 steps (100%) done
