Building DAG of jobs...
Using shell: /usr/bin/bash
Provided cores: 16
Rules claiming more threads will be scaled down.
Provided resources: mem_mb=500000, mem_mib=476838, disk_mb=500000, disk_mib=476838, cpus_per_task=16
Select jobs to execute...

[Fri Feb 13 12:51:29 2026]
Job 0: Aligning FASTQ to BAM
Reason: Forced execution

21789250
Feb 13 12:51:29 ..... started STAR run
Feb 13 12:51:29 ..... loading genome
Feb 13 12:52:40 ..... processing annotations GTF
Feb 13 12:52:50 ..... inserting junctions into the genome indices
Feb 13 12:55:27 ..... started mapping
Feb 13 12:57:02 ..... finished mapping
Feb 13 12:57:03 ..... started sorting BAM
Feb 13 12:57:33 ..... finished successfully
[bam_sort_core] merging from 0 files and 32 in-memory blocks...
[Fri Feb 13 13:01:52 2026]
Finished job 0.
1 of 1 steps (100%) done
