Building DAG of jobs...
Using shell: /usr/bin/bash
Provided cores: 16
Rules claiming more threads will be scaled down.
Provided resources: mem_mb=500000, mem_mib=476838, disk_mb=500000, disk_mib=476838, cpus_per_task=16
Select jobs to execute...

[Fri Jan 30 17:55:05 2026]
Job 0: Computing coverage of .bam file...
Reason: Forced execution

INFO	2026-01-30 17:55:05	MarkDuplicates	

********** NOTE: Picard's command line syntax is changing.
**********
********** For more information, please see:
********** https://github.com/broadinstitute/picard/wiki/Command-Line-Syntax-Transition-For-Users-(Pre-Transition)
**********
********** The command line looks like this in the new syntax:
**********
**********    MarkDuplicates -I /n/projects/mw2098/publications/2024_weilert_acc/code/1_processing/bam/Bunina_mesc_atac_day0_1.bam -O /n/projects/mw2098/publications/2024_weilert_acc/code/1_processing/bam/Bunina_mesc_atac_day0_1.bam.temp.bam -M /n/projects/mw2098/publications/2024_weilert_acc/code/1_processing/bam/Bunina_mesc_atac_day0_1.dedup.txt -ASSUME_SORT_ORDER coordinate -TMP_DIR /n/projects/mw2098/publications/2024_weilert_acc/code/1_processing/tmp/
**********


17:55:06.178 INFO  NativeLibraryLoader - Loading libgkl_compression.so from jar:file:/n/projects/mw2098/publications/2024_weilert_acc/public/software/picard/picard_v2.23.8.jar!/com/intel/gkl/native/libgkl_compression.so
[Fri Jan 30 17:55:06 CST 2026] MarkDuplicates INPUT=[/n/projects/mw2098/publications/2024_weilert_acc/code/1_processing/bam/Bunina_mesc_atac_day0_1.bam] OUTPUT=/n/projects/mw2098/publications/2024_weilert_acc/code/1_processing/bam/Bunina_mesc_atac_day0_1.bam.temp.bam METRICS_FILE=/n/projects/mw2098/publications/2024_weilert_acc/code/1_processing/bam/Bunina_mesc_atac_day0_1.dedup.txt ASSUME_SORT_ORDER=coordinate TMP_DIR=[/n/projects/mw2098/publications/2024_weilert_acc/code/1_processing/tmp]    MAX_SEQUENCES_FOR_DISK_READ_ENDS_MAP=50000 MAX_FILE_HANDLES_FOR_READ_ENDS_MAP=8000 SORTING_COLLECTION_SIZE_RATIO=0.25 TAG_DUPLICATE_SET_MEMBERS=false REMOVE_SEQUENCING_DUPLICATES=false TAGGING_POLICY=DontTag CLEAR_DT=true DUPLEX_UMI=false ADD_PG_TAG_TO_READS=true REMOVE_DUPLICATES=false ASSUME_SORTED=false DUPLICATE_SCORING_STRATEGY=SUM_OF_BASE_QUALITIES PROGRAM_RECORD_ID=MarkDuplicates PROGRAM_GROUP_NAME=MarkDuplicates READ_NAME_REGEX=<optimized capture of last three ':' separated fields as numeric values> OPTICAL_DUPLICATE_PIXEL_DISTANCE=100 MAX_OPTICAL_DUPLICATE_SET_SIZE=300000 VERBOSITY=INFO QUIET=false VALIDATION_STRINGENCY=STRICT COMPRESSION_LEVEL=5 MAX_RECORDS_IN_RAM=500000 CREATE_INDEX=false CREATE_MD5_FILE=false GA4GH_CLIENT_SECRETS=client_secrets.json USE_JDK_DEFLATER=false USE_JDK_INFLATER=false
[Fri Jan 30 17:55:06 CST 2026] Executing as mw2098@cerebro202 on Linux 5.14.0-611.11.1.el9_7.x86_64 amd64; OpenJDK 64-Bit Server VM 17.0.17+10-LTS; Deflater: Intel; Inflater: Intel; Provider GCS is not available; Picard version: 2.23.8
INFO	2026-01-30 17:55:06	MarkDuplicates	Start of doWork freeMemory: 263267616; totalMemory: 285212672; maxMemory: 32178700288
INFO	2026-01-30 17:55:06	MarkDuplicates	Reading input file and constructing read end information.
INFO	2026-01-30 17:55:06	MarkDuplicates	Will retain up to 116589493 data points before spilling to disk.
WARNING: BAM index file /n/projects/mw2098/publications/2024_weilert_acc/code/1_processing/bam/Bunina_mesc_atac_day0_1.bam.bai is older than BAM /n/projects/mw2098/publications/2024_weilert_acc/code/1_processing/bam/Bunina_mesc_atac_day0_1.bam
WARNING	2026-01-30 17:55:06	AbstractOpticalDuplicateFinderCommandLineProgram	A field field parsed out of a read name was expected to contain an integer and did not. Read name: ERR3453496.7156753. Cause: String 'ERR3453496.7156753' did not start with a parsable number.
INFO	2026-01-30 17:55:09	MarkDuplicates	Read     1,000,000 records.  Elapsed time: 00:00:03s.  Time for last 1,000,000:    3s.  Last read position: chr1:24,613,346
INFO	2026-01-30 17:55:09	MarkDuplicates	Tracking 14620 as yet unmatched pairs. 14620 records in RAM.
INFO	2026-01-30 17:55:12	MarkDuplicates	Read     2,000,000 records.  Elapsed time: 00:00:06s.  Time for last 1,000,000:    2s.  Last read position: chr1:24,615,178
INFO	2026-01-30 17:55:12	MarkDuplicates	Tracking 15140 as yet unmatched pairs. 15140 records in RAM.
INFO	2026-01-30 17:55:15	MarkDuplicates	Read     3,000,000 records.  Elapsed time: 00:00:09s.  Time for last 1,000,000:    2s.  Last read position: chr1:84,038,100
INFO	2026-01-30 17:55:15	MarkDuplicates	Tracking 4 as yet unmatched pairs. 4 records in RAM.
INFO	2026-01-30 17:55:18	MarkDuplicates	Read     4,000,000 records.  Elapsed time: 00:00:12s.  Time for last 1,000,000:    3s.  Last read position: chr1:184,630,790
INFO	2026-01-30 17:55:18	MarkDuplicates	Tracking 0 as yet unmatched pairs. 0 records in RAM.
INFO	2026-01-30 17:55:21	MarkDuplicates	Read     5,000,000 records.  Elapsed time: 00:00:15s.  Time for last 1,000,000:    3s.  Last read position: chr10:89,443,916
INFO	2026-01-30 17:55:21	MarkDuplicates	Tracking 36 as yet unmatched pairs. 36 records in RAM.
INFO	2026-01-30 17:55:24	MarkDuplicates	Read     6,000,000 records.  Elapsed time: 00:00:18s.  Time for last 1,000,000:    3s.  Last read position: chr11:58,097,784
INFO	2026-01-30 17:55:24	MarkDuplicates	Tracking 10 as yet unmatched pairs. 10 records in RAM.
INFO	2026-01-30 17:55:27	MarkDuplicates	Read     7,000,000 records.  Elapsed time: 00:00:21s.  Time for last 1,000,000:    3s.  Last read position: chr12:17,801,631
INFO	2026-01-30 17:55:27	MarkDuplicates	Tracking 0 as yet unmatched pairs. 0 records in RAM.
INFO	2026-01-30 17:55:30	MarkDuplicates	Read     8,000,000 records.  Elapsed time: 00:00:24s.  Time for last 1,000,000:    3s.  Last read position: chr12:113,714,875
INFO	2026-01-30 17:55:30	MarkDuplicates	Tracking 2 as yet unmatched pairs. 2 records in RAM.
INFO	2026-01-30 17:55:33	MarkDuplicates	Read     9,000,000 records.  Elapsed time: 00:00:27s.  Time for last 1,000,000:    2s.  Last read position: chr13:100,456,861
INFO	2026-01-30 17:55:33	MarkDuplicates	Tracking 2 as yet unmatched pairs. 2 records in RAM.
INFO	2026-01-30 17:55:36	MarkDuplicates	Read    10,000,000 records.  Elapsed time: 00:00:30s.  Time for last 1,000,000:    3s.  Last read position: chr14:74,597,466
INFO	2026-01-30 17:55:36	MarkDuplicates	Tracking 0 as yet unmatched pairs. 0 records in RAM.
INFO	2026-01-30 17:55:39	MarkDuplicates	Read    11,000,000 records.  Elapsed time: 00:00:33s.  Time for last 1,000,000:    2s.  Last read position: chr15:71,728,262
INFO	2026-01-30 17:55:39	MarkDuplicates	Tracking 4 as yet unmatched pairs. 4 records in RAM.
INFO	2026-01-30 17:55:42	MarkDuplicates	Read    12,000,000 records.  Elapsed time: 00:00:36s.  Time for last 1,000,000:    2s.  Last read position: chr16:58,532,884
INFO	2026-01-30 17:55:42	MarkDuplicates	Tracking 2 as yet unmatched pairs. 2 records in RAM.
INFO	2026-01-30 17:55:45	MarkDuplicates	Read    13,000,000 records.  Elapsed time: 00:00:39s.  Time for last 1,000,000:    2s.  Last read position: chr17:47,923,387
INFO	2026-01-30 17:55:45	MarkDuplicates	Tracking 2 as yet unmatched pairs. 2 records in RAM.
INFO	2026-01-30 17:55:48	MarkDuplicates	Read    14,000,000 records.  Elapsed time: 00:00:42s.  Time for last 1,000,000:    2s.  Last read position: chr18:58,872,000
INFO	2026-01-30 17:55:48	MarkDuplicates	Tracking 0 as yet unmatched pairs. 0 records in RAM.
INFO	2026-01-30 17:55:51	MarkDuplicates	Read    15,000,000 records.  Elapsed time: 00:00:45s.  Time for last 1,000,000:    2s.  Last read position: chr2:5,894,558
INFO	2026-01-30 17:55:51	MarkDuplicates	Tracking 0 as yet unmatched pairs. 0 records in RAM.
INFO	2026-01-30 17:55:54	MarkDuplicates	Read    16,000,000 records.  Elapsed time: 00:00:48s.  Time for last 1,000,000:    2s.  Last read position: chr2:91,730,363
INFO	2026-01-30 17:55:54	MarkDuplicates	Tracking 12 as yet unmatched pairs. 12 records in RAM.
INFO	2026-01-30 17:55:57	MarkDuplicates	Read    17,000,000 records.  Elapsed time: 00:00:51s.  Time for last 1,000,000:    2s.  Last read position: chr2:144,715,228
INFO	2026-01-30 17:55:57	MarkDuplicates	Tracking 12 as yet unmatched pairs. 12 records in RAM.
INFO	2026-01-30 17:56:00	MarkDuplicates	Read    18,000,000 records.  Elapsed time: 00:00:54s.  Time for last 1,000,000:    2s.  Last read position: chr3:66,773,123
INFO	2026-01-30 17:56:00	MarkDuplicates	Tracking 0 as yet unmatched pairs. 0 records in RAM.
INFO	2026-01-30 17:56:03	MarkDuplicates	Read    19,000,000 records.  Elapsed time: 00:00:57s.  Time for last 1,000,000:    2s.  Last read position: chr4:8,761,144
INFO	2026-01-30 17:56:03	MarkDuplicates	Tracking 2 as yet unmatched pairs. 2 records in RAM.
INFO	2026-01-30 17:56:06	MarkDuplicates	Read    20,000,000 records.  Elapsed time: 00:01:00s.  Time for last 1,000,000:    2s.  Last read position: chr4:119,453,221
INFO	2026-01-30 17:56:06	MarkDuplicates	Tracking 4 as yet unmatched pairs. 4 records in RAM.
INFO	2026-01-30 17:56:09	MarkDuplicates	Read    21,000,000 records.  Elapsed time: 00:01:02s.  Time for last 1,000,000:    2s.  Last read position: chr5:53,310,229
INFO	2026-01-30 17:56:09	MarkDuplicates	Tracking 0 as yet unmatched pairs. 0 records in RAM.
INFO	2026-01-30 17:56:12	MarkDuplicates	Read    22,000,000 records.  Elapsed time: 00:01:06s.  Time for last 1,000,000:    3s.  Last read position: chr5:146,261,145
INFO	2026-01-30 17:56:12	MarkDuplicates	Tracking 502 as yet unmatched pairs. 502 records in RAM.
INFO	2026-01-30 17:56:15	MarkDuplicates	Read    23,000,000 records.  Elapsed time: 00:01:09s.  Time for last 1,000,000:    3s.  Last read position: chr6:101,377,618
INFO	2026-01-30 17:56:15	MarkDuplicates	Tracking 12 as yet unmatched pairs. 12 records in RAM.
INFO	2026-01-30 17:56:18	MarkDuplicates	Read    24,000,000 records.  Elapsed time: 00:01:12s.  Time for last 1,000,000:    2s.  Last read position: chr7:44,901,506
INFO	2026-01-30 17:56:18	MarkDuplicates	Tracking 18 as yet unmatched pairs. 18 records in RAM.
INFO	2026-01-30 17:56:21	MarkDuplicates	Read    25,000,000 records.  Elapsed time: 00:01:15s.  Time for last 1,000,000:    3s.  Last read position: chr7:140,968,100
INFO	2026-01-30 17:56:21	MarkDuplicates	Tracking 20 as yet unmatched pairs. 20 records in RAM.
INFO	2026-01-30 17:56:24	MarkDuplicates	Read    26,000,000 records.  Elapsed time: 00:01:18s.  Time for last 1,000,000:    3s.  Last read position: chr8:95,395,115
INFO	2026-01-30 17:56:24	MarkDuplicates	Tracking 2 as yet unmatched pairs. 2 records in RAM.
INFO	2026-01-30 17:56:27	MarkDuplicates	Read    27,000,000 records.  Elapsed time: 00:01:21s.  Time for last 1,000,000:    3s.  Last read position: chr9:52,395,737
INFO	2026-01-30 17:56:27	MarkDuplicates	Tracking 0 as yet unmatched pairs. 0 records in RAM.
INFO	2026-01-30 17:56:30	MarkDuplicates	Read    28,000,000 records.  Elapsed time: 00:01:24s.  Time for last 1,000,000:    3s.  Last read position: chrM:207
INFO	2026-01-30 17:56:30	MarkDuplicates	Tracking 36660 as yet unmatched pairs. 36660 records in RAM.
INFO	2026-01-30 17:56:34	MarkDuplicates	Read    29,000,000 records.  Elapsed time: 00:01:27s.  Time for last 1,000,000:    3s.  Last read position: chrM:1,038
INFO	2026-01-30 17:56:34	MarkDuplicates	Tracking 19100 as yet unmatched pairs. 19100 records in RAM.
INFO	2026-01-30 17:56:36	MarkDuplicates	Read    30,000,000 records.  Elapsed time: 00:01:30s.  Time for last 1,000,000:    2s.  Last read position: chrM:1,983
INFO	2026-01-30 17:56:36	MarkDuplicates	Tracking 26544 as yet unmatched pairs. 26544 records in RAM.
INFO	2026-01-30 17:56:39	MarkDuplicates	Read    31,000,000 records.  Elapsed time: 00:01:33s.  Time for last 1,000,000:    2s.  Last read position: chrM:2,839
INFO	2026-01-30 17:56:39	MarkDuplicates	Tracking 39208 as yet unmatched pairs. 39208 records in RAM.
INFO	2026-01-30 17:56:42	MarkDuplicates	Read    32,000,000 records.  Elapsed time: 00:01:35s.  Time for last 1,000,000:    2s.  Last read position: chrM:3,680
INFO	2026-01-30 17:56:42	MarkDuplicates	Tracking 30732 as yet unmatched pairs. 30732 records in RAM.
INFO	2026-01-30 17:56:45	MarkDuplicates	Read    33,000,000 records.  Elapsed time: 00:01:38s.  Time for last 1,000,000:    2s.  Last read position: chrM:4,550
INFO	2026-01-30 17:56:45	MarkDuplicates	Tracking 26064 as yet unmatched pairs. 26064 records in RAM.
INFO	2026-01-30 17:56:48	MarkDuplicates	Read    34,000,000 records.  Elapsed time: 00:01:41s.  Time for last 1,000,000:    2s.  Last read position: chrM:5,535
INFO	2026-01-30 17:56:48	MarkDuplicates	Tracking 30472 as yet unmatched pairs. 30472 records in RAM.
INFO	2026-01-30 17:56:50	MarkDuplicates	Read    35,000,000 records.  Elapsed time: 00:01:44s.  Time for last 1,000,000:    2s.  Last read position: chrM:6,440
INFO	2026-01-30 17:56:50	MarkDuplicates	Tracking 22096 as yet unmatched pairs. 22096 records in RAM.
INFO	2026-01-30 17:56:53	MarkDuplicates	Read    36,000,000 records.  Elapsed time: 00:01:47s.  Time for last 1,000,000:    2s.  Last read position: chrM:8,333
INFO	2026-01-30 17:56:53	MarkDuplicates	Tracking 21524 as yet unmatched pairs. 21524 records in RAM.
INFO	2026-01-30 17:56:56	MarkDuplicates	Read    37,000,000 records.  Elapsed time: 00:01:49s.  Time for last 1,000,000:    2s.  Last read position: chrM:9,880
INFO	2026-01-30 17:56:56	MarkDuplicates	Tracking 17254 as yet unmatched pairs. 17254 records in RAM.
INFO	2026-01-30 17:56:59	MarkDuplicates	Read    38,000,000 records.  Elapsed time: 00:01:52s.  Time for last 1,000,000:    2s.  Last read position: chrM:11,310
INFO	2026-01-30 17:56:59	MarkDuplicates	Tracking 53948 as yet unmatched pairs. 53948 records in RAM.
INFO	2026-01-30 17:57:01	MarkDuplicates	Read    39,000,000 records.  Elapsed time: 00:01:55s.  Time for last 1,000,000:    2s.  Last read position: chrM:12,181
INFO	2026-01-30 17:57:01	MarkDuplicates	Tracking 26982 as yet unmatched pairs. 26982 records in RAM.
INFO	2026-01-30 17:57:04	MarkDuplicates	Read    40,000,000 records.  Elapsed time: 00:01:58s.  Time for last 1,000,000:    2s.  Last read position: chrM:13,079
INFO	2026-01-30 17:57:04	MarkDuplicates	Tracking 27054 as yet unmatched pairs. 27054 records in RAM.
INFO	2026-01-30 17:57:07	MarkDuplicates	Read    41,000,000 records.  Elapsed time: 00:02:00s.  Time for last 1,000,000:    2s.  Last read position: chrM:14,068
INFO	2026-01-30 17:57:07	MarkDuplicates	Tracking 22642 as yet unmatched pairs. 22642 records in RAM.
INFO	2026-01-30 17:57:10	MarkDuplicates	Read    42,000,000 records.  Elapsed time: 00:02:03s.  Time for last 1,000,000:    2s.  Last read position: chrM:14,917
INFO	2026-01-30 17:57:10	MarkDuplicates	Tracking 31098 as yet unmatched pairs. 31098 records in RAM.
INFO	2026-01-30 17:57:13	MarkDuplicates	Read    43,000,000 records.  Elapsed time: 00:02:06s.  Time for last 1,000,000:    2s.  Last read position: chrM:15,970
INFO	2026-01-30 17:57:13	MarkDuplicates	Tracking 12830 as yet unmatched pairs. 12830 records in RAM.
INFO	2026-01-30 17:57:15	MarkDuplicates	Read    44,000,000 records.  Elapsed time: 00:02:09s.  Time for last 1,000,000:    2s.  Last read position: chrX_GL456233_random:269,246
INFO	2026-01-30 17:57:15	MarkDuplicates	Tracking 0 as yet unmatched pairs. 0 records in RAM.
INFO	2026-01-30 17:57:16	MarkDuplicates	Read 44290598 records. 0 pairs never matched.
INFO	2026-01-30 17:57:17	MarkDuplicates	After buildSortedReadEndLists freeMemory: 6767652200; totalMemory: 12532580352; maxMemory: 32178700288
INFO	2026-01-30 17:57:17	MarkDuplicates	Will retain up to 1005584384 duplicate indices before spilling to disk.
INFO	2026-01-30 17:57:19	MarkDuplicates	Traversing read pair information and detecting duplicates.
INFO	2026-01-30 17:57:22	OpticalDuplicateFinder	Large duplicate set. size = 1040
INFO	2026-01-30 17:57:22	OpticalDuplicateFinder	compared         1,000 ReadEnds to others.  Elapsed time: 00:00:00s.  Time for last 1,000:    0s.  Last read position: -1:-1
INFO	2026-01-30 17:57:23	MarkDuplicates	Traversing fragment information and detecting duplicates.
INFO	2026-01-30 17:57:24	MarkDuplicates	Sorting list of duplicate records.
INFO	2026-01-30 17:57:25	MarkDuplicates	After generateDuplicateIndexes freeMemory: 12485403056; totalMemory: 20568866816; maxMemory: 32178700288
INFO	2026-01-30 17:57:25	MarkDuplicates	Marking 17689708 records as duplicates.
INFO	2026-01-30 17:57:25	MarkDuplicates	Found 0 optical duplicate clusters.
WARNING: BAM index file /n/projects/mw2098/publications/2024_weilert_acc/code/1_processing/bam/Bunina_mesc_atac_day0_1.bam.bai is older than BAM /n/projects/mw2098/publications/2024_weilert_acc/code/1_processing/bam/Bunina_mesc_atac_day0_1.bam
INFO	2026-01-30 17:57:25	MarkDuplicates	Reads are assumed to be ordered by: coordinate
INFO	2026-01-30 17:58:26	MarkDuplicates	Written    10,000,000 records.  Elapsed time: 00:01:00s.  Time for last 10,000,000:   60s.  Last read position: chr14:74,597,466
INFO	2026-01-30 17:59:30	MarkDuplicates	Written    20,000,000 records.  Elapsed time: 00:02:04s.  Time for last 10,000,000:   63s.  Last read position: chr4:119,453,221
INFO	2026-01-30 18:00:30	MarkDuplicates	Written    30,000,000 records.  Elapsed time: 00:03:04s.  Time for last 10,000,000:   60s.  Last read position: chrM:1,983
INFO	2026-01-30 18:01:17	MarkDuplicates	Written    40,000,000 records.  Elapsed time: 00:03:52s.  Time for last 10,000,000:   47s.  Last read position: chrM:13,079
INFO	2026-01-30 18:01:40	MarkDuplicates	Writing complete. Closing input iterator.
INFO	2026-01-30 18:01:40	MarkDuplicates	Duplicate Index cleanup.
INFO	2026-01-30 18:01:40	MarkDuplicates	Getting Memory Stats.
INFO	2026-01-30 18:01:40	MarkDuplicates	Before output close freeMemory: 808098568; totalMemory: 838860800; maxMemory: 32178700288
INFO	2026-01-30 18:01:40	MarkDuplicates	Closed outputs. Getting more Memory Stats.
INFO	2026-01-30 18:01:40	MarkDuplicates	After output close freeMemory: 309481736; totalMemory: 335544320; maxMemory: 32178700288
[Fri Jan 30 18:01:40 CST 2026] picard.sam.markduplicates.MarkDuplicates done. Elapsed time: 6.58 minutes.
Runtime.totalMemory()=335544320
[] Reading paired-end ATAC-seq BAM: /n/projects/mw2098/publications/2024_weilert_acc/code/1_processing/bam/Bunina_mesc_atac_day0_1.bam
[] 13300445 fragments read. If deduplicate==T, then these are duplicates. If not, these are raw reads.
Resolving dovetailed discordant reads, keeping discordants based on mapping distance (dovetailing) and removing discordants based on orientation.
13300365 reads kept after discordant resolution.
Filtering by fragment size. Max = 600, Min = 10
[] 13300093 fragments within size restrictions.
[] Saving 13300093 fragments...
Saving .granges.rds file as: /n/projects/mw2098/publications/2024_weilert_acc/code/1_processing/rdata/Bunina_mesc_atac_day0_1.granges.rds
[1] TRUE
Saving .bw file as: /n/projects/mw2098/publications/2024_weilert_acc/code/1_processing/bw/Bunina_mesc_atac_day0_1.bw
Done! =)
[] Reading paired-end ATAC-seq BAM: /n/projects/mw2098/publications/2024_weilert_acc/code/1_processing/bam/Bunina_mesc_atac_day0_1.bam
[] 13300445 fragments read. If deduplicate==T, then these are duplicates. If not, these are raw reads.
Resolving dovetailed discordant reads, keeping discordants based on mapping distance (dovetailing) and removing discordants based on orientation.
13300365 reads kept after discordant resolution.
Filtering by fragment size. Max = 600, Min = 10
[] 13300093 fragments within size restrictions.
[] Saving 13300093 fragments...
Saving .bw file as: /n/projects/mw2098/publications/2024_weilert_acc/code/1_processing/bw/Bunina_mesc_atac_day0_1_cutsites.bw
Done! =)
[Fri Jan 30 18:09:12 2026]
Finished job 0.
1 of 1 steps (100%) done
