Building DAG of jobs...
Using shell: /usr/bin/bash
Provided cores: 16
Rules claiming more threads will be scaled down.
Provided resources: mem_mb=500000, mem_mib=476838, disk_mb=500000, disk_mib=476838, cpus_per_task=16
Select jobs to execute...

[Fri Jan 30 17:41:44 2026]
Job 0: Computing coverage of .bam file...
Reason: Forced execution

INFO	2026-01-30 17:41:45	MarkDuplicates	

********** NOTE: Picard's command line syntax is changing.
**********
********** For more information, please see:
********** https://github.com/broadinstitute/picard/wiki/Command-Line-Syntax-Transition-For-Users-(Pre-Transition)
**********
********** The command line looks like this in the new syntax:
**********
**********    MarkDuplicates -I /n/projects/mw2098/publications/2024_weilert_acc/code/1_processing/bam/Bunina_mesc_atac_day12_1.bam -O /n/projects/mw2098/publications/2024_weilert_acc/code/1_processing/bam/Bunina_mesc_atac_day12_1.bam.temp.bam -M /n/projects/mw2098/publications/2024_weilert_acc/code/1_processing/bam/Bunina_mesc_atac_day12_1.dedup.txt -ASSUME_SORT_ORDER coordinate -TMP_DIR /n/projects/mw2098/publications/2024_weilert_acc/code/1_processing/tmp/
**********


17:41:45.479 INFO  NativeLibraryLoader - Loading libgkl_compression.so from jar:file:/n/projects/mw2098/publications/2024_weilert_acc/public/software/picard/picard_v2.23.8.jar!/com/intel/gkl/native/libgkl_compression.so
[Fri Jan 30 17:41:45 CST 2026] MarkDuplicates INPUT=[/n/projects/mw2098/publications/2024_weilert_acc/code/1_processing/bam/Bunina_mesc_atac_day12_1.bam] OUTPUT=/n/projects/mw2098/publications/2024_weilert_acc/code/1_processing/bam/Bunina_mesc_atac_day12_1.bam.temp.bam METRICS_FILE=/n/projects/mw2098/publications/2024_weilert_acc/code/1_processing/bam/Bunina_mesc_atac_day12_1.dedup.txt ASSUME_SORT_ORDER=coordinate TMP_DIR=[/n/projects/mw2098/publications/2024_weilert_acc/code/1_processing/tmp]    MAX_SEQUENCES_FOR_DISK_READ_ENDS_MAP=50000 MAX_FILE_HANDLES_FOR_READ_ENDS_MAP=8000 SORTING_COLLECTION_SIZE_RATIO=0.25 TAG_DUPLICATE_SET_MEMBERS=false REMOVE_SEQUENCING_DUPLICATES=false TAGGING_POLICY=DontTag CLEAR_DT=true DUPLEX_UMI=false ADD_PG_TAG_TO_READS=true REMOVE_DUPLICATES=false ASSUME_SORTED=false DUPLICATE_SCORING_STRATEGY=SUM_OF_BASE_QUALITIES PROGRAM_RECORD_ID=MarkDuplicates PROGRAM_GROUP_NAME=MarkDuplicates READ_NAME_REGEX=<optimized capture of last three ':' separated fields as numeric values> OPTICAL_DUPLICATE_PIXEL_DISTANCE=100 MAX_OPTICAL_DUPLICATE_SET_SIZE=300000 VERBOSITY=INFO QUIET=false VALIDATION_STRINGENCY=STRICT COMPRESSION_LEVEL=5 MAX_RECORDS_IN_RAM=500000 CREATE_INDEX=false CREATE_MD5_FILE=false GA4GH_CLIENT_SECRETS=client_secrets.json USE_JDK_DEFLATER=false USE_JDK_INFLATER=false
[Fri Jan 30 17:41:45 CST 2026] Executing as mw2098@cerebro115 on Linux 5.14.0-570.49.1.el9_6.x86_64 amd64; OpenJDK 64-Bit Server VM 17.0.16+8-LTS; Deflater: Intel; Inflater: Intel; Provider GCS is not available; Picard version: 2.23.8
INFO	2026-01-30 17:41:45	MarkDuplicates	Start of doWork freeMemory: 263270264; totalMemory: 285212672; maxMemory: 32178700288
INFO	2026-01-30 17:41:45	MarkDuplicates	Reading input file and constructing read end information.
INFO	2026-01-30 17:41:45	MarkDuplicates	Will retain up to 116589493 data points before spilling to disk.
WARNING: BAM index file /n/projects/mw2098/publications/2024_weilert_acc/code/1_processing/bam/Bunina_mesc_atac_day12_1.bam.bai is older than BAM /n/projects/mw2098/publications/2024_weilert_acc/code/1_processing/bam/Bunina_mesc_atac_day12_1.bam
WARNING	2026-01-30 17:41:45	AbstractOpticalDuplicateFinderCommandLineProgram	A field field parsed out of a read name was expected to contain an integer and did not. Read name: ERR3453493.3381874. Cause: String 'ERR3453493.3381874' did not start with a parsable number.
INFO	2026-01-30 17:41:49	MarkDuplicates	Read     1,000,000 records.  Elapsed time: 00:00:03s.  Time for last 1,000,000:    3s.  Last read position: chr1:24,614,800
INFO	2026-01-30 17:41:49	MarkDuplicates	Tracking 8254 as yet unmatched pairs. 8254 records in RAM.
INFO	2026-01-30 17:41:52	MarkDuplicates	Read     2,000,000 records.  Elapsed time: 00:00:06s.  Time for last 1,000,000:    3s.  Last read position: chr1:92,319,094
INFO	2026-01-30 17:41:52	MarkDuplicates	Tracking 0 as yet unmatched pairs. 0 records in RAM.
INFO	2026-01-30 17:41:55	MarkDuplicates	Read     3,000,000 records.  Elapsed time: 00:00:09s.  Time for last 1,000,000:    3s.  Last read position: chr10:3,560,177
INFO	2026-01-30 17:41:55	MarkDuplicates	Tracking 2 as yet unmatched pairs. 2 records in RAM.
INFO	2026-01-30 17:41:58	MarkDuplicates	Read     4,000,000 records.  Elapsed time: 00:00:12s.  Time for last 1,000,000:    3s.  Last read position: chr10:99,526,343
INFO	2026-01-30 17:41:58	MarkDuplicates	Tracking 2 as yet unmatched pairs. 2 records in RAM.
INFO	2026-01-30 17:42:01	MarkDuplicates	Read     5,000,000 records.  Elapsed time: 00:00:15s.  Time for last 1,000,000:    3s.  Last read position: chr11:70,010,937
INFO	2026-01-30 17:42:01	MarkDuplicates	Tracking 0 as yet unmatched pairs. 0 records in RAM.
INFO	2026-01-30 17:42:04	MarkDuplicates	Read     6,000,000 records.  Elapsed time: 00:00:18s.  Time for last 1,000,000:    3s.  Last read position: chr12:39,639,498
INFO	2026-01-30 17:42:04	MarkDuplicates	Tracking 0 as yet unmatched pairs. 0 records in RAM.
INFO	2026-01-30 17:42:07	MarkDuplicates	Read     7,000,000 records.  Elapsed time: 00:00:21s.  Time for last 1,000,000:    3s.  Last read position: chr13:21,718,703
INFO	2026-01-30 17:42:07	MarkDuplicates	Tracking 2 as yet unmatched pairs. 2 records in RAM.
INFO	2026-01-30 17:42:10	MarkDuplicates	Read     8,000,000 records.  Elapsed time: 00:00:24s.  Time for last 1,000,000:    3s.  Last read position: chr14:3,050,183
INFO	2026-01-30 17:42:10	MarkDuplicates	Tracking 6 as yet unmatched pairs. 6 records in RAM.
INFO	2026-01-30 17:42:13	MarkDuplicates	Read     9,000,000 records.  Elapsed time: 00:00:27s.  Time for last 1,000,000:    3s.  Last read position: chr14:94,315,178
INFO	2026-01-30 17:42:13	MarkDuplicates	Tracking 2 as yet unmatched pairs. 2 records in RAM.
INFO	2026-01-30 17:42:16	MarkDuplicates	Read    10,000,000 records.  Elapsed time: 00:00:30s.  Time for last 1,000,000:    3s.  Last read position: chr15:80,083,467
INFO	2026-01-30 17:42:16	MarkDuplicates	Tracking 10 as yet unmatched pairs. 10 records in RAM.
INFO	2026-01-30 17:42:19	MarkDuplicates	Read    11,000,000 records.  Elapsed time: 00:00:33s.  Time for last 1,000,000:    2s.  Last read position: chr16:76,626,378
INFO	2026-01-30 17:42:19	MarkDuplicates	Tracking 2 as yet unmatched pairs. 2 records in RAM.
INFO	2026-01-30 17:42:23	MarkDuplicates	Read    12,000,000 records.  Elapsed time: 00:00:37s.  Time for last 1,000,000:    3s.  Last read position: chr17:58,683,514
INFO	2026-01-30 17:42:23	MarkDuplicates	Tracking 0 as yet unmatched pairs. 0 records in RAM.
INFO	2026-01-30 17:42:26	MarkDuplicates	Read    13,000,000 records.  Elapsed time: 00:00:40s.  Time for last 1,000,000:    3s.  Last read position: chr18:69,809,197
INFO	2026-01-30 17:42:26	MarkDuplicates	Tracking 2 as yet unmatched pairs. 2 records in RAM.
INFO	2026-01-30 17:42:29	MarkDuplicates	Read    14,000,000 records.  Elapsed time: 00:00:43s.  Time for last 1,000,000:    3s.  Last read position: chr2:19,595,204
INFO	2026-01-30 17:42:29	MarkDuplicates	Tracking 2 as yet unmatched pairs. 2 records in RAM.
INFO	2026-01-30 17:42:32	MarkDuplicates	Read    15,000,000 records.  Elapsed time: 00:00:46s.  Time for last 1,000,000:    2s.  Last read position: chr2:98,666,584
INFO	2026-01-30 17:42:32	MarkDuplicates	Tracking 21554 as yet unmatched pairs. 21554 records in RAM.
INFO	2026-01-30 17:42:35	MarkDuplicates	Read    16,000,000 records.  Elapsed time: 00:00:49s.  Time for last 1,000,000:    3s.  Last read position: chr2:152,048,897
INFO	2026-01-30 17:42:35	MarkDuplicates	Tracking 4 as yet unmatched pairs. 4 records in RAM.
INFO	2026-01-30 17:42:38	MarkDuplicates	Read    17,000,000 records.  Elapsed time: 00:00:52s.  Time for last 1,000,000:    3s.  Last read position: chr3:74,381,106
INFO	2026-01-30 17:42:38	MarkDuplicates	Tracking 4 as yet unmatched pairs. 4 records in RAM.
INFO	2026-01-30 17:42:41	MarkDuplicates	Read    18,000,000 records.  Elapsed time: 00:00:55s.  Time for last 1,000,000:    2s.  Last read position: chr4:17,214,110
INFO	2026-01-30 17:42:41	MarkDuplicates	Tracking 2 as yet unmatched pairs. 2 records in RAM.
INFO	2026-01-30 17:42:44	MarkDuplicates	Read    19,000,000 records.  Elapsed time: 00:00:58s.  Time for last 1,000,000:    3s.  Last read position: chr4:122,274,709
INFO	2026-01-30 17:42:44	MarkDuplicates	Tracking 0 as yet unmatched pairs. 0 records in RAM.
INFO	2026-01-30 17:42:47	MarkDuplicates	Read    20,000,000 records.  Elapsed time: 00:01:01s.  Time for last 1,000,000:    3s.  Last read position: chr5:61,681,410
INFO	2026-01-30 17:42:47	MarkDuplicates	Tracking 0 as yet unmatched pairs. 0 records in RAM.
INFO	2026-01-30 17:42:50	MarkDuplicates	Read    21,000,000 records.  Elapsed time: 00:01:04s.  Time for last 1,000,000:    3s.  Last read position: chr6:8,511,999
INFO	2026-01-30 17:42:50	MarkDuplicates	Tracking 0 as yet unmatched pairs. 0 records in RAM.
INFO	2026-01-30 17:42:53	MarkDuplicates	Read    22,000,000 records.  Elapsed time: 00:01:07s.  Time for last 1,000,000:    3s.  Last read position: chr6:109,021,250
INFO	2026-01-30 17:42:53	MarkDuplicates	Tracking 0 as yet unmatched pairs. 0 records in RAM.
INFO	2026-01-30 17:42:56	MarkDuplicates	Read    23,000,000 records.  Elapsed time: 00:01:10s.  Time for last 1,000,000:    3s.  Last read position: chr7:63,957,374
INFO	2026-01-30 17:42:56	MarkDuplicates	Tracking 6 as yet unmatched pairs. 6 records in RAM.
INFO	2026-01-30 17:42:59	MarkDuplicates	Read    24,000,000 records.  Elapsed time: 00:01:13s.  Time for last 1,000,000:    3s.  Last read position: chr8:17,621,861
INFO	2026-01-30 17:42:59	MarkDuplicates	Tracking 0 as yet unmatched pairs. 0 records in RAM.
INFO	2026-01-30 17:43:02	MarkDuplicates	Read    25,000,000 records.  Elapsed time: 00:01:16s.  Time for last 1,000,000:    2s.  Last read position: chr8:114,458,400
INFO	2026-01-30 17:43:02	MarkDuplicates	Tracking 2 as yet unmatched pairs. 2 records in RAM.
INFO	2026-01-30 17:43:05	MarkDuplicates	Read    26,000,000 records.  Elapsed time: 00:01:19s.  Time for last 1,000,000:    3s.  Last read position: chr9:64,855,748
INFO	2026-01-30 17:43:05	MarkDuplicates	Tracking 2 as yet unmatched pairs. 2 records in RAM.
INFO	2026-01-30 17:43:08	MarkDuplicates	Read    27,000,000 records.  Elapsed time: 00:01:22s.  Time for last 1,000,000:    2s.  Last read position: chrM:721
INFO	2026-01-30 17:43:08	MarkDuplicates	Tracking 22314 as yet unmatched pairs. 22314 records in RAM.
INFO	2026-01-30 17:43:11	MarkDuplicates	Read    28,000,000 records.  Elapsed time: 00:01:25s.  Time for last 1,000,000:    2s.  Last read position: chrM:2,596
INFO	2026-01-30 17:43:11	MarkDuplicates	Tracking 19022 as yet unmatched pairs. 19022 records in RAM.
INFO	2026-01-30 17:43:14	MarkDuplicates	Read    29,000,000 records.  Elapsed time: 00:01:28s.  Time for last 1,000,000:    2s.  Last read position: chrM:4,429
INFO	2026-01-30 17:43:14	MarkDuplicates	Tracking 22064 as yet unmatched pairs. 22064 records in RAM.
INFO	2026-01-30 17:43:17	MarkDuplicates	Read    30,000,000 records.  Elapsed time: 00:01:31s.  Time for last 1,000,000:    2s.  Last read position: chrM:6,352
INFO	2026-01-30 17:43:17	MarkDuplicates	Tracking 30246 as yet unmatched pairs. 30246 records in RAM.
INFO	2026-01-30 17:43:19	MarkDuplicates	Read    31,000,000 records.  Elapsed time: 00:01:33s.  Time for last 1,000,000:    2s.  Last read position: chrM:9,795
INFO	2026-01-30 17:43:19	MarkDuplicates	Tracking 30646 as yet unmatched pairs. 30646 records in RAM.
INFO	2026-01-30 17:43:22	MarkDuplicates	Read    32,000,000 records.  Elapsed time: 00:01:36s.  Time for last 1,000,000:    2s.  Last read position: chrM:12,179
INFO	2026-01-30 17:43:22	MarkDuplicates	Tracking 17110 as yet unmatched pairs. 17110 records in RAM.
INFO	2026-01-30 17:43:25	MarkDuplicates	Read    33,000,000 records.  Elapsed time: 00:01:39s.  Time for last 1,000,000:    2s.  Last read position: chrM:14,183
INFO	2026-01-30 17:43:25	MarkDuplicates	Tracking 15184 as yet unmatched pairs. 15184 records in RAM.
INFO	2026-01-30 17:43:28	MarkDuplicates	Read    34,000,000 records.  Elapsed time: 00:01:42s.  Time for last 1,000,000:    2s.  Last read position: chrX:8,293,251
INFO	2026-01-30 17:43:28	MarkDuplicates	Tracking 0 as yet unmatched pairs. 0 records in RAM.
INFO	2026-01-30 17:43:31	MarkDuplicates	Read    35,000,000 records.  Elapsed time: 00:01:45s.  Time for last 1,000,000:    3s.  Last read position: chrUn_JH584304:69,148
INFO	2026-01-30 17:43:31	MarkDuplicates	Tracking 156 as yet unmatched pairs. 156 records in RAM.
INFO	2026-01-30 17:43:31	MarkDuplicates	Read 35076574 records. 0 pairs never matched.
INFO	2026-01-30 17:43:32	MarkDuplicates	After buildSortedReadEndLists freeMemory: 9023144296; totalMemory: 13790871552; maxMemory: 32178700288
INFO	2026-01-30 17:43:32	MarkDuplicates	Will retain up to 1005584384 duplicate indices before spilling to disk.
INFO	2026-01-30 17:43:34	MarkDuplicates	Traversing read pair information and detecting duplicates.
INFO	2026-01-30 17:43:36	MarkDuplicates	Traversing fragment information and detecting duplicates.
INFO	2026-01-30 17:43:37	MarkDuplicates	Sorting list of duplicate records.
INFO	2026-01-30 17:43:38	MarkDuplicates	After generateDuplicateIndexes freeMemory: 13743753720; totalMemory: 21827158016; maxMemory: 32178700288
INFO	2026-01-30 17:43:38	MarkDuplicates	Marking 8300520 records as duplicates.
INFO	2026-01-30 17:43:38	MarkDuplicates	Found 0 optical duplicate clusters.
WARNING: BAM index file /n/projects/mw2098/publications/2024_weilert_acc/code/1_processing/bam/Bunina_mesc_atac_day12_1.bam.bai is older than BAM /n/projects/mw2098/publications/2024_weilert_acc/code/1_processing/bam/Bunina_mesc_atac_day12_1.bam
INFO	2026-01-30 17:43:38	MarkDuplicates	Reads are assumed to be ordered by: coordinate
INFO	2026-01-30 17:44:44	MarkDuplicates	Written    10,000,000 records.  Elapsed time: 00:01:05s.  Time for last 10,000,000:   65s.  Last read position: chr15:80,083,467
INFO	2026-01-30 17:45:51	MarkDuplicates	Written    20,000,000 records.  Elapsed time: 00:02:12s.  Time for last 10,000,000:   67s.  Last read position: chr5:61,681,410
INFO	2026-01-30 17:46:52	MarkDuplicates	Written    30,000,000 records.  Elapsed time: 00:03:14s.  Time for last 10,000,000:   61s.  Last read position: chrM:6,352
INFO	2026-01-30 17:47:20	MarkDuplicates	Writing complete. Closing input iterator.
INFO	2026-01-30 17:47:20	MarkDuplicates	Duplicate Index cleanup.
INFO	2026-01-30 17:47:20	MarkDuplicates	Getting Memory Stats.
INFO	2026-01-30 17:47:20	MarkDuplicates	Before output close freeMemory: 808157360; totalMemory: 838860800; maxMemory: 32178700288
INFO	2026-01-30 17:47:20	MarkDuplicates	Closed outputs. Getting more Memory Stats.
INFO	2026-01-30 17:47:20	MarkDuplicates	After output close freeMemory: 309544080; totalMemory: 335544320; maxMemory: 32178700288
[Fri Jan 30 17:47:20 CST 2026] picard.sam.markduplicates.MarkDuplicates done. Elapsed time: 5.59 minutes.
Runtime.totalMemory()=335544320
[] Reading paired-end ATAC-seq BAM: /n/projects/mw2098/publications/2024_weilert_acc/code/1_processing/bam/Bunina_mesc_atac_day12_1.bam
[] 13388027 fragments read. If deduplicate==T, then these are duplicates. If not, these are raw reads.
Resolving dovetailed discordant reads, keeping discordants based on mapping distance (dovetailing) and removing discordants based on orientation.
13387803 reads kept after discordant resolution.
Filtering by fragment size. Max = 600, Min = 10
[] 13387244 fragments within size restrictions.
[] Saving 13387244 fragments...
Saving .granges.rds file as: /n/projects/mw2098/publications/2024_weilert_acc/code/1_processing/rdata/Bunina_mesc_atac_day12_1.granges.rds
[1] TRUE
Saving .bw file as: /n/projects/mw2098/publications/2024_weilert_acc/code/1_processing/bw/Bunina_mesc_atac_day12_1.bw
Done! =)
[] Reading paired-end ATAC-seq BAM: /n/projects/mw2098/publications/2024_weilert_acc/code/1_processing/bam/Bunina_mesc_atac_day12_1.bam
[] 13388027 fragments read. If deduplicate==T, then these are duplicates. If not, these are raw reads.
Resolving dovetailed discordant reads, keeping discordants based on mapping distance (dovetailing) and removing discordants based on orientation.
13387803 reads kept after discordant resolution.
Filtering by fragment size. Max = 600, Min = 10
[] 13387244 fragments within size restrictions.
[] Saving 13387244 fragments...
Saving .bw file as: /n/projects/mw2098/publications/2024_weilert_acc/code/1_processing/bw/Bunina_mesc_atac_day12_1_cutsites.bw
Done! =)
[Fri Jan 30 17:54:48 2026]
Finished job 0.
1 of 1 steps (100%) done
