Building DAG of jobs...
Using shell: /usr/bin/bash
Provided cores: 16
Rules claiming more threads will be scaled down.
Provided resources: mem_mb=500000, mem_mib=476838, disk_mb=500000, disk_mib=476838, cpus_per_task=16
Select jobs to execute...

[Fri Jan 30 17:43:24 2026]
Job 0: Computing coverage of .bam file...
Reason: Forced execution

INFO	2026-01-30 17:43:24	MarkDuplicates	

********** NOTE: Picard's command line syntax is changing.
**********
********** For more information, please see:
********** https://github.com/broadinstitute/picard/wiki/Command-Line-Syntax-Transition-For-Users-(Pre-Transition)
**********
********** The command line looks like this in the new syntax:
**********
**********    MarkDuplicates -I /n/projects/mw2098/publications/2024_weilert_acc/code/1_processing/bam/Bunina_mesc_atac_day8_2.bam -O /n/projects/mw2098/publications/2024_weilert_acc/code/1_processing/bam/Bunina_mesc_atac_day8_2.bam.temp.bam -M /n/projects/mw2098/publications/2024_weilert_acc/code/1_processing/bam/Bunina_mesc_atac_day8_2.dedup.txt -ASSUME_SORT_ORDER coordinate -TMP_DIR /n/projects/mw2098/publications/2024_weilert_acc/code/1_processing/tmp/
**********


17:43:24.709 INFO  NativeLibraryLoader - Loading libgkl_compression.so from jar:file:/n/projects/mw2098/publications/2024_weilert_acc/public/software/picard/picard_v2.23.8.jar!/com/intel/gkl/native/libgkl_compression.so
[Fri Jan 30 17:43:24 CST 2026] MarkDuplicates INPUT=[/n/projects/mw2098/publications/2024_weilert_acc/code/1_processing/bam/Bunina_mesc_atac_day8_2.bam] OUTPUT=/n/projects/mw2098/publications/2024_weilert_acc/code/1_processing/bam/Bunina_mesc_atac_day8_2.bam.temp.bam METRICS_FILE=/n/projects/mw2098/publications/2024_weilert_acc/code/1_processing/bam/Bunina_mesc_atac_day8_2.dedup.txt ASSUME_SORT_ORDER=coordinate TMP_DIR=[/n/projects/mw2098/publications/2024_weilert_acc/code/1_processing/tmp]    MAX_SEQUENCES_FOR_DISK_READ_ENDS_MAP=50000 MAX_FILE_HANDLES_FOR_READ_ENDS_MAP=8000 SORTING_COLLECTION_SIZE_RATIO=0.25 TAG_DUPLICATE_SET_MEMBERS=false REMOVE_SEQUENCING_DUPLICATES=false TAGGING_POLICY=DontTag CLEAR_DT=true DUPLEX_UMI=false ADD_PG_TAG_TO_READS=true REMOVE_DUPLICATES=false ASSUME_SORTED=false DUPLICATE_SCORING_STRATEGY=SUM_OF_BASE_QUALITIES PROGRAM_RECORD_ID=MarkDuplicates PROGRAM_GROUP_NAME=MarkDuplicates READ_NAME_REGEX=<optimized capture of last three ':' separated fields as numeric values> OPTICAL_DUPLICATE_PIXEL_DISTANCE=100 MAX_OPTICAL_DUPLICATE_SET_SIZE=300000 VERBOSITY=INFO QUIET=false VALIDATION_STRINGENCY=STRICT COMPRESSION_LEVEL=5 MAX_RECORDS_IN_RAM=500000 CREATE_INDEX=false CREATE_MD5_FILE=false GA4GH_CLIENT_SECRETS=client_secrets.json USE_JDK_DEFLATER=false USE_JDK_INFLATER=false
[Fri Jan 30 17:43:24 CST 2026] Executing as mw2098@cerebro105 on Linux 5.14.0-611.11.1.el9_7.x86_64 amd64; OpenJDK 64-Bit Server VM 17.0.17+10-LTS; Deflater: Intel; Inflater: Intel; Provider GCS is not available; Picard version: 2.23.8
INFO	2026-01-30 17:43:24	MarkDuplicates	Start of doWork freeMemory: 263267616; totalMemory: 285212672; maxMemory: 32178700288
INFO	2026-01-30 17:43:24	MarkDuplicates	Reading input file and constructing read end information.
INFO	2026-01-30 17:43:24	MarkDuplicates	Will retain up to 116589493 data points before spilling to disk.
WARNING: BAM index file /n/projects/mw2098/publications/2024_weilert_acc/code/1_processing/bam/Bunina_mesc_atac_day8_2.bam.bai is older than BAM /n/projects/mw2098/publications/2024_weilert_acc/code/1_processing/bam/Bunina_mesc_atac_day8_2.bam
WARNING	2026-01-30 17:43:25	AbstractOpticalDuplicateFinderCommandLineProgram	A field field parsed out of a read name was expected to contain an integer and did not. Read name: ERR3453481.1867067. Cause: String 'ERR3453481.1867067' did not start with a parsable number.
INFO	2026-01-30 17:43:28	MarkDuplicates	Read     1,000,000 records.  Elapsed time: 00:00:03s.  Time for last 1,000,000:    3s.  Last read position: chr1:24,614,016
INFO	2026-01-30 17:43:28	MarkDuplicates	Tracking 20382 as yet unmatched pairs. 20382 records in RAM.
INFO	2026-01-30 17:43:31	MarkDuplicates	Read     2,000,000 records.  Elapsed time: 00:00:06s.  Time for last 1,000,000:    2s.  Last read position: chr1:54,318,811
INFO	2026-01-30 17:43:31	MarkDuplicates	Tracking 0 as yet unmatched pairs. 0 records in RAM.
INFO	2026-01-30 17:43:34	MarkDuplicates	Read     3,000,000 records.  Elapsed time: 00:00:09s.  Time for last 1,000,000:    2s.  Last read position: chr1:160,213,083
INFO	2026-01-30 17:43:34	MarkDuplicates	Tracking 28 as yet unmatched pairs. 28 records in RAM.
INFO	2026-01-30 17:43:37	MarkDuplicates	Read     4,000,000 records.  Elapsed time: 00:00:12s.  Time for last 1,000,000:    2s.  Last read position: chr10:71,076,912
INFO	2026-01-30 17:43:37	MarkDuplicates	Tracking 0 as yet unmatched pairs. 0 records in RAM.
INFO	2026-01-30 17:43:40	MarkDuplicates	Read     5,000,000 records.  Elapsed time: 00:00:15s.  Time for last 1,000,000:    2s.  Last read position: chr11:37,498,918
INFO	2026-01-30 17:43:40	MarkDuplicates	Tracking 4 as yet unmatched pairs. 4 records in RAM.
INFO	2026-01-30 17:43:42	MarkDuplicates	Read     6,000,000 records.  Elapsed time: 00:00:17s.  Time for last 1,000,000:    2s.  Last read position: chr12:3,110,013
INFO	2026-01-30 17:43:42	MarkDuplicates	Tracking 1740 as yet unmatched pairs. 1740 records in RAM.
INFO	2026-01-30 17:43:45	MarkDuplicates	Read     7,000,000 records.  Elapsed time: 00:00:20s.  Time for last 1,000,000:    2s.  Last read position: chr12:106,916,197
INFO	2026-01-30 17:43:45	MarkDuplicates	Tracking 0 as yet unmatched pairs. 0 records in RAM.
INFO	2026-01-30 17:43:48	MarkDuplicates	Read     8,000,000 records.  Elapsed time: 00:00:23s.  Time for last 1,000,000:    2s.  Last read position: chr13:92,916,433
INFO	2026-01-30 17:43:48	MarkDuplicates	Tracking 0 as yet unmatched pairs. 0 records in RAM.
INFO	2026-01-30 17:43:51	MarkDuplicates	Read     9,000,000 records.  Elapsed time: 00:00:26s.  Time for last 1,000,000:    2s.  Last read position: chr14:66,266,984
INFO	2026-01-30 17:43:51	MarkDuplicates	Tracking 0 as yet unmatched pairs. 0 records in RAM.
INFO	2026-01-30 17:43:54	MarkDuplicates	Read    10,000,000 records.  Elapsed time: 00:00:29s.  Time for last 1,000,000:    2s.  Last read position: chr15:57,724,203
INFO	2026-01-30 17:43:54	MarkDuplicates	Tracking 0 as yet unmatched pairs. 0 records in RAM.
INFO	2026-01-30 17:43:57	MarkDuplicates	Read    11,000,000 records.  Elapsed time: 00:00:32s.  Time for last 1,000,000:    2s.  Last read position: chr16:52,134,999
INFO	2026-01-30 17:43:57	MarkDuplicates	Tracking 2 as yet unmatched pairs. 2 records in RAM.
INFO	2026-01-30 17:44:00	MarkDuplicates	Read    12,000,000 records.  Elapsed time: 00:00:35s.  Time for last 1,000,000:    3s.  Last read position: chr17:46,646,439
INFO	2026-01-30 17:44:00	MarkDuplicates	Tracking 14 as yet unmatched pairs. 14 records in RAM.
INFO	2026-01-30 17:44:03	MarkDuplicates	Read    13,000,000 records.  Elapsed time: 00:00:38s.  Time for last 1,000,000:    2s.  Last read position: chr18:59,351,591
INFO	2026-01-30 17:44:03	MarkDuplicates	Tracking 0 as yet unmatched pairs. 0 records in RAM.
INFO	2026-01-30 17:44:06	MarkDuplicates	Read    14,000,000 records.  Elapsed time: 00:00:41s.  Time for last 1,000,000:    2s.  Last read position: chr2:13,290,967
INFO	2026-01-30 17:44:06	MarkDuplicates	Tracking 2 as yet unmatched pairs. 2 records in RAM.
INFO	2026-01-30 17:44:09	MarkDuplicates	Read    15,000,000 records.  Elapsed time: 00:00:44s.  Time for last 1,000,000:    2s.  Last read position: chr2:98,662,651
INFO	2026-01-30 17:44:09	MarkDuplicates	Tracking 11076 as yet unmatched pairs. 11076 records in RAM.
INFO	2026-01-30 17:44:12	MarkDuplicates	Read    16,000,000 records.  Elapsed time: 00:00:47s.  Time for last 1,000,000:    2s.  Last read position: chr2:126,470,825
INFO	2026-01-30 17:44:12	MarkDuplicates	Tracking 0 as yet unmatched pairs. 0 records in RAM.
INFO	2026-01-30 17:44:15	MarkDuplicates	Read    17,000,000 records.  Elapsed time: 00:00:50s.  Time for last 1,000,000:    2s.  Last read position: chr3:47,216,312
INFO	2026-01-30 17:44:15	MarkDuplicates	Tracking 2 as yet unmatched pairs. 2 records in RAM.
INFO	2026-01-30 17:44:18	MarkDuplicates	Read    18,000,000 records.  Elapsed time: 00:00:53s.  Time for last 1,000,000:    2s.  Last read position: chr3:147,950,288
INFO	2026-01-30 17:44:18	MarkDuplicates	Tracking 2 as yet unmatched pairs. 2 records in RAM.
INFO	2026-01-30 17:44:21	MarkDuplicates	Read    19,000,000 records.  Elapsed time: 00:00:56s.  Time for last 1,000,000:    2s.  Last read position: chr4:99,793,395
INFO	2026-01-30 17:44:21	MarkDuplicates	Tracking 0 as yet unmatched pairs. 0 records in RAM.
INFO	2026-01-30 17:44:23	MarkDuplicates	Read    20,000,000 records.  Elapsed time: 00:00:58s.  Time for last 1,000,000:    2s.  Last read position: chr5:35,827,031
INFO	2026-01-30 17:44:23	MarkDuplicates	Tracking 6 as yet unmatched pairs. 6 records in RAM.
INFO	2026-01-30 17:44:26	MarkDuplicates	Read    21,000,000 records.  Elapsed time: 00:01:01s.  Time for last 1,000,000:    2s.  Last read position: chr5:138,280,469
INFO	2026-01-30 17:44:26	MarkDuplicates	Tracking 14 as yet unmatched pairs. 14 records in RAM.
INFO	2026-01-30 17:44:29	MarkDuplicates	Read    22,000,000 records.  Elapsed time: 00:01:04s.  Time for last 1,000,000:    2s.  Last read position: chr6:93,744,631
INFO	2026-01-30 17:44:29	MarkDuplicates	Tracking 2 as yet unmatched pairs. 2 records in RAM.
INFO	2026-01-30 17:44:32	MarkDuplicates	Read    23,000,000 records.  Elapsed time: 00:01:07s.  Time for last 1,000,000:    2s.  Last read position: chr7:40,426,657
INFO	2026-01-30 17:44:32	MarkDuplicates	Tracking 0 as yet unmatched pairs. 0 records in RAM.
INFO	2026-01-30 17:44:35	MarkDuplicates	Read    24,000,000 records.  Elapsed time: 00:01:10s.  Time for last 1,000,000:    2s.  Last read position: chr7:143,068,976
INFO	2026-01-30 17:44:35	MarkDuplicates	Tracking 20 as yet unmatched pairs. 20 records in RAM.
INFO	2026-01-30 17:44:38	MarkDuplicates	Read    25,000,000 records.  Elapsed time: 00:01:13s.  Time for last 1,000,000:    2s.  Last read position: chr8:99,004,183
INFO	2026-01-30 17:44:38	MarkDuplicates	Tracking 0 as yet unmatched pairs. 0 records in RAM.
INFO	2026-01-30 17:44:41	MarkDuplicates	Read    26,000,000 records.  Elapsed time: 00:01:16s.  Time for last 1,000,000:    3s.  Last read position: chr9:48,650,784
INFO	2026-01-30 17:44:41	MarkDuplicates	Tracking 2 as yet unmatched pairs. 2 records in RAM.
INFO	2026-01-30 17:44:44	MarkDuplicates	Read    27,000,000 records.  Elapsed time: 00:01:19s.  Time for last 1,000,000:    2s.  Last read position: chrM:298
INFO	2026-01-30 17:44:44	MarkDuplicates	Tracking 27548 as yet unmatched pairs. 27548 records in RAM.
INFO	2026-01-30 17:44:47	MarkDuplicates	Read    28,000,000 records.  Elapsed time: 00:01:22s.  Time for last 1,000,000:    2s.  Last read position: chrM:1,622
INFO	2026-01-30 17:44:47	MarkDuplicates	Tracking 39512 as yet unmatched pairs. 39512 records in RAM.
INFO	2026-01-30 17:44:50	MarkDuplicates	Read    29,000,000 records.  Elapsed time: 00:01:25s.  Time for last 1,000,000:    2s.  Last read position: chrM:2,950
INFO	2026-01-30 17:44:50	MarkDuplicates	Tracking 15540 as yet unmatched pairs. 15540 records in RAM.
INFO	2026-01-30 17:44:53	MarkDuplicates	Read    30,000,000 records.  Elapsed time: 00:01:28s.  Time for last 1,000,000:    3s.  Last read position: chrM:4,264
INFO	2026-01-30 17:44:53	MarkDuplicates	Tracking 18794 as yet unmatched pairs. 18794 records in RAM.
INFO	2026-01-30 17:44:56	MarkDuplicates	Read    31,000,000 records.  Elapsed time: 00:01:31s.  Time for last 1,000,000:    2s.  Last read position: chrM:5,709
INFO	2026-01-30 17:44:56	MarkDuplicates	Tracking 19192 as yet unmatched pairs. 19192 records in RAM.
INFO	2026-01-30 17:44:59	MarkDuplicates	Read    32,000,000 records.  Elapsed time: 00:01:34s.  Time for last 1,000,000:    2s.  Last read position: chrM:7,679
INFO	2026-01-30 17:44:59	MarkDuplicates	Tracking 15568 as yet unmatched pairs. 15568 records in RAM.
INFO	2026-01-30 17:45:02	MarkDuplicates	Read    33,000,000 records.  Elapsed time: 00:01:37s.  Time for last 1,000,000:    2s.  Last read position: chrM:10,093
INFO	2026-01-30 17:45:02	MarkDuplicates	Tracking 13622 as yet unmatched pairs. 13622 records in RAM.
INFO	2026-01-30 17:45:04	MarkDuplicates	Read    34,000,000 records.  Elapsed time: 00:01:39s.  Time for last 1,000,000:    2s.  Last read position: chrM:11,843
INFO	2026-01-30 17:45:04	MarkDuplicates	Tracking 29416 as yet unmatched pairs. 29416 records in RAM.
INFO	2026-01-30 17:45:07	MarkDuplicates	Read    35,000,000 records.  Elapsed time: 00:01:42s.  Time for last 1,000,000:    2s.  Last read position: chrM:13,181
INFO	2026-01-30 17:45:07	MarkDuplicates	Tracking 30658 as yet unmatched pairs. 30658 records in RAM.
INFO	2026-01-30 17:45:10	MarkDuplicates	Read    36,000,000 records.  Elapsed time: 00:01:45s.  Time for last 1,000,000:    2s.  Last read position: chrM:14,542
INFO	2026-01-30 17:45:10	MarkDuplicates	Tracking 20624 as yet unmatched pairs. 20624 records in RAM.
INFO	2026-01-30 17:45:13	MarkDuplicates	Read    37,000,000 records.  Elapsed time: 00:01:48s.  Time for last 1,000,000:    2s.  Last read position: chrM:16,035
INFO	2026-01-30 17:45:13	MarkDuplicates	Tracking 17064 as yet unmatched pairs. 17064 records in RAM.
INFO	2026-01-30 17:45:16	MarkDuplicates	Read    38,000,000 records.  Elapsed time: 00:01:51s.  Time for last 1,000,000:    3s.  Last read position: chrY:73,170,634
INFO	2026-01-30 17:45:16	MarkDuplicates	Tracking 0 as yet unmatched pairs. 0 records in RAM.
INFO	2026-01-30 17:45:17	MarkDuplicates	Read 38180684 records. 0 pairs never matched.
INFO	2026-01-30 17:45:18	MarkDuplicates	After buildSortedReadEndLists freeMemory: 8404039384; totalMemory: 13505658880; maxMemory: 32178700288
INFO	2026-01-30 17:45:18	MarkDuplicates	Will retain up to 1005584384 duplicate indices before spilling to disk.
INFO	2026-01-30 17:45:19	MarkDuplicates	Traversing read pair information and detecting duplicates.
INFO	2026-01-30 17:45:22	MarkDuplicates	Traversing fragment information and detecting duplicates.
INFO	2026-01-30 17:45:23	MarkDuplicates	Sorting list of duplicate records.
INFO	2026-01-30 17:45:24	MarkDuplicates	After generateDuplicateIndexes freeMemory: 13458513712; totalMemory: 21541945344; maxMemory: 32178700288
INFO	2026-01-30 17:45:24	MarkDuplicates	Marking 12009728 records as duplicates.
INFO	2026-01-30 17:45:24	MarkDuplicates	Found 0 optical duplicate clusters.
WARNING: BAM index file /n/projects/mw2098/publications/2024_weilert_acc/code/1_processing/bam/Bunina_mesc_atac_day8_2.bam.bai is older than BAM /n/projects/mw2098/publications/2024_weilert_acc/code/1_processing/bam/Bunina_mesc_atac_day8_2.bam
INFO	2026-01-30 17:45:24	MarkDuplicates	Reads are assumed to be ordered by: coordinate
INFO	2026-01-30 17:46:27	MarkDuplicates	Written    10,000,000 records.  Elapsed time: 00:01:02s.  Time for last 10,000,000:   62s.  Last read position: chr15:57,724,203
INFO	2026-01-30 17:47:31	MarkDuplicates	Written    20,000,000 records.  Elapsed time: 00:02:06s.  Time for last 10,000,000:   64s.  Last read position: chr5:35,827,031
INFO	2026-01-30 17:48:31	MarkDuplicates	Written    30,000,000 records.  Elapsed time: 00:03:06s.  Time for last 10,000,000:   59s.  Last read position: chrM:4,264
INFO	2026-01-30 17:49:12	MarkDuplicates	Writing complete. Closing input iterator.
INFO	2026-01-30 17:49:12	MarkDuplicates	Duplicate Index cleanup.
INFO	2026-01-30 17:49:12	MarkDuplicates	Getting Memory Stats.
INFO	2026-01-30 17:49:12	MarkDuplicates	Before output close freeMemory: 757796384; totalMemory: 788529152; maxMemory: 32178700288
INFO	2026-01-30 17:49:12	MarkDuplicates	Closed outputs. Getting more Memory Stats.
INFO	2026-01-30 17:49:12	MarkDuplicates	After output close freeMemory: 309511216; totalMemory: 335544320; maxMemory: 32178700288
[Fri Jan 30 17:49:12 CST 2026] picard.sam.markduplicates.MarkDuplicates done. Elapsed time: 5.80 minutes.
Runtime.totalMemory()=335544320
[] Reading paired-end ATAC-seq BAM: /n/projects/mw2098/publications/2024_weilert_acc/code/1_processing/bam/Bunina_mesc_atac_day8_2.bam
[] 13085478 fragments read. If deduplicate==T, then these are duplicates. If not, these are raw reads.
Resolving dovetailed discordant reads, keeping discordants based on mapping distance (dovetailing) and removing discordants based on orientation.
13085330 reads kept after discordant resolution.
Filtering by fragment size. Max = 600, Min = 10
[] 13084958 fragments within size restrictions.
[] Saving 13084958 fragments...
Saving .granges.rds file as: /n/projects/mw2098/publications/2024_weilert_acc/code/1_processing/rdata/Bunina_mesc_atac_day8_2.granges.rds
[1] TRUE
Saving .bw file as: /n/projects/mw2098/publications/2024_weilert_acc/code/1_processing/bw/Bunina_mesc_atac_day8_2.bw
Done! =)
[] Reading paired-end ATAC-seq BAM: /n/projects/mw2098/publications/2024_weilert_acc/code/1_processing/bam/Bunina_mesc_atac_day8_2.bam
[] 13085478 fragments read. If deduplicate==T, then these are duplicates. If not, these are raw reads.
Resolving dovetailed discordant reads, keeping discordants based on mapping distance (dovetailing) and removing discordants based on orientation.
13085330 reads kept after discordant resolution.
Filtering by fragment size. Max = 600, Min = 10
[] 13084958 fragments within size restrictions.
[] Saving 13084958 fragments...
Saving .bw file as: /n/projects/mw2098/publications/2024_weilert_acc/code/1_processing/bw/Bunina_mesc_atac_day8_2_cutsites.bw
Done! =)
[Fri Jan 30 17:56:55 2026]
Finished job 0.
1 of 1 steps (100%) done
