Building DAG of jobs...
Using shell: /usr/bin/bash
Provided cores: 16
Rules claiming more threads will be scaled down.
Provided resources: mem_mb=500000, mem_mib=476838, disk_mb=500000, disk_mib=476838, cpus_per_task=16
Select jobs to execute...

[Fri Jan 30 17:44:04 2026]
Job 0: Computing coverage of .bam file...
Reason: Forced execution

INFO	2026-01-30 17:44:05	MarkDuplicates	

********** NOTE: Picard's command line syntax is changing.
**********
********** For more information, please see:
********** https://github.com/broadinstitute/picard/wiki/Command-Line-Syntax-Transition-For-Users-(Pre-Transition)
**********
********** The command line looks like this in the new syntax:
**********
**********    MarkDuplicates -I /n/projects/mw2098/publications/2024_weilert_acc/code/1_processing/bam/Bunina_mesc_atac_day12_2.bam -O /n/projects/mw2098/publications/2024_weilert_acc/code/1_processing/bam/Bunina_mesc_atac_day12_2.bam.temp.bam -M /n/projects/mw2098/publications/2024_weilert_acc/code/1_processing/bam/Bunina_mesc_atac_day12_2.dedup.txt -ASSUME_SORT_ORDER coordinate -TMP_DIR /n/projects/mw2098/publications/2024_weilert_acc/code/1_processing/tmp/
**********


17:44:05.379 INFO  NativeLibraryLoader - Loading libgkl_compression.so from jar:file:/n/projects/mw2098/publications/2024_weilert_acc/public/software/picard/picard_v2.23.8.jar!/com/intel/gkl/native/libgkl_compression.so
[Fri Jan 30 17:44:05 CST 2026] MarkDuplicates INPUT=[/n/projects/mw2098/publications/2024_weilert_acc/code/1_processing/bam/Bunina_mesc_atac_day12_2.bam] OUTPUT=/n/projects/mw2098/publications/2024_weilert_acc/code/1_processing/bam/Bunina_mesc_atac_day12_2.bam.temp.bam METRICS_FILE=/n/projects/mw2098/publications/2024_weilert_acc/code/1_processing/bam/Bunina_mesc_atac_day12_2.dedup.txt ASSUME_SORT_ORDER=coordinate TMP_DIR=[/n/projects/mw2098/publications/2024_weilert_acc/code/1_processing/tmp]    MAX_SEQUENCES_FOR_DISK_READ_ENDS_MAP=50000 MAX_FILE_HANDLES_FOR_READ_ENDS_MAP=8000 SORTING_COLLECTION_SIZE_RATIO=0.25 TAG_DUPLICATE_SET_MEMBERS=false REMOVE_SEQUENCING_DUPLICATES=false TAGGING_POLICY=DontTag CLEAR_DT=true DUPLEX_UMI=false ADD_PG_TAG_TO_READS=true REMOVE_DUPLICATES=false ASSUME_SORTED=false DUPLICATE_SCORING_STRATEGY=SUM_OF_BASE_QUALITIES PROGRAM_RECORD_ID=MarkDuplicates PROGRAM_GROUP_NAME=MarkDuplicates READ_NAME_REGEX=<optimized capture of last three ':' separated fields as numeric values> OPTICAL_DUPLICATE_PIXEL_DISTANCE=100 MAX_OPTICAL_DUPLICATE_SET_SIZE=300000 VERBOSITY=INFO QUIET=false VALIDATION_STRINGENCY=STRICT COMPRESSION_LEVEL=5 MAX_RECORDS_IN_RAM=500000 CREATE_INDEX=false CREATE_MD5_FILE=false GA4GH_CLIENT_SECRETS=client_secrets.json USE_JDK_DEFLATER=false USE_JDK_INFLATER=false
[Fri Jan 30 17:44:05 CST 2026] Executing as mw2098@cerebro104 on Linux 5.14.0-611.11.1.el9_7.x86_64 amd64; OpenJDK 64-Bit Server VM 17.0.17+10-LTS; Deflater: Intel; Inflater: Intel; Provider GCS is not available; Picard version: 2.23.8
INFO	2026-01-30 17:44:05	MarkDuplicates	Start of doWork freeMemory: 263267608; totalMemory: 285212672; maxMemory: 32178700288
INFO	2026-01-30 17:44:05	MarkDuplicates	Reading input file and constructing read end information.
INFO	2026-01-30 17:44:05	MarkDuplicates	Will retain up to 116589493 data points before spilling to disk.
WARNING: BAM index file /n/projects/mw2098/publications/2024_weilert_acc/code/1_processing/bam/Bunina_mesc_atac_day12_2.bam.bai is older than BAM /n/projects/mw2098/publications/2024_weilert_acc/code/1_processing/bam/Bunina_mesc_atac_day12_2.bam
WARNING	2026-01-30 17:44:05	AbstractOpticalDuplicateFinderCommandLineProgram	A field field parsed out of a read name was expected to contain an integer and did not. Read name: ERR3453494.5675269. Cause: String 'ERR3453494.5675269' did not start with a parsable number.
INFO	2026-01-30 17:44:09	MarkDuplicates	Read     1,000,000 records.  Elapsed time: 00:00:03s.  Time for last 1,000,000:    3s.  Last read position: chr1:24,614,089
INFO	2026-01-30 17:44:09	MarkDuplicates	Tracking 11380 as yet unmatched pairs. 11380 records in RAM.
INFO	2026-01-30 17:44:12	MarkDuplicates	Read     2,000,000 records.  Elapsed time: 00:00:06s.  Time for last 1,000,000:    2s.  Last read position: chr1:58,676,668
INFO	2026-01-30 17:44:12	MarkDuplicates	Tracking 2 as yet unmatched pairs. 2 records in RAM.
INFO	2026-01-30 17:44:15	MarkDuplicates	Read     3,000,000 records.  Elapsed time: 00:00:09s.  Time for last 1,000,000:    3s.  Last read position: chr1:161,087,965
INFO	2026-01-30 17:44:15	MarkDuplicates	Tracking 0 as yet unmatched pairs. 0 records in RAM.
INFO	2026-01-30 17:44:17	MarkDuplicates	Read     4,000,000 records.  Elapsed time: 00:00:12s.  Time for last 1,000,000:    2s.  Last read position: chr10:65,520,114
INFO	2026-01-30 17:44:17	MarkDuplicates	Tracking 2 as yet unmatched pairs. 2 records in RAM.
INFO	2026-01-30 17:44:20	MarkDuplicates	Read     5,000,000 records.  Elapsed time: 00:00:15s.  Time for last 1,000,000:    2s.  Last read position: chr11:31,086,116
INFO	2026-01-30 17:44:20	MarkDuplicates	Tracking 0 as yet unmatched pairs. 0 records in RAM.
INFO	2026-01-30 17:44:23	MarkDuplicates	Read     6,000,000 records.  Elapsed time: 00:00:18s.  Time for last 1,000,000:    3s.  Last read position: chr11:117,508,462
INFO	2026-01-30 17:44:23	MarkDuplicates	Tracking 0 as yet unmatched pairs. 0 records in RAM.
INFO	2026-01-30 17:44:26	MarkDuplicates	Read     7,000,000 records.  Elapsed time: 00:00:21s.  Time for last 1,000,000:    3s.  Last read position: chr12:97,008,531
INFO	2026-01-30 17:44:26	MarkDuplicates	Tracking 0 as yet unmatched pairs. 0 records in RAM.
INFO	2026-01-30 17:44:29	MarkDuplicates	Read     8,000,000 records.  Elapsed time: 00:00:24s.  Time for last 1,000,000:    2s.  Last read position: chr13:72,261,680
INFO	2026-01-30 17:44:29	MarkDuplicates	Tracking 0 as yet unmatched pairs. 0 records in RAM.
INFO	2026-01-30 17:44:32	MarkDuplicates	Read     9,000,000 records.  Elapsed time: 00:00:26s.  Time for last 1,000,000:    2s.  Last read position: chr14:40,534,492
INFO	2026-01-30 17:44:32	MarkDuplicates	Tracking 2 as yet unmatched pairs. 2 records in RAM.
INFO	2026-01-30 17:44:35	MarkDuplicates	Read    10,000,000 records.  Elapsed time: 00:00:30s.  Time for last 1,000,000:    3s.  Last read position: chr15:22,933,697
INFO	2026-01-30 17:44:35	MarkDuplicates	Tracking 0 as yet unmatched pairs. 0 records in RAM.
INFO	2026-01-30 17:44:38	MarkDuplicates	Read    11,000,000 records.  Elapsed time: 00:00:32s.  Time for last 1,000,000:    2s.  Last read position: chr16:16,766,215
INFO	2026-01-30 17:44:38	MarkDuplicates	Tracking 0 as yet unmatched pairs. 0 records in RAM.
INFO	2026-01-30 17:44:41	MarkDuplicates	Read    12,000,000 records.  Elapsed time: 00:00:35s.  Time for last 1,000,000:    2s.  Last read position: chr17:21,478,350
INFO	2026-01-30 17:44:41	MarkDuplicates	Tracking 0 as yet unmatched pairs. 0 records in RAM.
INFO	2026-01-30 17:44:44	MarkDuplicates	Read    13,000,000 records.  Elapsed time: 00:00:38s.  Time for last 1,000,000:    2s.  Last read position: chr18:4,909,909
INFO	2026-01-30 17:44:44	MarkDuplicates	Tracking 2 as yet unmatched pairs. 2 records in RAM.
INFO	2026-01-30 17:44:47	MarkDuplicates	Read    14,000,000 records.  Elapsed time: 00:00:41s.  Time for last 1,000,000:    2s.  Last read position: chr19:13,837,165
INFO	2026-01-30 17:44:47	MarkDuplicates	Tracking 0 as yet unmatched pairs. 0 records in RAM.
INFO	2026-01-30 17:44:50	MarkDuplicates	Read    15,000,000 records.  Elapsed time: 00:00:44s.  Time for last 1,000,000:    2s.  Last read position: chr2:38,185,646
INFO	2026-01-30 17:44:50	MarkDuplicates	Tracking 0 as yet unmatched pairs. 0 records in RAM.
INFO	2026-01-30 17:44:53	MarkDuplicates	Read    16,000,000 records.  Elapsed time: 00:00:47s.  Time for last 1,000,000:    2s.  Last read position: chr2:98,667,069
INFO	2026-01-30 17:44:53	MarkDuplicates	Tracking 84918 as yet unmatched pairs. 84918 records in RAM.
INFO	2026-01-30 17:44:56	MarkDuplicates	Read    17,000,000 records.  Elapsed time: 00:00:50s.  Time for last 1,000,000:    2s.  Last read position: chr2:173,238,595
INFO	2026-01-30 17:44:56	MarkDuplicates	Tracking 2 as yet unmatched pairs. 2 records in RAM.
INFO	2026-01-30 17:44:59	MarkDuplicates	Read    18,000,000 records.  Elapsed time: 00:00:53s.  Time for last 1,000,000:    2s.  Last read position: chr3:95,614,311
INFO	2026-01-30 17:44:59	MarkDuplicates	Tracking 0 as yet unmatched pairs. 0 records in RAM.
INFO	2026-01-30 17:45:02	MarkDuplicates	Read    19,000,000 records.  Elapsed time: 00:00:56s.  Time for last 1,000,000:    2s.  Last read position: chr4:39,296,237
INFO	2026-01-30 17:45:02	MarkDuplicates	Tracking 0 as yet unmatched pairs. 0 records in RAM.
INFO	2026-01-30 17:45:05	MarkDuplicates	Read    20,000,000 records.  Elapsed time: 00:00:59s.  Time for last 1,000,000:    2s.  Last read position: chr4:135,599,769
INFO	2026-01-30 17:45:05	MarkDuplicates	Tracking 2 as yet unmatched pairs. 2 records in RAM.
INFO	2026-01-30 17:45:08	MarkDuplicates	Read    21,000,000 records.  Elapsed time: 00:01:02s.  Time for last 1,000,000:    2s.  Last read position: chr5:76,185,082
INFO	2026-01-30 17:45:08	MarkDuplicates	Tracking 2 as yet unmatched pairs. 2 records in RAM.
INFO	2026-01-30 17:45:11	MarkDuplicates	Read    22,000,000 records.  Elapsed time: 00:01:05s.  Time for last 1,000,000:    2s.  Last read position: chr6:20,729,032
INFO	2026-01-30 17:45:11	MarkDuplicates	Tracking 0 as yet unmatched pairs. 0 records in RAM.
INFO	2026-01-30 17:45:14	MarkDuplicates	Read    23,000,000 records.  Elapsed time: 00:01:08s.  Time for last 1,000,000:    2s.  Last read position: chr6:116,101,163
INFO	2026-01-30 17:45:14	MarkDuplicates	Tracking 0 as yet unmatched pairs. 0 records in RAM.
INFO	2026-01-30 17:45:16	MarkDuplicates	Read    24,000,000 records.  Elapsed time: 00:01:11s.  Time for last 1,000,000:    2s.  Last read position: chr7:68,350,153
INFO	2026-01-30 17:45:16	MarkDuplicates	Tracking 2 as yet unmatched pairs. 2 records in RAM.
INFO	2026-01-30 17:45:19	MarkDuplicates	Read    25,000,000 records.  Elapsed time: 00:01:13s.  Time for last 1,000,000:    2s.  Last read position: chr8:19,910,923
INFO	2026-01-30 17:45:19	MarkDuplicates	Tracking 2 as yet unmatched pairs. 2 records in RAM.
INFO	2026-01-30 17:45:22	MarkDuplicates	Read    26,000,000 records.  Elapsed time: 00:01:16s.  Time for last 1,000,000:    2s.  Last read position: chr8:114,797,916
INFO	2026-01-30 17:45:22	MarkDuplicates	Tracking 0 as yet unmatched pairs. 0 records in RAM.
INFO	2026-01-30 17:45:25	MarkDuplicates	Read    27,000,000 records.  Elapsed time: 00:01:19s.  Time for last 1,000,000:    2s.  Last read position: chr9:62,536,566
INFO	2026-01-30 17:45:25	MarkDuplicates	Tracking 8 as yet unmatched pairs. 8 records in RAM.
INFO	2026-01-30 17:45:28	MarkDuplicates	Read    28,000,000 records.  Elapsed time: 00:01:22s.  Time for last 1,000,000:    2s.  Last read position: chrM:503
INFO	2026-01-30 17:45:28	MarkDuplicates	Tracking 25488 as yet unmatched pairs. 25488 records in RAM.
INFO	2026-01-30 17:45:31	MarkDuplicates	Read    29,000,000 records.  Elapsed time: 00:01:25s.  Time for last 1,000,000:    2s.  Last read position: chrM:1,950
INFO	2026-01-30 17:45:31	MarkDuplicates	Tracking 14538 as yet unmatched pairs. 14538 records in RAM.
INFO	2026-01-30 17:45:34	MarkDuplicates	Read    30,000,000 records.  Elapsed time: 00:01:28s.  Time for last 1,000,000:    2s.  Last read position: chrM:3,387
INFO	2026-01-30 17:45:34	MarkDuplicates	Tracking 20114 as yet unmatched pairs. 20114 records in RAM.
INFO	2026-01-30 17:45:36	MarkDuplicates	Read    31,000,000 records.  Elapsed time: 00:01:30s.  Time for last 1,000,000:    2s.  Last read position: chrM:4,821
INFO	2026-01-30 17:45:36	MarkDuplicates	Tracking 32268 as yet unmatched pairs. 32268 records in RAM.
INFO	2026-01-30 17:45:39	MarkDuplicates	Read    32,000,000 records.  Elapsed time: 00:01:33s.  Time for last 1,000,000:    2s.  Last read position: chrM:6,334
INFO	2026-01-30 17:45:39	MarkDuplicates	Tracking 33026 as yet unmatched pairs. 33026 records in RAM.
INFO	2026-01-30 17:45:42	MarkDuplicates	Read    33,000,000 records.  Elapsed time: 00:01:36s.  Time for last 1,000,000:    2s.  Last read position: chrM:9,097
INFO	2026-01-30 17:45:42	MarkDuplicates	Tracking 15462 as yet unmatched pairs. 15462 records in RAM.
INFO	2026-01-30 17:45:45	MarkDuplicates	Read    34,000,000 records.  Elapsed time: 00:01:39s.  Time for last 1,000,000:    2s.  Last read position: chrM:11,310
INFO	2026-01-30 17:45:45	MarkDuplicates	Tracking 36440 as yet unmatched pairs. 36440 records in RAM.
INFO	2026-01-30 17:45:47	MarkDuplicates	Read    35,000,000 records.  Elapsed time: 00:01:42s.  Time for last 1,000,000:    2s.  Last read position: chrM:12,760
INFO	2026-01-30 17:45:47	MarkDuplicates	Tracking 32546 as yet unmatched pairs. 32546 records in RAM.
INFO	2026-01-30 17:45:50	MarkDuplicates	Read    36,000,000 records.  Elapsed time: 00:01:44s.  Time for last 1,000,000:    2s.  Last read position: chrM:14,306
INFO	2026-01-30 17:45:50	MarkDuplicates	Tracking 30030 as yet unmatched pairs. 30030 records in RAM.
INFO	2026-01-30 17:45:53	MarkDuplicates	Read    37,000,000 records.  Elapsed time: 00:01:47s.  Time for last 1,000,000:    2s.  Last read position: chrM:15,867
INFO	2026-01-30 17:45:53	MarkDuplicates	Tracking 19488 as yet unmatched pairs. 19488 records in RAM.
INFO	2026-01-30 17:45:56	MarkDuplicates	Read    38,000,000 records.  Elapsed time: 00:01:50s.  Time for last 1,000,000:    3s.  Last read position: chrY:1,430,402
INFO	2026-01-30 17:45:56	MarkDuplicates	Tracking 0 as yet unmatched pairs. 0 records in RAM.
INFO	2026-01-30 17:45:58	MarkDuplicates	Read 38329278 records. 0 pairs never matched.
INFO	2026-01-30 17:45:58	MarkDuplicates	After buildSortedReadEndLists freeMemory: 8921751176; totalMemory: 14042529792; maxMemory: 32178700288
INFO	2026-01-30 17:45:58	MarkDuplicates	Will retain up to 1005584384 duplicate indices before spilling to disk.
INFO	2026-01-30 17:46:00	MarkDuplicates	Traversing read pair information and detecting duplicates.
INFO	2026-01-30 17:46:03	MarkDuplicates	Traversing fragment information and detecting duplicates.
INFO	2026-01-30 17:46:04	MarkDuplicates	Sorting list of duplicate records.
INFO	2026-01-30 17:46:04	MarkDuplicates	After generateDuplicateIndexes freeMemory: 13995398568; totalMemory: 22078816256; maxMemory: 32178700288
INFO	2026-01-30 17:46:04	MarkDuplicates	Marking 10528048 records as duplicates.
INFO	2026-01-30 17:46:04	MarkDuplicates	Found 0 optical duplicate clusters.
WARNING: BAM index file /n/projects/mw2098/publications/2024_weilert_acc/code/1_processing/bam/Bunina_mesc_atac_day12_2.bam.bai is older than BAM /n/projects/mw2098/publications/2024_weilert_acc/code/1_processing/bam/Bunina_mesc_atac_day12_2.bam
INFO	2026-01-30 17:46:05	MarkDuplicates	Reads are assumed to be ordered by: coordinate
INFO	2026-01-30 17:47:07	MarkDuplicates	Written    10,000,000 records.  Elapsed time: 00:01:02s.  Time for last 10,000,000:   62s.  Last read position: chr15:22,933,697
INFO	2026-01-30 17:48:11	MarkDuplicates	Written    20,000,000 records.  Elapsed time: 00:02:06s.  Time for last 10,000,000:   64s.  Last read position: chr4:135,599,769
INFO	2026-01-30 17:49:12	MarkDuplicates	Written    30,000,000 records.  Elapsed time: 00:03:07s.  Time for last 10,000,000:   61s.  Last read position: chrM:3,387
INFO	2026-01-30 17:49:54	MarkDuplicates	Writing complete. Closing input iterator.
INFO	2026-01-30 17:49:54	MarkDuplicates	Duplicate Index cleanup.
INFO	2026-01-30 17:49:54	MarkDuplicates	Getting Memory Stats.
INFO	2026-01-30 17:49:54	MarkDuplicates	Before output close freeMemory: 808144056; totalMemory: 838860800; maxMemory: 32178700288
INFO	2026-01-30 17:49:55	MarkDuplicates	Closed outputs. Getting more Memory Stats.
INFO	2026-01-30 17:49:55	MarkDuplicates	After output close freeMemory: 309534104; totalMemory: 335544320; maxMemory: 32178700288
[Fri Jan 30 17:49:55 CST 2026] picard.sam.markduplicates.MarkDuplicates done. Elapsed time: 5.83 minutes.
Runtime.totalMemory()=335544320
[] Reading paired-end ATAC-seq BAM: /n/projects/mw2098/publications/2024_weilert_acc/code/1_processing/bam/Bunina_mesc_atac_day12_2.bam
[] 13900615 fragments read. If deduplicate==T, then these are duplicates. If not, these are raw reads.
Resolving dovetailed discordant reads, keeping discordants based on mapping distance (dovetailing) and removing discordants based on orientation.
13900350 reads kept after discordant resolution.
Filtering by fragment size. Max = 600, Min = 10
[] 13899800 fragments within size restrictions.
[] Saving 13899800 fragments...
Saving .granges.rds file as: /n/projects/mw2098/publications/2024_weilert_acc/code/1_processing/rdata/Bunina_mesc_atac_day12_2.granges.rds
[1] TRUE
Saving .bw file as: /n/projects/mw2098/publications/2024_weilert_acc/code/1_processing/bw/Bunina_mesc_atac_day12_2.bw
Done! =)
[] Reading paired-end ATAC-seq BAM: /n/projects/mw2098/publications/2024_weilert_acc/code/1_processing/bam/Bunina_mesc_atac_day12_2.bam
[] 13900615 fragments read. If deduplicate==T, then these are duplicates. If not, these are raw reads.
Resolving dovetailed discordant reads, keeping discordants based on mapping distance (dovetailing) and removing discordants based on orientation.
13900350 reads kept after discordant resolution.
Filtering by fragment size. Max = 600, Min = 10
[] 13899800 fragments within size restrictions.
[] Saving 13899800 fragments...
Saving .bw file as: /n/projects/mw2098/publications/2024_weilert_acc/code/1_processing/bw/Bunina_mesc_atac_day12_2_cutsites.bw
Done! =)
[Fri Jan 30 17:57:19 2026]
Finished job 0.
1 of 1 steps (100%) done
