Building DAG of jobs...
Using shell: /usr/bin/bash
Provided cores: 16
Rules claiming more threads will be scaled down.
Provided resources: mem_mb=500000, mem_mib=476838, disk_mb=500000, disk_mib=476838, cpus_per_task=16
Select jobs to execute...

[Fri Jan 30 17:55:05 2026]
Job 0: Running MACS2...
Reason: Forced execution

INFO  @ Fri, 30 Jan 2026 17:55:06: 
# Command line: callpeak -f BAMPE -t /n/projects/mw2098/publications/2024_weilert_acc/code/1_processing/bam/Bunina_mesc_atac_day0_1.bam --outdir /n/projects/mw2098/publications/2024_weilert_acc/code/1_processing/peaks -n Bunina_mesc_atac_day0_1
# ARGUMENTS LIST:
# name = Bunina_mesc_atac_day0_1
# format = BAMPE
# ChIP-seq file = ['/n/projects/mw2098/publications/2024_weilert_acc/code/1_processing/bam/Bunina_mesc_atac_day0_1.bam']
# control file = None
# effective genome size = 2.70e+09
# band width = 300
# model fold = [5, 50]
# qvalue cutoff = 5.00e-02
# The maximum gap between significant sites is assigned as the read length/tag size.
# The minimum length of peaks is assigned as the predicted fragment length "d".
# Larger dataset will be scaled towards smaller dataset.
# Range for calculating regional lambda is: 10000 bps
# Broad region calling is off
# Paired-End mode is on
 
INFO  @ Fri, 30 Jan 2026 17:55:06: #1 read fragment files... 
INFO  @ Fri, 30 Jan 2026 17:55:06: #1 read treatment fragments... 
INFO  @ Fri, 30 Jan 2026 17:55:09:  1000000 
INFO  @ Fri, 30 Jan 2026 17:55:13:  2000000 
INFO  @ Fri, 30 Jan 2026 17:55:17:  3000000 
INFO  @ Fri, 30 Jan 2026 17:55:21:  4000000 
INFO  @ Fri, 30 Jan 2026 17:55:24:  5000000 
INFO  @ Fri, 30 Jan 2026 17:55:28:  6000000 
INFO  @ Fri, 30 Jan 2026 17:55:32:  7000000 
INFO  @ Fri, 30 Jan 2026 17:55:36:  8000000 
INFO  @ Fri, 30 Jan 2026 17:55:40:  9000000 
INFO  @ Fri, 30 Jan 2026 17:55:44:  10000000 
INFO  @ Fri, 30 Jan 2026 17:55:48:  11000000 
INFO  @ Fri, 30 Jan 2026 17:55:52:  12000000 
INFO  @ Fri, 30 Jan 2026 17:55:55:  13000000 
INFO  @ Fri, 30 Jan 2026 17:55:59:  14000000 
INFO  @ Fri, 30 Jan 2026 17:56:02:  15000000 
INFO  @ Fri, 30 Jan 2026 17:56:05:  16000000 
INFO  @ Fri, 30 Jan 2026 17:56:08:  17000000 
INFO  @ Fri, 30 Jan 2026 17:56:11:  18000000 
INFO  @ Fri, 30 Jan 2026 17:56:15:  19000000 
INFO  @ Fri, 30 Jan 2026 17:56:18:  20000000 
INFO  @ Fri, 30 Jan 2026 17:56:19: 20319299 fragments have been read. 
INFO  @ Fri, 30 Jan 2026 17:56:33: #1 mean fragment size is determined as 159.9 bp from treatment 
INFO  @ Fri, 30 Jan 2026 17:56:33: #1 fragment size = 159.9 
INFO  @ Fri, 30 Jan 2026 17:56:33: #1  total fragments in treatment: 20319299 
INFO  @ Fri, 30 Jan 2026 17:56:33: #1 user defined the maximum fragments... 
INFO  @ Fri, 30 Jan 2026 17:56:33: #1 filter out redundant fragments by allowing at most 1 identical fragment(s) 
INFO  @ Fri, 30 Jan 2026 17:57:00: #1  fragments after filtering in treatment: 12204933 
INFO  @ Fri, 30 Jan 2026 17:57:00: #1  Redundant rate of treatment: 0.40 
INFO  @ Fri, 30 Jan 2026 17:57:00: #1 finished! 
INFO  @ Fri, 30 Jan 2026 17:57:00: #2 Build Peak Model... 
INFO  @ Fri, 30 Jan 2026 17:57:00: #2 Skipped... 
INFO  @ Fri, 30 Jan 2026 17:57:00: #3 Call peaks... 
INFO  @ Fri, 30 Jan 2026 17:57:00: #3 Pre-compute pvalue-qvalue table... 
INFO  @ Fri, 30 Jan 2026 17:57:35: #3 Call peaks for each chromosome... 
INFO  @ Fri, 30 Jan 2026 17:57:52: #4 Write output xls file... /n/projects/mw2098/publications/2024_weilert_acc/code/1_processing/peaks/Bunina_mesc_atac_day0_1_peaks.xls 
INFO  @ Fri, 30 Jan 2026 17:57:52: #4 Write peak in narrowPeak format file... /n/projects/mw2098/publications/2024_weilert_acc/code/1_processing/peaks/Bunina_mesc_atac_day0_1_peaks.narrowPeak 
INFO  @ Fri, 30 Jan 2026 17:57:53: #4 Write summits bed file... /n/projects/mw2098/publications/2024_weilert_acc/code/1_processing/peaks/Bunina_mesc_atac_day0_1_summits.bed 
INFO  @ Fri, 30 Jan 2026 17:57:53: Done! 
[Fri Jan 30 17:57:53 2026]
Finished job 0.
1 of 1 steps (100%) done
