Building DAG of jobs...
Using shell: /usr/bin/bash
Provided cores: 16
Rules claiming more threads will be scaled down.
Provided resources: mem_mb=500000, mem_mib=476838, disk_mb=500000, disk_mib=476838, cpus_per_task=16
Select jobs to execute...

[Fri Feb 13 12:45:47 2026]
Job 0: Running MACS2...
Reason: Forced execution

INFO  @ Fri, 13 Feb 2026 12:45:49: 
# Command line: callpeak -f BAMPE -t /n/projects/mw2098/publications/2024_weilert_acc/code/1_processing/bam/Bunina_mesc_atac_day0_1.bam --outdir /n/projects/mw2098/publications/2024_weilert_acc/code/1_processing/peaks -n Bunina_mesc_atac_day0_1
# ARGUMENTS LIST:
# name = Bunina_mesc_atac_day0_1
# format = BAMPE
# ChIP-seq file = ['/n/projects/mw2098/publications/2024_weilert_acc/code/1_processing/bam/Bunina_mesc_atac_day0_1.bam']
# control file = None
# effective genome size = 2.70e+09
# band width = 300
# model fold = [5, 50]
# qvalue cutoff = 5.00e-02
# The maximum gap between significant sites is assigned as the read length/tag size.
# The minimum length of peaks is assigned as the predicted fragment length "d".
# Larger dataset will be scaled towards smaller dataset.
# Range for calculating regional lambda is: 10000 bps
# Broad region calling is off
# Paired-End mode is on
 
INFO  @ Fri, 13 Feb 2026 12:45:49: #1 read fragment files... 
INFO  @ Fri, 13 Feb 2026 12:45:49: #1 read treatment fragments... 
INFO  @ Fri, 13 Feb 2026 12:45:52:  1000000 
INFO  @ Fri, 13 Feb 2026 12:45:56:  2000000 
INFO  @ Fri, 13 Feb 2026 12:46:00:  3000000 
INFO  @ Fri, 13 Feb 2026 12:46:04:  4000000 
INFO  @ Fri, 13 Feb 2026 12:46:08:  5000000 
INFO  @ Fri, 13 Feb 2026 12:46:12:  6000000 
[2026-02-13T12:46:13.520] error: *** JOB 4040434 ON cerebro215 CANCELLED AT 2026-02-13T12:46:13 DUE to SIGNAL Terminated ***
