Building DAG of jobs...
Using shell: /usr/bin/bash
Provided cores: 16
Rules claiming more threads will be scaled down.
Provided resources: mem_mb=500000, mem_mib=476838, disk_mb=500000, disk_mib=476838, cpus_per_task=16
Select jobs to execute...

[Fri Feb 13 13:04:30 2026]
Job 0: Computing coverage of .bam file...
Reason: Forced execution

INFO	2026-02-13 13:04:30	MarkDuplicates	

********** NOTE: Picard's command line syntax is changing.
**********
********** For more information, please see:
********** https://github.com/broadinstitute/picard/wiki/Command-Line-Syntax-Transition-For-Users-(Pre-Transition)
**********
********** The command line looks like this in the new syntax:
**********
**********    MarkDuplicates -I /n/projects/mw2098/publications/2024_weilert_acc/code/1_processing/bam/Bunina_mesc_rna_day4_2.bam -O /n/projects/mw2098/publications/2024_weilert_acc/code/1_processing/bam/Bunina_mesc_rna_day4_2.bam.temp.bam -M /n/projects/mw2098/publications/2024_weilert_acc/code/1_processing/bam/Bunina_mesc_rna_day4_2.dedup.txt -ASSUME_SORT_ORDER coordinate -TMP_DIR /n/projects/mw2098/publications/2024_weilert_acc/code/1_processing/tmp/
**********


13:04:30.740 INFO  NativeLibraryLoader - Loading libgkl_compression.so from jar:file:/n/projects/mw2098/publications/2024_weilert_acc/public/software/picard/picard_v2.23.8.jar!/com/intel/gkl/native/libgkl_compression.so
[Fri Feb 13 13:04:30 CST 2026] MarkDuplicates INPUT=[/n/projects/mw2098/publications/2024_weilert_acc/code/1_processing/bam/Bunina_mesc_rna_day4_2.bam] OUTPUT=/n/projects/mw2098/publications/2024_weilert_acc/code/1_processing/bam/Bunina_mesc_rna_day4_2.bam.temp.bam METRICS_FILE=/n/projects/mw2098/publications/2024_weilert_acc/code/1_processing/bam/Bunina_mesc_rna_day4_2.dedup.txt ASSUME_SORT_ORDER=coordinate TMP_DIR=[/n/projects/mw2098/publications/2024_weilert_acc/code/1_processing/tmp]    MAX_SEQUENCES_FOR_DISK_READ_ENDS_MAP=50000 MAX_FILE_HANDLES_FOR_READ_ENDS_MAP=8000 SORTING_COLLECTION_SIZE_RATIO=0.25 TAG_DUPLICATE_SET_MEMBERS=false REMOVE_SEQUENCING_DUPLICATES=false TAGGING_POLICY=DontTag CLEAR_DT=true DUPLEX_UMI=false ADD_PG_TAG_TO_READS=true REMOVE_DUPLICATES=false ASSUME_SORTED=false DUPLICATE_SCORING_STRATEGY=SUM_OF_BASE_QUALITIES PROGRAM_RECORD_ID=MarkDuplicates PROGRAM_GROUP_NAME=MarkDuplicates READ_NAME_REGEX=<optimized capture of last three ':' separated fields as numeric values> OPTICAL_DUPLICATE_PIXEL_DISTANCE=100 MAX_OPTICAL_DUPLICATE_SET_SIZE=300000 VERBOSITY=INFO QUIET=false VALIDATION_STRINGENCY=STRICT COMPRESSION_LEVEL=5 MAX_RECORDS_IN_RAM=500000 CREATE_INDEX=false CREATE_MD5_FILE=false GA4GH_CLIENT_SECRETS=client_secrets.json USE_JDK_DEFLATER=false USE_JDK_INFLATER=false
[Fri Feb 13 13:04:30 CST 2026] Executing as mw2098@cerebro116 on Linux 5.14.0-570.49.1.el9_6.x86_64 amd64; OpenJDK 64-Bit Server VM 17.0.16+8-LTS; Deflater: Intel; Inflater: Intel; Provider GCS is not available; Picard version: 2.23.8
INFO	2026-02-13 13:04:30	MarkDuplicates	Start of doWork freeMemory: 263270272; totalMemory: 285212672; maxMemory: 32178700288
INFO	2026-02-13 13:04:30	MarkDuplicates	Reading input file and constructing read end information.
INFO	2026-02-13 13:04:30	MarkDuplicates	Will retain up to 116589493 data points before spilling to disk.
WARNING: BAM index file /n/projects/mw2098/publications/2024_weilert_acc/code/1_processing/bam/Bunina_mesc_rna_day4_2.bam.bai is older than BAM /n/projects/mw2098/publications/2024_weilert_acc/code/1_processing/bam/Bunina_mesc_rna_day4_2.bam
WARNING	2026-02-13 13:04:31	AbstractOpticalDuplicateFinderCommandLineProgram	A field field parsed out of a read name was expected to contain an integer and did not. Read name: ERR3453518.8504351. Cause: String 'ERR3453518.8504351' did not start with a parsable number.
INFO	2026-02-13 13:04:34	MarkDuplicates	Read     1,000,000 records.  Elapsed time: 00:00:02s.  Time for last 1,000,000:    2s.  Last read position: chr1:75,211,965
INFO	2026-02-13 13:04:34	MarkDuplicates	Tracking 0 as yet unmatched pairs. 0 records in RAM.
INFO	2026-02-13 13:04:37	MarkDuplicates	Read     2,000,000 records.  Elapsed time: 00:00:05s.  Time for last 1,000,000:    2s.  Last read position: chr1:163,954,316
INFO	2026-02-13 13:04:37	MarkDuplicates	Tracking 0 as yet unmatched pairs. 0 records in RAM.
INFO	2026-02-13 13:04:39	MarkDuplicates	Read     3,000,000 records.  Elapsed time: 00:00:07s.  Time for last 1,000,000:    2s.  Last read position: chr2:36,808,082
INFO	2026-02-13 13:04:39	MarkDuplicates	Tracking 0 as yet unmatched pairs. 0 records in RAM.
INFO	2026-02-13 13:04:41	MarkDuplicates	Read     4,000,000 records.  Elapsed time: 00:00:09s.  Time for last 1,000,000:    2s.  Last read position: chr2:119,711,041
INFO	2026-02-13 13:04:41	MarkDuplicates	Tracking 0 as yet unmatched pairs. 0 records in RAM.
INFO	2026-02-13 13:04:44	MarkDuplicates	Read     5,000,000 records.  Elapsed time: 00:00:13s.  Time for last 1,000,000:    3s.  Last read position: chr2:176,473,399
INFO	2026-02-13 13:04:44	MarkDuplicates	Tracking 0 as yet unmatched pairs. 0 records in RAM.
INFO	2026-02-13 13:04:47	MarkDuplicates	Read     6,000,000 records.  Elapsed time: 00:00:15s.  Time for last 1,000,000:    2s.  Last read position: chr3:92,219,547
INFO	2026-02-13 13:04:47	MarkDuplicates	Tracking 0 as yet unmatched pairs. 0 records in RAM.
INFO	2026-02-13 13:04:49	MarkDuplicates	Read     7,000,000 records.  Elapsed time: 00:00:17s.  Time for last 1,000,000:    2s.  Last read position: chr4:10,848,402
INFO	2026-02-13 13:04:49	MarkDuplicates	Tracking 0 as yet unmatched pairs. 0 records in RAM.
INFO	2026-02-13 13:04:51	MarkDuplicates	Read     8,000,000 records.  Elapsed time: 00:00:19s.  Time for last 1,000,000:    2s.  Last read position: chr4:116,802,601
INFO	2026-02-13 13:04:51	MarkDuplicates	Tracking 0 as yet unmatched pairs. 0 records in RAM.
INFO	2026-02-13 13:04:53	MarkDuplicates	Read     9,000,000 records.  Elapsed time: 00:00:22s.  Time for last 1,000,000:    2s.  Last read position: chr4:148,625,327
INFO	2026-02-13 13:04:53	MarkDuplicates	Tracking 0 as yet unmatched pairs. 0 records in RAM.
INFO	2026-02-13 13:04:56	MarkDuplicates	Read    10,000,000 records.  Elapsed time: 00:00:24s.  Time for last 1,000,000:    2s.  Last read position: chr5:65,390,976
INFO	2026-02-13 13:04:56	MarkDuplicates	Tracking 0 as yet unmatched pairs. 0 records in RAM.
INFO	2026-02-13 13:04:58	MarkDuplicates	Read    11,000,000 records.  Elapsed time: 00:00:27s.  Time for last 1,000,000:    2s.  Last read position: chr5:125,367,527
INFO	2026-02-13 13:04:58	MarkDuplicates	Tracking 0 as yet unmatched pairs. 0 records in RAM.
INFO	2026-02-13 13:05:01	MarkDuplicates	Read    12,000,000 records.  Elapsed time: 00:00:29s.  Time for last 1,000,000:    2s.  Last read position: chr6:31,764,364
INFO	2026-02-13 13:05:01	MarkDuplicates	Tracking 0 as yet unmatched pairs. 0 records in RAM.
INFO	2026-02-13 13:05:03	MarkDuplicates	Read    13,000,000 records.  Elapsed time: 00:00:31s.  Time for last 1,000,000:    2s.  Last read position: chr6:116,174,249
INFO	2026-02-13 13:05:03	MarkDuplicates	Tracking 0 as yet unmatched pairs. 0 records in RAM.
INFO	2026-02-13 13:05:05	MarkDuplicates	Read    14,000,000 records.  Elapsed time: 00:00:33s.  Time for last 1,000,000:    2s.  Last read position: chr7:23,358,540
INFO	2026-02-13 13:05:05	MarkDuplicates	Tracking 0 as yet unmatched pairs. 0 records in RAM.
INFO	2026-02-13 13:05:07	MarkDuplicates	Read    15,000,000 records.  Elapsed time: 00:00:35s.  Time for last 1,000,000:    2s.  Last read position: chr7:80,713,818
INFO	2026-02-13 13:05:07	MarkDuplicates	Tracking 0 as yet unmatched pairs. 0 records in RAM.
INFO	2026-02-13 13:05:10	MarkDuplicates	Read    16,000,000 records.  Elapsed time: 00:00:38s.  Time for last 1,000,000:    2s.  Last read position: chr7:140,108,104
INFO	2026-02-13 13:05:10	MarkDuplicates	Tracking 0 as yet unmatched pairs. 0 records in RAM.
INFO	2026-02-13 13:05:12	MarkDuplicates	Read    17,000,000 records.  Elapsed time: 00:00:40s.  Time for last 1,000,000:    2s.  Last read position: chr8:83,170,791
INFO	2026-02-13 13:05:12	MarkDuplicates	Tracking 0 as yet unmatched pairs. 0 records in RAM.
INFO	2026-02-13 13:05:14	MarkDuplicates	Read    18,000,000 records.  Elapsed time: 00:00:42s.  Time for last 1,000,000:    2s.  Last read position: chr9:17,733,072
INFO	2026-02-13 13:05:14	MarkDuplicates	Tracking 0 as yet unmatched pairs. 0 records in RAM.
INFO	2026-02-13 13:05:16	MarkDuplicates	Read    19,000,000 records.  Elapsed time: 00:00:44s.  Time for last 1,000,000:    2s.  Last read position: chr9:64,175,710
INFO	2026-02-13 13:05:16	MarkDuplicates	Tracking 0 as yet unmatched pairs. 0 records in RAM.
INFO	2026-02-13 13:05:18	MarkDuplicates	Read    20,000,000 records.  Elapsed time: 00:00:46s.  Time for last 1,000,000:    2s.  Last read position: chr9:108,575,876
INFO	2026-02-13 13:05:18	MarkDuplicates	Tracking 0 as yet unmatched pairs. 0 records in RAM.
INFO	2026-02-13 13:05:20	MarkDuplicates	Read    21,000,000 records.  Elapsed time: 00:00:48s.  Time for last 1,000,000:    2s.  Last read position: chr10:62,761,192
INFO	2026-02-13 13:05:20	MarkDuplicates	Tracking 0 as yet unmatched pairs. 0 records in RAM.
INFO	2026-02-13 13:05:23	MarkDuplicates	Read    22,000,000 records.  Elapsed time: 00:00:51s.  Time for last 1,000,000:    2s.  Last read position: chr10:128,072,083
INFO	2026-02-13 13:05:23	MarkDuplicates	Tracking 0 as yet unmatched pairs. 0 records in RAM.
INFO	2026-02-13 13:05:25	MarkDuplicates	Read    23,000,000 records.  Elapsed time: 00:00:53s.  Time for last 1,000,000:    2s.  Last read position: chr11:50,383,296
INFO	2026-02-13 13:05:25	MarkDuplicates	Tracking 0 as yet unmatched pairs. 0 records in RAM.
INFO	2026-02-13 13:05:27	MarkDuplicates	Read    24,000,000 records.  Elapsed time: 00:00:56s.  Time for last 1,000,000:    2s.  Last read position: chr11:78,181,426
INFO	2026-02-13 13:05:27	MarkDuplicates	Tracking 0 as yet unmatched pairs. 0 records in RAM.
INFO	2026-02-13 13:05:30	MarkDuplicates	Read    25,000,000 records.  Elapsed time: 00:00:58s.  Time for last 1,000,000:    2s.  Last read position: chr11:116,024,423
INFO	2026-02-13 13:05:30	MarkDuplicates	Tracking 0 as yet unmatched pairs. 0 records in RAM.
INFO	2026-02-13 13:05:32	MarkDuplicates	Read    26,000,000 records.  Elapsed time: 00:01:01s.  Time for last 1,000,000:    2s.  Last read position: chr12:70,880,801
INFO	2026-02-13 13:05:32	MarkDuplicates	Tracking 0 as yet unmatched pairs. 0 records in RAM.
INFO	2026-02-13 13:05:35	MarkDuplicates	Read    27,000,000 records.  Elapsed time: 00:01:03s.  Time for last 1,000,000:    2s.  Last read position: chr13:43,419,701
INFO	2026-02-13 13:05:35	MarkDuplicates	Tracking 0 as yet unmatched pairs. 0 records in RAM.
INFO	2026-02-13 13:05:37	MarkDuplicates	Read    28,000,000 records.  Elapsed time: 00:01:05s.  Time for last 1,000,000:    2s.  Last read position: chr13:112,594,715
INFO	2026-02-13 13:05:37	MarkDuplicates	Tracking 0 as yet unmatched pairs. 0 records in RAM.
INFO	2026-02-13 13:05:39	MarkDuplicates	Read    29,000,000 records.  Elapsed time: 00:01:08s.  Time for last 1,000,000:    2s.  Last read position: chr14:61,367,332
INFO	2026-02-13 13:05:39	MarkDuplicates	Tracking 0 as yet unmatched pairs. 0 records in RAM.
INFO	2026-02-13 13:05:42	MarkDuplicates	Read    30,000,000 records.  Elapsed time: 00:01:10s.  Time for last 1,000,000:    2s.  Last read position: chr15:76,072,288
INFO	2026-02-13 13:05:42	MarkDuplicates	Tracking 0 as yet unmatched pairs. 0 records in RAM.
INFO	2026-02-13 13:05:44	MarkDuplicates	Read    31,000,000 records.  Elapsed time: 00:01:12s.  Time for last 1,000,000:    2s.  Last read position: chr15:103,241,466
INFO	2026-02-13 13:05:44	MarkDuplicates	Tracking 0 as yet unmatched pairs. 0 records in RAM.
INFO	2026-02-13 13:05:46	MarkDuplicates	Read    32,000,000 records.  Elapsed time: 00:01:15s.  Time for last 1,000,000:    2s.  Last read position: chr16:90,753,704
INFO	2026-02-13 13:05:46	MarkDuplicates	Tracking 0 as yet unmatched pairs. 0 records in RAM.
INFO	2026-02-13 13:05:49	MarkDuplicates	Read    33,000,000 records.  Elapsed time: 00:01:17s.  Time for last 1,000,000:    2s.  Last read position: chr17:33,952,405
INFO	2026-02-13 13:05:49	MarkDuplicates	Tracking 0 as yet unmatched pairs. 0 records in RAM.
INFO	2026-02-13 13:05:51	MarkDuplicates	Read    34,000,000 records.  Elapsed time: 00:01:19s.  Time for last 1,000,000:    2s.  Last read position: chr17:78,850,768
INFO	2026-02-13 13:05:51	MarkDuplicates	Tracking 0 as yet unmatched pairs. 0 records in RAM.
INFO	2026-02-13 13:05:53	MarkDuplicates	Read    35,000,000 records.  Elapsed time: 00:01:21s.  Time for last 1,000,000:    2s.  Last read position: chr18:63,544,112
INFO	2026-02-13 13:05:53	MarkDuplicates	Tracking 0 as yet unmatched pairs. 0 records in RAM.
INFO	2026-02-13 13:05:55	MarkDuplicates	Read    36,000,000 records.  Elapsed time: 00:01:23s.  Time for last 1,000,000:    2s.  Last read position: chr19:17,927,488
INFO	2026-02-13 13:05:55	MarkDuplicates	Tracking 0 as yet unmatched pairs. 0 records in RAM.
INFO	2026-02-13 13:05:57	MarkDuplicates	Read    37,000,000 records.  Elapsed time: 00:01:25s.  Time for last 1,000,000:    1s.  Last read position: chrX:7,878,358
INFO	2026-02-13 13:05:57	MarkDuplicates	Tracking 0 as yet unmatched pairs. 0 records in RAM.
INFO	2026-02-13 13:05:59	MarkDuplicates	Read    38,000,000 records.  Elapsed time: 00:01:27s.  Time for last 1,000,000:    1s.  Last read position: chrX:109,005,103
INFO	2026-02-13 13:05:59	MarkDuplicates	Tracking 0 as yet unmatched pairs. 0 records in RAM.
INFO	2026-02-13 13:06:00	MarkDuplicates	Read 38609960 records. 0 pairs never matched.
INFO	2026-02-13 13:06:01	MarkDuplicates	After buildSortedReadEndLists freeMemory: 3014523272; totalMemory: 5872025600; maxMemory: 32178700288
INFO	2026-02-13 13:06:01	MarkDuplicates	Will retain up to 1005584384 duplicate indices before spilling to disk.
INFO	2026-02-13 13:06:06	MarkDuplicates	Traversing read pair information and detecting duplicates.
INFO	2026-02-13 13:06:06	MarkDuplicates	Traversing fragment information and detecting duplicates.
INFO	2026-02-13 13:06:08	MarkDuplicates	Sorting list of duplicate records.
INFO	2026-02-13 13:06:08	MarkDuplicates	After generateDuplicateIndexes freeMemory: 9952195272; totalMemory: 18035507200; maxMemory: 32178700288
INFO	2026-02-13 13:06:08	MarkDuplicates	Marking 14470504 records as duplicates.
INFO	2026-02-13 13:06:08	MarkDuplicates	Found 0 optical duplicate clusters.
WARNING: BAM index file /n/projects/mw2098/publications/2024_weilert_acc/code/1_processing/bam/Bunina_mesc_rna_day4_2.bam.bai is older than BAM /n/projects/mw2098/publications/2024_weilert_acc/code/1_processing/bam/Bunina_mesc_rna_day4_2.bam
INFO	2026-02-13 13:06:08	MarkDuplicates	Reads are assumed to be ordered by: coordinate
INFO	2026-02-13 13:06:53	MarkDuplicates	Written    10,000,000 records.  Elapsed time: 00:00:44s.  Time for last 10,000,000:   44s.  Last read position: chr5:65,390,976
INFO	2026-02-13 13:07:36	MarkDuplicates	Written    20,000,000 records.  Elapsed time: 00:01:27s.  Time for last 10,000,000:   42s.  Last read position: chr9:108,575,876
INFO	2026-02-13 13:08:17	MarkDuplicates	Written    30,000,000 records.  Elapsed time: 00:02:08s.  Time for last 10,000,000:   41s.  Last read position: chr15:76,072,288
INFO	2026-02-13 13:08:53	MarkDuplicates	Writing complete. Closing input iterator.
INFO	2026-02-13 13:08:53	MarkDuplicates	Duplicate Index cleanup.
INFO	2026-02-13 13:08:53	MarkDuplicates	Getting Memory Stats.
INFO	2026-02-13 13:08:53	MarkDuplicates	Before output close freeMemory: 641153560; totalMemory: 671088640; maxMemory: 32178700288
INFO	2026-02-13 13:08:54	MarkDuplicates	Closed outputs. Getting more Memory Stats.
INFO	2026-02-13 13:08:54	MarkDuplicates	After output close freeMemory: 309630864; totalMemory: 335544320; maxMemory: 32178700288
[Fri Feb 13 13:08:54 CST 2026] picard.sam.markduplicates.MarkDuplicates done. Elapsed time: 4.39 minutes.
Runtime.totalMemory()=335544320
Reading single ended ATAC-seq BAM: /n/projects/mw2098/publications/2024_weilert_acc/code/1_processing/bam/Bunina_mesc_rna_day4_2.bam
[] 38609960 fragments read. If deduplicate==T, then these are duplicates. If not, these are raw reads.
Warning message:
In valid.GenomicRanges.seqinfo(x, suggest.trim = TRUE) :
  GRanges object contains 22 out-of-bound ranges located on sequences
  chrM, chr4_JH584295_random, and chrUn_GL456370. Note that ranges
  located on a sequence whose length is unknown (NA) or on a circular
  sequence are not considered out-of-bound (use seqlengths() and
  isCircular() to get the lengths and circularity flags of the underlying
  sequences). You can use trim() to trim these ranges. See
  ?`trim,GenomicRanges-method` for more information.
Filtering by fragment size. Max = 600, Min = 10
[] 38609960 fragments within size restrictions.
[] Saving 38609960 fragments...
Saving .granges.rds file as: /n/projects/mw2098/publications/2024_weilert_acc/code/1_processing/rdata/Bunina_mesc_rna_day4_2.granges.rds
[1] TRUE
Saving .bw file as: /n/projects/mw2098/publications/2024_weilert_acc/code/1_processing/bw/Bunina_mesc_rna_day4_2.bw
Done! =)
[Fri Feb 13 13:12:32 2026]
Finished job 0.
1 of 1 steps (100%) done
