Building DAG of jobs...
Using shell: /usr/bin/bash
Provided cores: 16
Rules claiming more threads will be scaled down.
Provided resources: mem_mb=500000, mem_mib=476838, disk_mb=500000, disk_mib=476838, cpus_per_task=16
Select jobs to execute...

[Fri Feb 13 13:01:12 2026]
Job 0: Computing coverage of .bam file...
Reason: Forced execution

INFO	2026-02-13 13:01:12	MarkDuplicates	

********** NOTE: Picard's command line syntax is changing.
**********
********** For more information, please see:
********** https://github.com/broadinstitute/picard/wiki/Command-Line-Syntax-Transition-For-Users-(Pre-Transition)
**********
********** The command line looks like this in the new syntax:
**********
**********    MarkDuplicates -I /n/projects/mw2098/publications/2024_weilert_acc/code/1_processing/bam/Bunina_mesc_rna_day12_1.bam -O /n/projects/mw2098/publications/2024_weilert_acc/code/1_processing/bam/Bunina_mesc_rna_day12_1.bam.temp.bam -M /n/projects/mw2098/publications/2024_weilert_acc/code/1_processing/bam/Bunina_mesc_rna_day12_1.dedup.txt -ASSUME_SORT_ORDER coordinate -TMP_DIR /n/projects/mw2098/publications/2024_weilert_acc/code/1_processing/tmp/
**********


13:01:12.681 INFO  NativeLibraryLoader - Loading libgkl_compression.so from jar:file:/n/projects/mw2098/publications/2024_weilert_acc/public/software/picard/picard_v2.23.8.jar!/com/intel/gkl/native/libgkl_compression.so
[Fri Feb 13 13:01:12 CST 2026] MarkDuplicates INPUT=[/n/projects/mw2098/publications/2024_weilert_acc/code/1_processing/bam/Bunina_mesc_rna_day12_1.bam] OUTPUT=/n/projects/mw2098/publications/2024_weilert_acc/code/1_processing/bam/Bunina_mesc_rna_day12_1.bam.temp.bam METRICS_FILE=/n/projects/mw2098/publications/2024_weilert_acc/code/1_processing/bam/Bunina_mesc_rna_day12_1.dedup.txt ASSUME_SORT_ORDER=coordinate TMP_DIR=[/n/projects/mw2098/publications/2024_weilert_acc/code/1_processing/tmp]    MAX_SEQUENCES_FOR_DISK_READ_ENDS_MAP=50000 MAX_FILE_HANDLES_FOR_READ_ENDS_MAP=8000 SORTING_COLLECTION_SIZE_RATIO=0.25 TAG_DUPLICATE_SET_MEMBERS=false REMOVE_SEQUENCING_DUPLICATES=false TAGGING_POLICY=DontTag CLEAR_DT=true DUPLEX_UMI=false ADD_PG_TAG_TO_READS=true REMOVE_DUPLICATES=false ASSUME_SORTED=false DUPLICATE_SCORING_STRATEGY=SUM_OF_BASE_QUALITIES PROGRAM_RECORD_ID=MarkDuplicates PROGRAM_GROUP_NAME=MarkDuplicates READ_NAME_REGEX=<optimized capture of last three ':' separated fields as numeric values> OPTICAL_DUPLICATE_PIXEL_DISTANCE=100 MAX_OPTICAL_DUPLICATE_SET_SIZE=300000 VERBOSITY=INFO QUIET=false VALIDATION_STRINGENCY=STRICT COMPRESSION_LEVEL=5 MAX_RECORDS_IN_RAM=500000 CREATE_INDEX=false CREATE_MD5_FILE=false GA4GH_CLIENT_SECRETS=client_secrets.json USE_JDK_DEFLATER=false USE_JDK_INFLATER=false
[Fri Feb 13 13:01:12 CST 2026] Executing as mw2098@cerebro216 on Linux 5.14.0-570.49.1.el9_6.x86_64 amd64; OpenJDK 64-Bit Server VM 17.0.16+8-LTS; Deflater: Intel; Inflater: Intel; Provider GCS is not available; Picard version: 2.23.8
INFO	2026-02-13 13:01:12	MarkDuplicates	Start of doWork freeMemory: 262934704; totalMemory: 285212672; maxMemory: 32178700288
INFO	2026-02-13 13:01:12	MarkDuplicates	Reading input file and constructing read end information.
INFO	2026-02-13 13:01:12	MarkDuplicates	Will retain up to 116589493 data points before spilling to disk.
WARNING: BAM index file /n/projects/mw2098/publications/2024_weilert_acc/code/1_processing/bam/Bunina_mesc_rna_day12_1.bam.bai is older than BAM /n/projects/mw2098/publications/2024_weilert_acc/code/1_processing/bam/Bunina_mesc_rna_day12_1.bam
WARNING	2026-02-13 13:01:12	AbstractOpticalDuplicateFinderCommandLineProgram	A field field parsed out of a read name was expected to contain an integer and did not. Read name: ERR3453512.3953514. Cause: String 'ERR3453512.3953514' did not start with a parsable number.
INFO	2026-02-13 13:01:15	MarkDuplicates	Read     1,000,000 records.  Elapsed time: 00:00:02s.  Time for last 1,000,000:    2s.  Last read position: chr1:116,585,042
INFO	2026-02-13 13:01:15	MarkDuplicates	Tracking 0 as yet unmatched pairs. 0 records in RAM.
INFO	2026-02-13 13:01:17	MarkDuplicates	Read     2,000,000 records.  Elapsed time: 00:00:04s.  Time for last 1,000,000:    2s.  Last read position: chr2:40,556,039
INFO	2026-02-13 13:01:17	MarkDuplicates	Tracking 0 as yet unmatched pairs. 0 records in RAM.
INFO	2026-02-13 13:01:19	MarkDuplicates	Read     3,000,000 records.  Elapsed time: 00:00:06s.  Time for last 1,000,000:    2s.  Last read position: chr2:164,017,172
INFO	2026-02-13 13:01:19	MarkDuplicates	Tracking 0 as yet unmatched pairs. 0 records in RAM.
INFO	2026-02-13 13:01:21	MarkDuplicates	Read     4,000,000 records.  Elapsed time: 00:00:08s.  Time for last 1,000,000:    1s.  Last read position: chr3:116,125,967
INFO	2026-02-13 13:01:21	MarkDuplicates	Tracking 0 as yet unmatched pairs. 0 records in RAM.
INFO	2026-02-13 13:01:23	MarkDuplicates	Read     5,000,000 records.  Elapsed time: 00:00:10s.  Time for last 1,000,000:    1s.  Last read position: chr4:123,453,620
INFO	2026-02-13 13:01:23	MarkDuplicates	Tracking 0 as yet unmatched pairs. 0 records in RAM.
INFO	2026-02-13 13:01:25	MarkDuplicates	Read     6,000,000 records.  Elapsed time: 00:00:12s.  Time for last 1,000,000:    2s.  Last read position: chr5:65,041,422
INFO	2026-02-13 13:01:25	MarkDuplicates	Tracking 0 as yet unmatched pairs. 0 records in RAM.
INFO	2026-02-13 13:01:27	MarkDuplicates	Read     7,000,000 records.  Elapsed time: 00:00:14s.  Time for last 1,000,000:    1s.  Last read position: chr5:144,638,409
INFO	2026-02-13 13:01:27	MarkDuplicates	Tracking 0 as yet unmatched pairs. 0 records in RAM.
INFO	2026-02-13 13:01:29	MarkDuplicates	Read     8,000,000 records.  Elapsed time: 00:00:16s.  Time for last 1,000,000:    2s.  Last read position: chr6:134,869,533
INFO	2026-02-13 13:01:29	MarkDuplicates	Tracking 0 as yet unmatched pairs. 0 records in RAM.
INFO	2026-02-13 13:01:31	MarkDuplicates	Read     9,000,000 records.  Elapsed time: 00:00:18s.  Time for last 1,000,000:    2s.  Last read position: chr7:99,347,018
INFO	2026-02-13 13:01:31	MarkDuplicates	Tracking 0 as yet unmatched pairs. 0 records in RAM.
INFO	2026-02-13 13:01:33	MarkDuplicates	Read    10,000,000 records.  Elapsed time: 00:00:20s.  Time for last 1,000,000:    1s.  Last read position: chr8:46,229,897
INFO	2026-02-13 13:01:33	MarkDuplicates	Tracking 0 as yet unmatched pairs. 0 records in RAM.
INFO	2026-02-13 13:01:35	MarkDuplicates	Read    11,000,000 records.  Elapsed time: 00:00:22s.  Time for last 1,000,000:    2s.  Last read position: chr9:31,935,486
INFO	2026-02-13 13:01:35	MarkDuplicates	Tracking 0 as yet unmatched pairs. 0 records in RAM.
INFO	2026-02-13 13:01:37	MarkDuplicates	Read    12,000,000 records.  Elapsed time: 00:00:24s.  Time for last 1,000,000:    1s.  Last read position: chr9:108,748,304
INFO	2026-02-13 13:01:37	MarkDuplicates	Tracking 0 as yet unmatched pairs. 0 records in RAM.
INFO	2026-02-13 13:01:39	MarkDuplicates	Read    13,000,000 records.  Elapsed time: 00:00:26s.  Time for last 1,000,000:    2s.  Last read position: chr10:116,919,625
INFO	2026-02-13 13:01:39	MarkDuplicates	Tracking 0 as yet unmatched pairs. 0 records in RAM.
INFO	2026-02-13 13:01:41	MarkDuplicates	Read    14,000,000 records.  Elapsed time: 00:00:28s.  Time for last 1,000,000:    1s.  Last read position: chr11:69,670,258
INFO	2026-02-13 13:01:41	MarkDuplicates	Tracking 0 as yet unmatched pairs. 0 records in RAM.
INFO	2026-02-13 13:01:43	MarkDuplicates	Read    15,000,000 records.  Elapsed time: 00:00:30s.  Time for last 1,000,000:    2s.  Last read position: chr11:120,345,858
INFO	2026-02-13 13:01:43	MarkDuplicates	Tracking 0 as yet unmatched pairs. 0 records in RAM.
INFO	2026-02-13 13:01:45	MarkDuplicates	Read    16,000,000 records.  Elapsed time: 00:00:32s.  Time for last 1,000,000:    1s.  Last read position: chr12:119,876,711
INFO	2026-02-13 13:01:45	MarkDuplicates	Tracking 0 as yet unmatched pairs. 0 records in RAM.
INFO	2026-02-13 13:01:47	MarkDuplicates	Read    17,000,000 records.  Elapsed time: 00:00:34s.  Time for last 1,000,000:    1s.  Last read position: chr14:7,006,769
INFO	2026-02-13 13:01:47	MarkDuplicates	Tracking 0 as yet unmatched pairs. 0 records in RAM.
INFO	2026-02-13 13:01:49	MarkDuplicates	Read    18,000,000 records.  Elapsed time: 00:00:36s.  Time for last 1,000,000:    1s.  Last read position: chr15:60,468,340
INFO	2026-02-13 13:01:49	MarkDuplicates	Tracking 0 as yet unmatched pairs. 0 records in RAM.
INFO	2026-02-13 13:01:51	MarkDuplicates	Read    19,000,000 records.  Elapsed time: 00:00:38s.  Time for last 1,000,000:    1s.  Last read position: chr16:16,819,789
INFO	2026-02-13 13:01:51	MarkDuplicates	Tracking 0 as yet unmatched pairs. 0 records in RAM.
INFO	2026-02-13 13:01:52	MarkDuplicates	Read    20,000,000 records.  Elapsed time: 00:00:40s.  Time for last 1,000,000:    1s.  Last read position: chr17:33,537,285
INFO	2026-02-13 13:01:52	MarkDuplicates	Tracking 0 as yet unmatched pairs. 0 records in RAM.
INFO	2026-02-13 13:01:55	MarkDuplicates	Read    21,000,000 records.  Elapsed time: 00:00:42s.  Time for last 1,000,000:    2s.  Last read position: chr18:46,790,281
INFO	2026-02-13 13:01:55	MarkDuplicates	Tracking 0 as yet unmatched pairs. 0 records in RAM.
INFO	2026-02-13 13:01:56	MarkDuplicates	Read    22,000,000 records.  Elapsed time: 00:00:43s.  Time for last 1,000,000:    1s.  Last read position: chr19:46,069,334
INFO	2026-02-13 13:01:56	MarkDuplicates	Tracking 0 as yet unmatched pairs. 0 records in RAM.
INFO	2026-02-13 13:01:58	MarkDuplicates	Read    23,000,000 records.  Elapsed time: 00:00:45s.  Time for last 1,000,000:    1s.  Last read position: chrX:73,919,985
INFO	2026-02-13 13:01:58	MarkDuplicates	Tracking 0 as yet unmatched pairs. 0 records in RAM.
INFO	2026-02-13 13:01:59	MarkDuplicates	Read 23606652 records. 0 pairs never matched.
INFO	2026-02-13 13:02:00	MarkDuplicates	After buildSortedReadEndLists freeMemory: 5552239296; totalMemory: 7801405440; maxMemory: 32178700288
INFO	2026-02-13 13:02:00	MarkDuplicates	Will retain up to 1005584384 duplicate indices before spilling to disk.
INFO	2026-02-13 13:02:01	MarkDuplicates	Traversing read pair information and detecting duplicates.
INFO	2026-02-13 13:02:01	MarkDuplicates	Traversing fragment information and detecting duplicates.
INFO	2026-02-13 13:02:02	MarkDuplicates	Sorting list of duplicate records.
INFO	2026-02-13 13:02:03	MarkDuplicates	After generateDuplicateIndexes freeMemory: 8861676224; totalMemory: 16944988160; maxMemory: 32178700288
INFO	2026-02-13 13:02:03	MarkDuplicates	Marking 7996491 records as duplicates.
INFO	2026-02-13 13:02:03	MarkDuplicates	Found 0 optical duplicate clusters.
WARNING: BAM index file /n/projects/mw2098/publications/2024_weilert_acc/code/1_processing/bam/Bunina_mesc_rna_day12_1.bam.bai is older than BAM /n/projects/mw2098/publications/2024_weilert_acc/code/1_processing/bam/Bunina_mesc_rna_day12_1.bam
INFO	2026-02-13 13:02:03	MarkDuplicates	Reads are assumed to be ordered by: coordinate
INFO	2026-02-13 13:02:44	MarkDuplicates	Written    10,000,000 records.  Elapsed time: 00:00:40s.  Time for last 10,000,000:   40s.  Last read position: chr8:46,229,897
INFO	2026-02-13 13:03:26	MarkDuplicates	Written    20,000,000 records.  Elapsed time: 00:01:23s.  Time for last 10,000,000:   42s.  Last read position: chr17:33,537,285
INFO	2026-02-13 13:03:40	MarkDuplicates	Writing complete. Closing input iterator.
INFO	2026-02-13 13:03:40	MarkDuplicates	Duplicate Index cleanup.
INFO	2026-02-13 13:03:40	MarkDuplicates	Getting Memory Stats.
INFO	2026-02-13 13:03:40	MarkDuplicates	Before output close freeMemory: 641173432; totalMemory: 671088640; maxMemory: 32178700288
INFO	2026-02-13 13:03:41	MarkDuplicates	Closed outputs. Getting more Memory Stats.
INFO	2026-02-13 13:03:41	MarkDuplicates	After output close freeMemory: 309639400; totalMemory: 335544320; maxMemory: 32178700288
[Fri Feb 13 13:03:41 CST 2026] picard.sam.markduplicates.MarkDuplicates done. Elapsed time: 2.47 minutes.
Runtime.totalMemory()=335544320
Reading single ended ATAC-seq BAM: /n/projects/mw2098/publications/2024_weilert_acc/code/1_processing/bam/Bunina_mesc_rna_day12_1.bam
[] 23606652 fragments read. If deduplicate==T, then these are duplicates. If not, these are raw reads.
Warning message:
In valid.GenomicRanges.seqinfo(x, suggest.trim = TRUE) :
  GRanges object contains 12 out-of-bound ranges located on sequences
  chrM and chrUn_GL456370. Note that ranges located on a sequence whose
  length is unknown (NA) or on a circular sequence are not considered
  out-of-bound (use seqlengths() and isCircular() to get the lengths and
  circularity flags of the underlying sequences). You can use trim() to
  trim these ranges. See ?`trim,GenomicRanges-method` for more
  information.
Filtering by fragment size. Max = 600, Min = 10
[] 23606652 fragments within size restrictions.
[] Saving 23606652 fragments...
Saving .granges.rds file as: /n/projects/mw2098/publications/2024_weilert_acc/code/1_processing/rdata/Bunina_mesc_rna_day12_1.granges.rds
[1] TRUE
Saving .bw file as: /n/projects/mw2098/publications/2024_weilert_acc/code/1_processing/bw/Bunina_mesc_rna_day12_1.bw
Done! =)
[Fri Feb 13 13:06:04 2026]
Finished job 0.
1 of 1 steps (100%) done
