Building DAG of jobs...
Using shell: /usr/bin/bash
Provided cores: 16
Rules claiming more threads will be scaled down.
Provided resources: mem_mb=500000, mem_mib=476838, disk_mb=500000, disk_mib=476838, cpus_per_task=16
Select jobs to execute...

[Fri Feb 13 13:02:50 2026]
Job 0: Computing coverage of .bam file...
Reason: Forced execution

INFO	2026-02-13 13:02:50	MarkDuplicates	

********** NOTE: Picard's command line syntax is changing.
**********
********** For more information, please see:
********** https://github.com/broadinstitute/picard/wiki/Command-Line-Syntax-Transition-For-Users-(Pre-Transition)
**********
********** The command line looks like this in the new syntax:
**********
**********    MarkDuplicates -I /n/projects/mw2098/publications/2024_weilert_acc/code/1_processing/bam/Bunina_mesc_rna_day0_1.bam -O /n/projects/mw2098/publications/2024_weilert_acc/code/1_processing/bam/Bunina_mesc_rna_day0_1.bam.temp.bam -M /n/projects/mw2098/publications/2024_weilert_acc/code/1_processing/bam/Bunina_mesc_rna_day0_1.dedup.txt -ASSUME_SORT_ORDER coordinate -TMP_DIR /n/projects/mw2098/publications/2024_weilert_acc/code/1_processing/tmp/
**********


13:02:50.861 INFO  NativeLibraryLoader - Loading libgkl_compression.so from jar:file:/n/projects/mw2098/publications/2024_weilert_acc/public/software/picard/picard_v2.23.8.jar!/com/intel/gkl/native/libgkl_compression.so
[Fri Feb 13 13:02:50 CST 2026] MarkDuplicates INPUT=[/n/projects/mw2098/publications/2024_weilert_acc/code/1_processing/bam/Bunina_mesc_rna_day0_1.bam] OUTPUT=/n/projects/mw2098/publications/2024_weilert_acc/code/1_processing/bam/Bunina_mesc_rna_day0_1.bam.temp.bam METRICS_FILE=/n/projects/mw2098/publications/2024_weilert_acc/code/1_processing/bam/Bunina_mesc_rna_day0_1.dedup.txt ASSUME_SORT_ORDER=coordinate TMP_DIR=[/n/projects/mw2098/publications/2024_weilert_acc/code/1_processing/tmp]    MAX_SEQUENCES_FOR_DISK_READ_ENDS_MAP=50000 MAX_FILE_HANDLES_FOR_READ_ENDS_MAP=8000 SORTING_COLLECTION_SIZE_RATIO=0.25 TAG_DUPLICATE_SET_MEMBERS=false REMOVE_SEQUENCING_DUPLICATES=false TAGGING_POLICY=DontTag CLEAR_DT=true DUPLEX_UMI=false ADD_PG_TAG_TO_READS=true REMOVE_DUPLICATES=false ASSUME_SORTED=false DUPLICATE_SCORING_STRATEGY=SUM_OF_BASE_QUALITIES PROGRAM_RECORD_ID=MarkDuplicates PROGRAM_GROUP_NAME=MarkDuplicates READ_NAME_REGEX=<optimized capture of last three ':' separated fields as numeric values> OPTICAL_DUPLICATE_PIXEL_DISTANCE=100 MAX_OPTICAL_DUPLICATE_SET_SIZE=300000 VERBOSITY=INFO QUIET=false VALIDATION_STRINGENCY=STRICT COMPRESSION_LEVEL=5 MAX_RECORDS_IN_RAM=500000 CREATE_INDEX=false CREATE_MD5_FILE=false GA4GH_CLIENT_SECRETS=client_secrets.json USE_JDK_DEFLATER=false USE_JDK_INFLATER=false
[Fri Feb 13 13:02:50 CST 2026] Executing as mw2098@cerebro114 on Linux 5.14.0-570.49.1.el9_6.x86_64 amd64; OpenJDK 64-Bit Server VM 17.0.16+8-LTS; Deflater: Intel; Inflater: Intel; Provider GCS is not available; Picard version: 2.23.8
INFO	2026-02-13 13:02:50	MarkDuplicates	Start of doWork freeMemory: 263270272; totalMemory: 285212672; maxMemory: 32178700288
INFO	2026-02-13 13:02:50	MarkDuplicates	Reading input file and constructing read end information.
INFO	2026-02-13 13:02:50	MarkDuplicates	Will retain up to 116589493 data points before spilling to disk.
WARNING: BAM index file /n/projects/mw2098/publications/2024_weilert_acc/code/1_processing/bam/Bunina_mesc_rna_day0_1.bam.bai is older than BAM /n/projects/mw2098/publications/2024_weilert_acc/code/1_processing/bam/Bunina_mesc_rna_day0_1.bam
WARNING	2026-02-13 13:02:51	AbstractOpticalDuplicateFinderCommandLineProgram	A field field parsed out of a read name was expected to contain an integer and did not. Read name: ERR3453517.5324385. Cause: String 'ERR3453517.5324385' did not start with a parsable number.
INFO	2026-02-13 13:02:53	MarkDuplicates	Read     1,000,000 records.  Elapsed time: 00:00:02s.  Time for last 1,000,000:    2s.  Last read position: chr1:89,097,573
INFO	2026-02-13 13:02:53	MarkDuplicates	Tracking 0 as yet unmatched pairs. 0 records in RAM.
INFO	2026-02-13 13:02:55	MarkDuplicates	Read     2,000,000 records.  Elapsed time: 00:00:04s.  Time for last 1,000,000:    2s.  Last read position: chr2:13,574,971
INFO	2026-02-13 13:02:55	MarkDuplicates	Tracking 0 as yet unmatched pairs. 0 records in RAM.
INFO	2026-02-13 13:02:57	MarkDuplicates	Read     3,000,000 records.  Elapsed time: 00:00:06s.  Time for last 1,000,000:    1s.  Last read position: chr2:80,837,117
INFO	2026-02-13 13:02:57	MarkDuplicates	Tracking 0 as yet unmatched pairs. 0 records in RAM.
INFO	2026-02-13 13:02:59	MarkDuplicates	Read     4,000,000 records.  Elapsed time: 00:00:08s.  Time for last 1,000,000:    2s.  Last read position: chr2:174,427,249
INFO	2026-02-13 13:02:59	MarkDuplicates	Tracking 0 as yet unmatched pairs. 0 records in RAM.
INFO	2026-02-13 13:03:01	MarkDuplicates	Read     5,000,000 records.  Elapsed time: 00:00:10s.  Time for last 1,000,000:    1s.  Last read position: chr3:90,126,928
INFO	2026-02-13 13:03:01	MarkDuplicates	Tracking 0 as yet unmatched pairs. 0 records in RAM.
INFO	2026-02-13 13:03:03	MarkDuplicates	Read     6,000,000 records.  Elapsed time: 00:00:11s.  Time for last 1,000,000:    1s.  Last read position: chr4:44,123,708
INFO	2026-02-13 13:03:03	MarkDuplicates	Tracking 0 as yet unmatched pairs. 0 records in RAM.
INFO	2026-02-13 13:03:05	MarkDuplicates	Read     7,000,000 records.  Elapsed time: 00:00:14s.  Time for last 1,000,000:    2s.  Last read position: chr4:136,051,637
INFO	2026-02-13 13:03:05	MarkDuplicates	Tracking 0 as yet unmatched pairs. 0 records in RAM.
INFO	2026-02-13 13:03:07	MarkDuplicates	Read     8,000,000 records.  Elapsed time: 00:00:15s.  Time for last 1,000,000:    1s.  Last read position: chr5:65,389,106
INFO	2026-02-13 13:03:07	MarkDuplicates	Tracking 0 as yet unmatched pairs. 0 records in RAM.
INFO	2026-02-13 13:03:09	MarkDuplicates	Read     9,000,000 records.  Elapsed time: 00:00:17s.  Time for last 1,000,000:    1s.  Last read position: chr5:135,382,057
INFO	2026-02-13 13:03:09	MarkDuplicates	Tracking 0 as yet unmatched pairs. 0 records in RAM.
INFO	2026-02-13 13:03:11	MarkDuplicates	Read    10,000,000 records.  Elapsed time: 00:00:19s.  Time for last 1,000,000:    1s.  Last read position: chr6:65,083,911
INFO	2026-02-13 13:03:11	MarkDuplicates	Tracking 0 as yet unmatched pairs. 0 records in RAM.
INFO	2026-02-13 13:03:12	MarkDuplicates	Read    11,000,000 records.  Elapsed time: 00:00:21s.  Time for last 1,000,000:    1s.  Last read position: chr6:145,932,968
INFO	2026-02-13 13:03:12	MarkDuplicates	Tracking 0 as yet unmatched pairs. 0 records in RAM.
INFO	2026-02-13 13:03:14	MarkDuplicates	Read    12,000,000 records.  Elapsed time: 00:00:23s.  Time for last 1,000,000:    2s.  Last read position: chr7:46,820,599
INFO	2026-02-13 13:03:14	MarkDuplicates	Tracking 0 as yet unmatched pairs. 0 records in RAM.
INFO	2026-02-13 13:03:16	MarkDuplicates	Read    13,000,000 records.  Elapsed time: 00:00:25s.  Time for last 1,000,000:    1s.  Last read position: chr7:141,448,745
INFO	2026-02-13 13:03:16	MarkDuplicates	Tracking 0 as yet unmatched pairs. 0 records in RAM.
INFO	2026-02-13 13:03:18	MarkDuplicates	Read    14,000,000 records.  Elapsed time: 00:00:27s.  Time for last 1,000,000:    1s.  Last read position: chr8:100,031,884
INFO	2026-02-13 13:03:18	MarkDuplicates	Tracking 0 as yet unmatched pairs. 0 records in RAM.
INFO	2026-02-13 13:03:20	MarkDuplicates	Read    15,000,000 records.  Elapsed time: 00:00:29s.  Time for last 1,000,000:    1s.  Last read position: chr9:53,689,657
INFO	2026-02-13 13:03:20	MarkDuplicates	Tracking 0 as yet unmatched pairs. 0 records in RAM.
INFO	2026-02-13 13:03:22	MarkDuplicates	Read    16,000,000 records.  Elapsed time: 00:00:31s.  Time for last 1,000,000:    1s.  Last read position: chr9:96,333,690
INFO	2026-02-13 13:03:22	MarkDuplicates	Tracking 0 as yet unmatched pairs. 0 records in RAM.
INFO	2026-02-13 13:03:24	MarkDuplicates	Read    17,000,000 records.  Elapsed time: 00:00:33s.  Time for last 1,000,000:    1s.  Last read position: chr10:62,580,431
INFO	2026-02-13 13:03:24	MarkDuplicates	Tracking 0 as yet unmatched pairs. 0 records in RAM.
INFO	2026-02-13 13:03:26	MarkDuplicates	Read    18,000,000 records.  Elapsed time: 00:00:35s.  Time for last 1,000,000:    2s.  Last read position: chr11:5,876,712
INFO	2026-02-13 13:03:26	MarkDuplicates	Tracking 0 as yet unmatched pairs. 0 records in RAM.
INFO	2026-02-13 13:03:28	MarkDuplicates	Read    19,000,000 records.  Elapsed time: 00:00:37s.  Time for last 1,000,000:    1s.  Last read position: chr11:70,661,533
INFO	2026-02-13 13:03:28	MarkDuplicates	Tracking 0 as yet unmatched pairs. 0 records in RAM.
INFO	2026-02-13 13:03:30	MarkDuplicates	Read    20,000,000 records.  Elapsed time: 00:00:39s.  Time for last 1,000,000:    2s.  Last read position: chr11:109,011,959
INFO	2026-02-13 13:03:30	MarkDuplicates	Tracking 0 as yet unmatched pairs. 0 records in RAM.
INFO	2026-02-13 13:03:32	MarkDuplicates	Read    21,000,000 records.  Elapsed time: 00:00:41s.  Time for last 1,000,000:    1s.  Last read position: chr12:85,440,928
INFO	2026-02-13 13:03:32	MarkDuplicates	Tracking 0 as yet unmatched pairs. 0 records in RAM.
INFO	2026-02-13 13:03:34	MarkDuplicates	Read    22,000,000 records.  Elapsed time: 00:00:43s.  Time for last 1,000,000:    1s.  Last read position: chr13:65,417,512
INFO	2026-02-13 13:03:34	MarkDuplicates	Tracking 0 as yet unmatched pairs. 0 records in RAM.
INFO	2026-02-13 13:03:36	MarkDuplicates	Read    23,000,000 records.  Elapsed time: 00:00:45s.  Time for last 1,000,000:    1s.  Last read position: chr14:32,220,631
INFO	2026-02-13 13:03:36	MarkDuplicates	Tracking 0 as yet unmatched pairs. 0 records in RAM.
INFO	2026-02-13 13:03:38	MarkDuplicates	Read    24,000,000 records.  Elapsed time: 00:00:47s.  Time for last 1,000,000:    1s.  Last read position: chr15:37,943,458
INFO	2026-02-13 13:03:38	MarkDuplicates	Tracking 0 as yet unmatched pairs. 0 records in RAM.
INFO	2026-02-13 13:03:40	MarkDuplicates	Read    25,000,000 records.  Elapsed time: 00:00:48s.  Time for last 1,000,000:    1s.  Last read position: chr15:102,483,198
INFO	2026-02-13 13:03:40	MarkDuplicates	Tracking 0 as yet unmatched pairs. 0 records in RAM.
INFO	2026-02-13 13:03:41	MarkDuplicates	Read    26,000,000 records.  Elapsed time: 00:00:50s.  Time for last 1,000,000:    1s.  Last read position: chr16:57,391,468
INFO	2026-02-13 13:03:41	MarkDuplicates	Tracking 0 as yet unmatched pairs. 0 records in RAM.
INFO	2026-02-13 13:03:43	MarkDuplicates	Read    27,000,000 records.  Elapsed time: 00:00:52s.  Time for last 1,000,000:    1s.  Last read position: chr17:33,952,224
INFO	2026-02-13 13:03:43	MarkDuplicates	Tracking 0 as yet unmatched pairs. 0 records in RAM.
INFO	2026-02-13 13:03:45	MarkDuplicates	Read    28,000,000 records.  Elapsed time: 00:00:54s.  Time for last 1,000,000:    2s.  Last read position: chr17:39,848,005
INFO	2026-02-13 13:03:45	MarkDuplicates	Tracking 0 as yet unmatched pairs. 0 records in RAM.
INFO	2026-02-13 13:03:47	MarkDuplicates	Read    29,000,000 records.  Elapsed time: 00:00:56s.  Time for last 1,000,000:    2s.  Last read position: chr18:42,536,344
INFO	2026-02-13 13:03:47	MarkDuplicates	Tracking 0 as yet unmatched pairs. 0 records in RAM.
INFO	2026-02-13 13:03:49	MarkDuplicates	Read    30,000,000 records.  Elapsed time: 00:00:58s.  Time for last 1,000,000:    1s.  Last read position: chr19:10,622,405
INFO	2026-02-13 13:03:49	MarkDuplicates	Tracking 0 as yet unmatched pairs. 0 records in RAM.
INFO	2026-02-13 13:03:51	MarkDuplicates	Read    31,000,000 records.  Elapsed time: 00:01:00s.  Time for last 1,000,000:    1s.  Last read position: chrX:8,047,249
INFO	2026-02-13 13:03:51	MarkDuplicates	Tracking 0 as yet unmatched pairs. 0 records in RAM.
INFO	2026-02-13 13:03:53	MarkDuplicates	Read    32,000,000 records.  Elapsed time: 00:01:02s.  Time for last 1,000,000:    1s.  Last read position: chrX:152,909,715
INFO	2026-02-13 13:03:53	MarkDuplicates	Tracking 0 as yet unmatched pairs. 0 records in RAM.
INFO	2026-02-13 13:03:53	MarkDuplicates	Read 32214399 records. 0 pairs never matched.
INFO	2026-02-13 13:03:53	MarkDuplicates	After buildSortedReadEndLists freeMemory: 4172220264; totalMemory: 6593445888; maxMemory: 32178700288
INFO	2026-02-13 13:03:53	MarkDuplicates	Will retain up to 1005584384 duplicate indices before spilling to disk.
INFO	2026-02-13 13:03:55	MarkDuplicates	Traversing read pair information and detecting duplicates.
INFO	2026-02-13 13:03:55	MarkDuplicates	Traversing fragment information and detecting duplicates.
INFO	2026-02-13 13:03:56	MarkDuplicates	Sorting list of duplicate records.
INFO	2026-02-13 13:03:57	MarkDuplicates	After generateDuplicateIndexes freeMemory: 9180443200; totalMemory: 17263755264; maxMemory: 32178700288
INFO	2026-02-13 13:03:57	MarkDuplicates	Marking 11654130 records as duplicates.
INFO	2026-02-13 13:03:57	MarkDuplicates	Found 0 optical duplicate clusters.
WARNING: BAM index file /n/projects/mw2098/publications/2024_weilert_acc/code/1_processing/bam/Bunina_mesc_rna_day0_1.bam.bai is older than BAM /n/projects/mw2098/publications/2024_weilert_acc/code/1_processing/bam/Bunina_mesc_rna_day0_1.bam
INFO	2026-02-13 13:03:57	MarkDuplicates	Reads are assumed to be ordered by: coordinate
INFO	2026-02-13 13:04:39	MarkDuplicates	Written    10,000,000 records.  Elapsed time: 00:00:42s.  Time for last 10,000,000:   42s.  Last read position: chr6:65,083,911
INFO	2026-02-13 13:05:21	MarkDuplicates	Written    20,000,000 records.  Elapsed time: 00:01:23s.  Time for last 10,000,000:   41s.  Last read position: chr11:109,011,959
INFO	2026-02-13 13:06:02	MarkDuplicates	Written    30,000,000 records.  Elapsed time: 00:02:05s.  Time for last 10,000,000:   41s.  Last read position: chr19:10,622,405
INFO	2026-02-13 13:06:11	MarkDuplicates	Writing complete. Closing input iterator.
INFO	2026-02-13 13:06:11	MarkDuplicates	Duplicate Index cleanup.
INFO	2026-02-13 13:06:11	MarkDuplicates	Getting Memory Stats.
INFO	2026-02-13 13:06:11	MarkDuplicates	Before output close freeMemory: 641160320; totalMemory: 671088640; maxMemory: 32178700288
INFO	2026-02-13 13:06:11	MarkDuplicates	Closed outputs. Getting more Memory Stats.
INFO	2026-02-13 13:06:11	MarkDuplicates	After output close freeMemory: 309634024; totalMemory: 335544320; maxMemory: 32178700288
[Fri Feb 13 13:06:11 CST 2026] picard.sam.markduplicates.MarkDuplicates done. Elapsed time: 3.35 minutes.
Runtime.totalMemory()=335544320
Reading single ended ATAC-seq BAM: /n/projects/mw2098/publications/2024_weilert_acc/code/1_processing/bam/Bunina_mesc_rna_day0_1.bam
[] 32214399 fragments read. If deduplicate==T, then these are duplicates. If not, these are raw reads.
Warning message:
In valid.GenomicRanges.seqinfo(x, suggest.trim = TRUE) :
  GRanges object contains 12 out-of-bound ranges located on sequences
  chrM, chr1_GL456212_random, and chrUn_GL456370. Note that ranges
  located on a sequence whose length is unknown (NA) or on a circular
  sequence are not considered out-of-bound (use seqlengths() and
  isCircular() to get the lengths and circularity flags of the underlying
  sequences). You can use trim() to trim these ranges. See
  ?`trim,GenomicRanges-method` for more information.
Filtering by fragment size. Max = 600, Min = 10
[] 32214399 fragments within size restrictions.
[] Saving 32214399 fragments...
Saving .granges.rds file as: /n/projects/mw2098/publications/2024_weilert_acc/code/1_processing/rdata/Bunina_mesc_rna_day0_1.granges.rds
[1] TRUE
Saving .bw file as: /n/projects/mw2098/publications/2024_weilert_acc/code/1_processing/bw/Bunina_mesc_rna_day0_1.bw
Done! =)
[Fri Feb 13 13:09:01 2026]
Finished job 0.
1 of 1 steps (100%) done
