Building DAG of jobs...
Using shell: /usr/bin/bash
Provided cores: 16
Rules claiming more threads will be scaled down.
Provided resources: mem_mb=500000, mem_mib=476838, disk_mb=500000, disk_mib=476838, cpus_per_task=16
Select jobs to execute...

[Fri Feb 13 13:02:51 2026]
Job 0: Computing coverage of .bam file...
Reason: Forced execution

INFO	2026-02-13 13:02:51	MarkDuplicates	

********** NOTE: Picard's command line syntax is changing.
**********
********** For more information, please see:
********** https://github.com/broadinstitute/picard/wiki/Command-Line-Syntax-Transition-For-Users-(Pre-Transition)
**********
********** The command line looks like this in the new syntax:
**********
**********    MarkDuplicates -I /n/projects/mw2098/publications/2024_weilert_acc/code/1_processing/bam/Bunina_mesc_rna_day0_2.bam -O /n/projects/mw2098/publications/2024_weilert_acc/code/1_processing/bam/Bunina_mesc_rna_day0_2.bam.temp.bam -M /n/projects/mw2098/publications/2024_weilert_acc/code/1_processing/bam/Bunina_mesc_rna_day0_2.dedup.txt -ASSUME_SORT_ORDER coordinate -TMP_DIR /n/projects/mw2098/publications/2024_weilert_acc/code/1_processing/tmp/
**********


13:02:51.886 INFO  NativeLibraryLoader - Loading libgkl_compression.so from jar:file:/n/projects/mw2098/publications/2024_weilert_acc/public/software/picard/picard_v2.23.8.jar!/com/intel/gkl/native/libgkl_compression.so
[Fri Feb 13 13:02:51 CST 2026] MarkDuplicates INPUT=[/n/projects/mw2098/publications/2024_weilert_acc/code/1_processing/bam/Bunina_mesc_rna_day0_2.bam] OUTPUT=/n/projects/mw2098/publications/2024_weilert_acc/code/1_processing/bam/Bunina_mesc_rna_day0_2.bam.temp.bam METRICS_FILE=/n/projects/mw2098/publications/2024_weilert_acc/code/1_processing/bam/Bunina_mesc_rna_day0_2.dedup.txt ASSUME_SORT_ORDER=coordinate TMP_DIR=[/n/projects/mw2098/publications/2024_weilert_acc/code/1_processing/tmp]    MAX_SEQUENCES_FOR_DISK_READ_ENDS_MAP=50000 MAX_FILE_HANDLES_FOR_READ_ENDS_MAP=8000 SORTING_COLLECTION_SIZE_RATIO=0.25 TAG_DUPLICATE_SET_MEMBERS=false REMOVE_SEQUENCING_DUPLICATES=false TAGGING_POLICY=DontTag CLEAR_DT=true DUPLEX_UMI=false ADD_PG_TAG_TO_READS=true REMOVE_DUPLICATES=false ASSUME_SORTED=false DUPLICATE_SCORING_STRATEGY=SUM_OF_BASE_QUALITIES PROGRAM_RECORD_ID=MarkDuplicates PROGRAM_GROUP_NAME=MarkDuplicates READ_NAME_REGEX=<optimized capture of last three ':' separated fields as numeric values> OPTICAL_DUPLICATE_PIXEL_DISTANCE=100 MAX_OPTICAL_DUPLICATE_SET_SIZE=300000 VERBOSITY=INFO QUIET=false VALIDATION_STRINGENCY=STRICT COMPRESSION_LEVEL=5 MAX_RECORDS_IN_RAM=500000 CREATE_INDEX=false CREATE_MD5_FILE=false GA4GH_CLIENT_SECRETS=client_secrets.json USE_JDK_DEFLATER=false USE_JDK_INFLATER=false
[Fri Feb 13 13:02:51 CST 2026] Executing as mw2098@cerebro109 on Linux 5.14.0-570.49.1.el9_6.x86_64 amd64; OpenJDK 64-Bit Server VM 17.0.16+8-LTS; Deflater: Intel; Inflater: Intel; Provider GCS is not available; Picard version: 2.23.8
INFO	2026-02-13 13:02:51	MarkDuplicates	Start of doWork freeMemory: 262934704; totalMemory: 285212672; maxMemory: 32178700288
INFO	2026-02-13 13:02:51	MarkDuplicates	Reading input file and constructing read end information.
INFO	2026-02-13 13:02:51	MarkDuplicates	Will retain up to 116589493 data points before spilling to disk.
WARNING: BAM index file /n/projects/mw2098/publications/2024_weilert_acc/code/1_processing/bam/Bunina_mesc_rna_day0_2.bam.bai is older than BAM /n/projects/mw2098/publications/2024_weilert_acc/code/1_processing/bam/Bunina_mesc_rna_day0_2.bam
WARNING	2026-02-13 13:02:52	AbstractOpticalDuplicateFinderCommandLineProgram	A field field parsed out of a read name was expected to contain an integer and did not. Read name: ERR3453526.21650737. Cause: String 'ERR3453526.21650737' did not start with a parsable number.
INFO	2026-02-13 13:02:54	MarkDuplicates	Read     1,000,000 records.  Elapsed time: 00:00:02s.  Time for last 1,000,000:    2s.  Last read position: chr1:97,024,719
INFO	2026-02-13 13:02:54	MarkDuplicates	Tracking 0 as yet unmatched pairs. 0 records in RAM.
INFO	2026-02-13 13:02:56	MarkDuplicates	Read     2,000,000 records.  Elapsed time: 00:00:04s.  Time for last 1,000,000:    1s.  Last read position: chr2:5,379,290
INFO	2026-02-13 13:02:56	MarkDuplicates	Tracking 0 as yet unmatched pairs. 0 records in RAM.
INFO	2026-02-13 13:02:58	MarkDuplicates	Read     3,000,000 records.  Elapsed time: 00:00:05s.  Time for last 1,000,000:    1s.  Last read position: chr2:66,197,674
INFO	2026-02-13 13:02:58	MarkDuplicates	Tracking 0 as yet unmatched pairs. 0 records in RAM.
INFO	2026-02-13 13:03:00	MarkDuplicates	Read     4,000,000 records.  Elapsed time: 00:00:08s.  Time for last 1,000,000:    2s.  Last read position: chr2:167,204,577
INFO	2026-02-13 13:03:00	MarkDuplicates	Tracking 0 as yet unmatched pairs. 0 records in RAM.
INFO	2026-02-13 13:03:01	MarkDuplicates	Read     5,000,000 records.  Elapsed time: 00:00:09s.  Time for last 1,000,000:    1s.  Last read position: chr3:83,124,124
INFO	2026-02-13 13:03:01	MarkDuplicates	Tracking 0 as yet unmatched pairs. 0 records in RAM.
INFO	2026-02-13 13:03:03	MarkDuplicates	Read     6,000,000 records.  Elapsed time: 00:00:11s.  Time for last 1,000,000:    1s.  Last read position: chr4:38,664,802
INFO	2026-02-13 13:03:03	MarkDuplicates	Tracking 0 as yet unmatched pairs. 0 records in RAM.
INFO	2026-02-13 13:03:05	MarkDuplicates	Read     7,000,000 records.  Elapsed time: 00:00:13s.  Time for last 1,000,000:    2s.  Last read position: chr4:136,559,173
INFO	2026-02-13 13:03:05	MarkDuplicates	Tracking 0 as yet unmatched pairs. 0 records in RAM.
INFO	2026-02-13 13:03:07	MarkDuplicates	Read     8,000,000 records.  Elapsed time: 00:00:15s.  Time for last 1,000,000:    1s.  Last read position: chr5:86,998,107
INFO	2026-02-13 13:03:07	MarkDuplicates	Tracking 0 as yet unmatched pairs. 0 records in RAM.
INFO	2026-02-13 13:03:09	MarkDuplicates	Read     9,000,000 records.  Elapsed time: 00:00:17s.  Time for last 1,000,000:    1s.  Last read position: chr5:146,261,038
INFO	2026-02-13 13:03:09	MarkDuplicates	Tracking 0 as yet unmatched pairs. 0 records in RAM.
INFO	2026-02-13 13:03:11	MarkDuplicates	Read    10,000,000 records.  Elapsed time: 00:00:19s.  Time for last 1,000,000:    1s.  Last read position: chr6:47,523,759
INFO	2026-02-13 13:03:11	MarkDuplicates	Tracking 0 as yet unmatched pairs. 0 records in RAM.
INFO	2026-02-13 13:03:13	MarkDuplicates	Read    11,000,000 records.  Elapsed time: 00:00:21s.  Time for last 1,000,000:    1s.  Last read position: chr6:140,747,099
INFO	2026-02-13 13:03:13	MarkDuplicates	Tracking 0 as yet unmatched pairs. 0 records in RAM.
INFO	2026-02-13 13:03:15	MarkDuplicates	Read    12,000,000 records.  Elapsed time: 00:00:23s.  Time for last 1,000,000:    2s.  Last read position: chr7:45,325,177
INFO	2026-02-13 13:03:15	MarkDuplicates	Tracking 0 as yet unmatched pairs. 0 records in RAM.
INFO	2026-02-13 13:03:17	MarkDuplicates	Read    13,000,000 records.  Elapsed time: 00:00:25s.  Time for last 1,000,000:    2s.  Last read position: chr7:140,897,468
INFO	2026-02-13 13:03:17	MarkDuplicates	Tracking 0 as yet unmatched pairs. 0 records in RAM.
INFO	2026-02-13 13:03:19	MarkDuplicates	Read    14,000,000 records.  Elapsed time: 00:00:27s.  Time for last 1,000,000:    1s.  Last read position: chr8:85,111,900
INFO	2026-02-13 13:03:19	MarkDuplicates	Tracking 0 as yet unmatched pairs. 0 records in RAM.
INFO	2026-02-13 13:03:21	MarkDuplicates	Read    15,000,000 records.  Elapsed time: 00:00:29s.  Time for last 1,000,000:    1s.  Last read position: chr9:45,953,221
INFO	2026-02-13 13:03:21	MarkDuplicates	Tracking 0 as yet unmatched pairs. 0 records in RAM.
INFO	2026-02-13 13:03:23	MarkDuplicates	Read    16,000,000 records.  Elapsed time: 00:00:30s.  Time for last 1,000,000:    1s.  Last read position: chr9:84,424,345
INFO	2026-02-13 13:03:23	MarkDuplicates	Tracking 0 as yet unmatched pairs. 0 records in RAM.
INFO	2026-02-13 13:03:24	MarkDuplicates	Read    17,000,000 records.  Elapsed time: 00:00:32s.  Time for last 1,000,000:    1s.  Last read position: chr10:31,250,661
INFO	2026-02-13 13:03:24	MarkDuplicates	Tracking 0 as yet unmatched pairs. 0 records in RAM.
INFO	2026-02-13 13:03:27	MarkDuplicates	Read    18,000,000 records.  Elapsed time: 00:00:34s.  Time for last 1,000,000:    2s.  Last read position: chr10:130,592,237
INFO	2026-02-13 13:03:27	MarkDuplicates	Tracking 0 as yet unmatched pairs. 0 records in RAM.
INFO	2026-02-13 13:03:29	MarkDuplicates	Read    19,000,000 records.  Elapsed time: 00:00:36s.  Time for last 1,000,000:    1s.  Last read position: chr11:72,390,444
INFO	2026-02-13 13:03:29	MarkDuplicates	Tracking 0 as yet unmatched pairs. 0 records in RAM.
INFO	2026-02-13 13:03:31	MarkDuplicates	Read    20,000,000 records.  Elapsed time: 00:00:38s.  Time for last 1,000,000:    2s.  Last read position: chr11:109,011,887
INFO	2026-02-13 13:03:31	MarkDuplicates	Tracking 0 as yet unmatched pairs. 0 records in RAM.
INFO	2026-02-13 13:03:33	MarkDuplicates	Read    21,000,000 records.  Elapsed time: 00:00:40s.  Time for last 1,000,000:    1s.  Last read position: chr12:80,108,540
INFO	2026-02-13 13:03:33	MarkDuplicates	Tracking 0 as yet unmatched pairs. 0 records in RAM.
INFO	2026-02-13 13:03:34	MarkDuplicates	Read    22,000,000 records.  Elapsed time: 00:00:42s.  Time for last 1,000,000:    1s.  Last read position: chr13:44,869,941
INFO	2026-02-13 13:03:34	MarkDuplicates	Tracking 0 as yet unmatched pairs. 0 records in RAM.
INFO	2026-02-13 13:03:36	MarkDuplicates	Read    23,000,000 records.  Elapsed time: 00:00:44s.  Time for last 1,000,000:    1s.  Last read position: chr14:8,799,847
INFO	2026-02-13 13:03:36	MarkDuplicates	Tracking 0 as yet unmatched pairs. 0 records in RAM.
INFO	2026-02-13 13:03:38	MarkDuplicates	Read    24,000,000 records.  Elapsed time: 00:00:46s.  Time for last 1,000,000:    1s.  Last read position: chr14:120,938,894
INFO	2026-02-13 13:03:38	MarkDuplicates	Tracking 0 as yet unmatched pairs. 0 records in RAM.
INFO	2026-02-13 13:03:40	MarkDuplicates	Read    25,000,000 records.  Elapsed time: 00:00:48s.  Time for last 1,000,000:    1s.  Last read position: chr15:86,195,184
INFO	2026-02-13 13:03:40	MarkDuplicates	Tracking 0 as yet unmatched pairs. 0 records in RAM.
INFO	2026-02-13 13:03:42	MarkDuplicates	Read    26,000,000 records.  Elapsed time: 00:00:49s.  Time for last 1,000,000:    1s.  Last read position: chr16:20,822,585
INFO	2026-02-13 13:03:42	MarkDuplicates	Tracking 0 as yet unmatched pairs. 0 records in RAM.
INFO	2026-02-13 13:03:43	MarkDuplicates	Read    27,000,000 records.  Elapsed time: 00:00:51s.  Time for last 1,000,000:    1s.  Last read position: chr16:91,633,664
INFO	2026-02-13 13:03:43	MarkDuplicates	Tracking 0 as yet unmatched pairs. 0 records in RAM.
INFO	2026-02-13 13:03:45	MarkDuplicates	Read    28,000,000 records.  Elapsed time: 00:00:53s.  Time for last 1,000,000:    1s.  Last read position: chr17:39,843,861
INFO	2026-02-13 13:03:45	MarkDuplicates	Tracking 0 as yet unmatched pairs. 0 records in RAM.
INFO	2026-02-13 13:03:47	MarkDuplicates	Read    29,000,000 records.  Elapsed time: 00:00:55s.  Time for last 1,000,000:    1s.  Last read position: chr17:39,847,441
INFO	2026-02-13 13:03:47	MarkDuplicates	Tracking 0 as yet unmatched pairs. 0 records in RAM.
INFO	2026-02-13 13:03:49	MarkDuplicates	Read    30,000,000 records.  Elapsed time: 00:00:57s.  Time for last 1,000,000:    2s.  Last read position: chr17:47,782,512
INFO	2026-02-13 13:03:49	MarkDuplicates	Tracking 0 as yet unmatched pairs. 0 records in RAM.
INFO	2026-02-13 13:03:51	MarkDuplicates	Read    31,000,000 records.  Elapsed time: 00:00:59s.  Time for last 1,000,000:    1s.  Last read position: chr18:63,543,606
INFO	2026-02-13 13:03:51	MarkDuplicates	Tracking 0 as yet unmatched pairs. 0 records in RAM.
INFO	2026-02-13 13:03:53	MarkDuplicates	Read    32,000,000 records.  Elapsed time: 00:01:01s.  Time for last 1,000,000:    1s.  Last read position: chr19:29,026,276
INFO	2026-02-13 13:03:53	MarkDuplicates	Tracking 0 as yet unmatched pairs. 0 records in RAM.
INFO	2026-02-13 13:03:55	MarkDuplicates	Read    33,000,000 records.  Elapsed time: 00:01:02s.  Time for last 1,000,000:    1s.  Last read position: chrX:33,416,502
INFO	2026-02-13 13:03:55	MarkDuplicates	Tracking 0 as yet unmatched pairs. 0 records in RAM.
INFO	2026-02-13 13:03:56	MarkDuplicates	Read 33922246 records. 0 pairs never matched.
INFO	2026-02-13 13:03:57	MarkDuplicates	After buildSortedReadEndLists freeMemory: 4592764992; totalMemory: 7046430720; maxMemory: 32178700288
INFO	2026-02-13 13:03:57	MarkDuplicates	Will retain up to 1005584384 duplicate indices before spilling to disk.
INFO	2026-02-13 13:04:02	MarkDuplicates	Traversing read pair information and detecting duplicates.
INFO	2026-02-13 13:04:02	MarkDuplicates	Traversing fragment information and detecting duplicates.
INFO	2026-02-13 13:04:03	MarkDuplicates	Sorting list of duplicate records.
INFO	2026-02-13 13:04:04	MarkDuplicates	After generateDuplicateIndexes freeMemory: 9230774848; totalMemory: 17314086912; maxMemory: 32178700288
INFO	2026-02-13 13:04:04	MarkDuplicates	Marking 12956259 records as duplicates.
INFO	2026-02-13 13:04:04	MarkDuplicates	Found 0 optical duplicate clusters.
WARNING: BAM index file /n/projects/mw2098/publications/2024_weilert_acc/code/1_processing/bam/Bunina_mesc_rna_day0_2.bam.bai is older than BAM /n/projects/mw2098/publications/2024_weilert_acc/code/1_processing/bam/Bunina_mesc_rna_day0_2.bam
INFO	2026-02-13 13:04:04	MarkDuplicates	Reads are assumed to be ordered by: coordinate
INFO	2026-02-13 13:04:46	MarkDuplicates	Written    10,000,000 records.  Elapsed time: 00:00:42s.  Time for last 10,000,000:   42s.  Last read position: chr6:47,523,759
INFO	2026-02-13 13:05:28	MarkDuplicates	Written    20,000,000 records.  Elapsed time: 00:01:24s.  Time for last 10,000,000:   41s.  Last read position: chr11:109,011,887
INFO	2026-02-13 13:06:09	MarkDuplicates	Written    30,000,000 records.  Elapsed time: 00:02:05s.  Time for last 10,000,000:   41s.  Last read position: chr17:47,782,512
INFO	2026-02-13 13:06:25	MarkDuplicates	Writing complete. Closing input iterator.
INFO	2026-02-13 13:06:25	MarkDuplicates	Duplicate Index cleanup.
INFO	2026-02-13 13:06:25	MarkDuplicates	Getting Memory Stats.
INFO	2026-02-13 13:06:25	MarkDuplicates	Before output close freeMemory: 591494472; totalMemory: 620756992; maxMemory: 32178700288
INFO	2026-02-13 13:06:26	MarkDuplicates	Closed outputs. Getting more Memory Stats.
INFO	2026-02-13 13:06:26	MarkDuplicates	After output close freeMemory: 210308768; totalMemory: 234881024; maxMemory: 32178700288
[Fri Feb 13 13:06:26 CST 2026] picard.sam.markduplicates.MarkDuplicates done. Elapsed time: 3.58 minutes.
Runtime.totalMemory()=234881024
Reading single ended ATAC-seq BAM: /n/projects/mw2098/publications/2024_weilert_acc/code/1_processing/bam/Bunina_mesc_rna_day0_2.bam
[] 33922246 fragments read. If deduplicate==T, then these are duplicates. If not, these are raw reads.
Warning message:
In valid.GenomicRanges.seqinfo(x, suggest.trim = TRUE) :
  GRanges object contains 5 out-of-bound ranges located on sequence chrM.
  Note that ranges located on a sequence whose length is unknown (NA) or
  on a circular sequence are not considered out-of-bound (use
  seqlengths() and isCircular() to get the lengths and circularity flags
  of the underlying sequences). You can use trim() to trim these ranges.
  See ?`trim,GenomicRanges-method` for more information.
Filtering by fragment size. Max = 600, Min = 10
[] 33922246 fragments within size restrictions.
[] Saving 33922246 fragments...
Saving .granges.rds file as: /n/projects/mw2098/publications/2024_weilert_acc/code/1_processing/rdata/Bunina_mesc_rna_day0_2.granges.rds
[1] TRUE
Saving .bw file as: /n/projects/mw2098/publications/2024_weilert_acc/code/1_processing/bw/Bunina_mesc_rna_day0_2.bw
Done! =)
[Fri Feb 13 13:09:29 2026]
Finished job 0.
1 of 1 steps (100%) done
