Building DAG of jobs...
Using shell: /usr/bin/bash
Provided cores: 16
Rules claiming more threads will be scaled down.
Provided resources: mem_mb=500000, mem_mib=476838, disk_mb=500000, disk_mib=476838, cpus_per_task=16
Select jobs to execute...

[Fri Feb 13 12:47:48 2026]
Job 0: Running MACS2...
Reason: Forced execution

INFO  @ Fri, 13 Feb 2026 12:47:48: 
# Command line: callpeak -f BAMPE -t /n/projects/mw2098/publications/2024_weilert_acc/code/1_processing/bam/Bunina_mesc_atac_day0_1.bam --outdir /n/projects/mw2098/publications/2024_weilert_acc/code/1_processing/peaks -n Bunina_mesc_atac_day0_1
# ARGUMENTS LIST:
# name = Bunina_mesc_atac_day0_1
# format = BAMPE
# ChIP-seq file = ['/n/projects/mw2098/publications/2024_weilert_acc/code/1_processing/bam/Bunina_mesc_atac_day0_1.bam']
# control file = None
# effective genome size = 2.70e+09
# band width = 300
# model fold = [5, 50]
# qvalue cutoff = 5.00e-02
# The maximum gap between significant sites is assigned as the read length/tag size.
# The minimum length of peaks is assigned as the predicted fragment length "d".
# Larger dataset will be scaled towards smaller dataset.
# Range for calculating regional lambda is: 10000 bps
# Broad region calling is off
# Paired-End mode is on
 
INFO  @ Fri, 13 Feb 2026 12:47:48: #1 read fragment files... 
INFO  @ Fri, 13 Feb 2026 12:47:48: #1 read treatment fragments... 
INFO  @ Fri, 13 Feb 2026 12:47:51:  1000000 
INFO  @ Fri, 13 Feb 2026 12:47:55:  2000000 
INFO  @ Fri, 13 Feb 2026 12:47:59:  3000000 
INFO  @ Fri, 13 Feb 2026 12:48:03:  4000000 
INFO  @ Fri, 13 Feb 2026 12:48:07:  5000000 
INFO  @ Fri, 13 Feb 2026 12:48:10:  6000000 
INFO  @ Fri, 13 Feb 2026 12:48:14:  7000000 
INFO  @ Fri, 13 Feb 2026 12:48:18:  8000000 
INFO  @ Fri, 13 Feb 2026 12:48:22:  9000000 
INFO  @ Fri, 13 Feb 2026 12:48:26:  10000000 
INFO  @ Fri, 13 Feb 2026 12:48:30:  11000000 
INFO  @ Fri, 13 Feb 2026 12:48:34:  12000000 
INFO  @ Fri, 13 Feb 2026 12:48:37:  13000000 
INFO  @ Fri, 13 Feb 2026 12:48:41:  14000000 
INFO  @ Fri, 13 Feb 2026 12:48:44:  15000000 
INFO  @ Fri, 13 Feb 2026 12:48:47:  16000000 
INFO  @ Fri, 13 Feb 2026 12:48:50:  17000000 
INFO  @ Fri, 13 Feb 2026 12:48:54:  18000000 
INFO  @ Fri, 13 Feb 2026 12:48:57:  19000000 
INFO  @ Fri, 13 Feb 2026 12:49:00:  20000000 
INFO  @ Fri, 13 Feb 2026 12:49:02: 20319299 fragments have been read. 
INFO  @ Fri, 13 Feb 2026 12:49:15: #1 mean fragment size is determined as 159.9 bp from treatment 
INFO  @ Fri, 13 Feb 2026 12:49:15: #1 fragment size = 159.9 
INFO  @ Fri, 13 Feb 2026 12:49:15: #1  total fragments in treatment: 20319299 
INFO  @ Fri, 13 Feb 2026 12:49:15: #1 user defined the maximum fragments... 
INFO  @ Fri, 13 Feb 2026 12:49:15: #1 filter out redundant fragments by allowing at most 1 identical fragment(s) 
INFO  @ Fri, 13 Feb 2026 12:49:37: #1  fragments after filtering in treatment: 12204933 
INFO  @ Fri, 13 Feb 2026 12:49:37: #1  Redundant rate of treatment: 0.40 
INFO  @ Fri, 13 Feb 2026 12:49:37: #1 finished! 
INFO  @ Fri, 13 Feb 2026 12:49:37: #2 Build Peak Model... 
INFO  @ Fri, 13 Feb 2026 12:49:37: #2 Skipped... 
INFO  @ Fri, 13 Feb 2026 12:49:37: #3 Call peaks... 
INFO  @ Fri, 13 Feb 2026 12:49:37: #3 Pre-compute pvalue-qvalue table... 
INFO  @ Fri, 13 Feb 2026 12:50:12: #3 Call peaks for each chromosome... 
INFO  @ Fri, 13 Feb 2026 12:50:29: #4 Write output xls file... /n/projects/mw2098/publications/2024_weilert_acc/code/1_processing/peaks/Bunina_mesc_atac_day0_1_peaks.xls 
INFO  @ Fri, 13 Feb 2026 12:50:29: #4 Write peak in narrowPeak format file... /n/projects/mw2098/publications/2024_weilert_acc/code/1_processing/peaks/Bunina_mesc_atac_day0_1_peaks.narrowPeak 
INFO  @ Fri, 13 Feb 2026 12:50:29: #4 Write summits bed file... /n/projects/mw2098/publications/2024_weilert_acc/code/1_processing/peaks/Bunina_mesc_atac_day0_1_summits.bed 
INFO  @ Fri, 13 Feb 2026 12:50:30: Done! 
[Fri Feb 13 12:50:30 2026]
Finished job 0.
1 of 1 steps (100%) done
